W/BroadcastQueue( 1042): Permission Denial: broadcasting Intent { act=android.net.conn.CONNECTIVITY_CHANGE flg=0x4000010 (has extras) } from null (pid=-1, uid=-1) requires com.facebook.permission.prod.FB_APP_COMMUNICATION due to registered receiver BroadcastFilter{424aaf88 u0 ReceiverList{424aae68 3331 com.facebook.orca/10123/u0 remote:42dae088}}
I/ActivityManager( 1042): Killing 3044:com.qualcomm.qcrilmsgtunnel/1001 (adj 15): empty #9
I/ActivityManager( 1042): Start proc com.truecaller for broadcast com.truecaller/.service.BootReceiver: pid=3617 uid=10097 gids={50097, 3003, 1028, 1015, 3002, 3001}
D/UsbDeviceManager( 1042): MSG_USER_PRESENT
I/ActivityManager( 1042): Killing 3058:com.google.android.gm/u0a61 (adj 15): empty #9
I/ActivityManager( 1042): Killing 3113:com.motorola.camera/u0a31 (adj 15): empty #9
I/ActivityManager( 1042): Killing 2986:android.process.acore/u0a9 (adj 15): empty #9
V/NotificationService( 1042): notifications are disabled by AppOps for com.android.mms
E/NotificationService( 1042): Suppressing notification from package com.android.mms by user request.
V/NotificationService( 1042): notifications are disabled by AppOps for com.android.mms
E/NotificationService( 1042): Suppressing notification from package com.android.mms by user request.
I/ActivityManager( 1042): Killing 3158:com.motorola.bodyguard/u0a4 (adj 15): empty #9
I/SFPerfTracer(  259):      triggers: (rate: 0:0) (0 sw vsyncs) (0 skipped) (24:230 vsyncs) (26:1243)
I/SFPerfTracer(  259):      triggers: (rate: 4:146) (compose: 0:8) (post: 0:0) (render: 0:7) (23:201 frames) (24:1243)
D/SFPerfTracer(  259):        layers: (4:8) (FocusedStackFrame: 0:3)* (StatusBar: 2:240) (NavigationBar: 17:28) (Keyguard: 0:135)* (com.android.systemui.ImageWallpaper: 0:7) (com.teslacoilsw.launcher/com.android.launcher2.Launcher: 14:72) 
I/ActivityManager( 1042): Killing 2841:com.android.mms/u0a29 (adj 15): empty #9
I/ActivityManager( 1042): Killing 3188:com.motorola.genie/u0a25 (adj 15): empty #9
I/ActivityManager( 1042): Killing 3244:com.motorola.context/u0a10 (adj 15): empty #9
I/ActivityManager( 1042): Waited long enough for: ServiceRecord{42d4adf8 u0 com.motorola.ccc.cce/com.motorola.blur.service.blur.BlurServiceMother}
I/ActivityManager( 1042): Killing 3258:com.google.android.youtube/u0a92 (adj 15): empty #9
I/SFPerfTracer(  259):       trigger: frame rate (-39.821%)	(36.107 fps)	(27.695 ms) 	(5 drops)	(14 frames)
I/SFPerfTracer(  259):      triggers: (rate: 5:153) (compose: 0:8) (post: 0:0) (render: 0:7) (14:220 frames) (15:1267)
D/SFPerfTracer(  259):        layers: (4:7) (FocusedStackFrame: 0:3)* (StatusBar: 15:259) (NavigationBar: 0:33) (com.android.systemui.ImageWallpaper: 0:7) (com.teslacoilsw.launcher/com.android.launcher2.Launcher: 0:72) 
W/ActivityManager( 1042): Service ServiceRecord{42d4d928 u0 com.google.android.youtube/com.google.android.apps.youtube.app.offline.transfer.OfflineTransferService} in process ProcessRecord{42bcb6b0 3258:com.google.android.youtube/u0a92} not same as in map: null
I/ActivityManager( 1042): Start proc org.telegram.messenger for broadcast org.telegram.messenger/org.telegram.android.AppStartReceiver: pid=3691 uid=10106 gids={50106, 3003, 1028, 1015}
E/ActivityThread( 3303): Failed to find provider info for com.motorola.ccc.plm.misc
I/ActivityManager( 1042): Start proc me.sahiljain.tripTracker for broadcast me.sahiljain.tripTracker/com.parse.ParseBroadcastReceiver: pid=3715 uid=10250 gids={50250, 3003, 1028, 1015}
I/ActivityManager( 1042): START u0 {flg=0x14000000 cmp=com.whatsapp/.Conversation bnds=[0,182][540,277] (has extras)} from pid -1
I/ActivityManager( 1042): Start proc android.process.acore for content provider com.android.providers.contacts/.ContactsProvider2: pid=3745 uid=10009 gids={50009, 3003, 1028, 1015, 1023}
I/SFPerfTracer(  259):      triggers: (rate: 5:155) (compose: 0:9) (post: 0:0) (render: 0:9) (16:239 frames) (17:1297)
D/SFPerfTracer(  259):        layers: (5:10) (FocusedStackFrame: 0:6)* (StatusBar: 4:271) (NavigationBar: 3:36) (com.android.systemui.ImageWallpaper: 0:7) (com.teslacoilsw.launcher/com.android.launcher2.Launcher: 0:72) (Starting com.whatsapp: 17:21) 
I/LaunchCheckinHandler( 1042): Displayed com.whatsapp/.Conversation,wp,ca,2028
W/ActivityThread( 1219): ClassLoader.loadClass: The class loader returned by Thread.getContextClassLoader() may fail for processes that host multiple applications. You should explicitly specify a context class loader. For example: Thread.setContextClassLoader(getClass().getClassLoader());
I/ActivityManager( 1042): Killing 3507:com.google.android.talk/u0a67 (adj 15): empty #9
W/ActivityManager( 1042): Service ServiceRecord{42b618a8 u0 com.google.android.talk/com.google.android.libraries.hangouts.video.CallService} in process ProcessRecord{42bc0d10 3507:com.google.android.talk/u0a67} not same as in map: null
I/ActivityManager( 1042): Start proc com.aiteam.bluetoothtogglewidget for broadcast com.aiteam.bluetoothtogglewidget/.BluetoothToggleWidget: pid=3814 uid=10115 gids={50115, 3002, 3001, 1028, 1015}
I/ActivityManager( 1042): Start proc com.fattin.togglewidget.hotspot for broadcast com.fattin.togglewidget.hotspot/.HotspotAppWidgetProvider: pid=3828 uid=10144 gids={50144}
I/ActivityManager( 1042): Killing 3549:com.google.android.inputmethod.pinyin/u0a63 (adj 15): empty #9
I/ActivityManager( 1042): Killing 3580:com.android.providers.calendar/u0a7 (adj 15): empty #9
I/SFPerfTracer(  259):      triggers: (rate: 0:0) (0 sw vsyncs) (0 skipped) (36:292 vsyncs) (38:1350)
I/ActivityManager( 1042): Killing 3285:com.google.android.apps.cultural.culturewear/u0a239 (adj 15): empty #9
D/WifiService( 1042): New client listening to asynchronous messages
I/ActivityManager( 1042): Start proc com.android.mms for broadcast com.android.mms/.transaction.MmsSystemEventReceiver: pid=3845 uid=10029 gids={50029, 3003, 1028, 1015}
I/ActivityManager( 1042): Killing 3272:com.google.android.apps.maps/u0a60 (adj 15): empty #9
I/ActivityManager( 1042): Start proc com.motorola.msimsettings for broadcast com.motorola.msimsettings/.SimCardChangedReceiver: pid=3865 uid=1001 gids={41001, 3002, 3001, 3003, 9004, 2001, 1028, 1015}
I/ActivityManager( 1042): Start proc com.android.cellbroadcastreceiver for broadcast com.android.cellbroadcastreceiver/.CellBroadcastReceiver: pid=3877 uid=10052 gids={50052}
I/ActivityManager( 1042): Killing 3290:com.google.android.music:main/u0a76 (adj 15): empty #9
I/ActivityManager( 1042): Killing 3303:com.motorola.targetnotif/u0a112 (adj 15): empty #9
W/ActivityManager( 1042): Service ServiceRecord{42bf8da8 u0 com.google.android.music/.net.NetworkMonitor} in process ProcessRecord{42cc0448 3290:com.google.android.music:main/u0a76} not same as in map: null
W/ActivityManager( 1042): Service ServiceRecord{42b9ae88 u0 com.google.android.music/.preferences.MusicPreferenceService$MusicPreferenceServiceBinder} in process ProcessRecord{42cc0448 3290:com.google.android.music:main/u0a76} not same as in map: null
W/ActivityManager( 1042): Service ServiceRecord{42aa09f0 u0 com.google.android.music/.download.artwork.ArtDownloadService} in process ProcessRecord{42cc0448 3290:com.google.android.music:main/u0a76} not same as in map: null
I/ActivityManager( 1042): Start proc com.aiteam.wifitogglewidget for broadcast com.aiteam.wifitogglewidget/.WifiToggleWidget: pid=3891 uid=10100 gids={50100, 1028, 1015}
I/ActivityManager( 1042): Killing 3715:me.sahiljain.tripTracker/u0a250 (adj 15): empty #9
I/ActivityManager( 1042): Killing 3745:android.process.acore/u0a9 (adj 15): empty #9
I/ActivityManager( 1042): Start proc com.google.android.music:main for broadcast com.google.android.music/.homewidgets.IFLWidgetProvider: pid=3907 uid=10076 gids={50076, 3003, 1028, 1015}
W/BroadcastQueue( 1042): Permission Denial: broadcasting Intent { act=android.net.conn.CONNECTIVITY_CHANGE flg=0x4000010 (has extras) } from null (pid=-1, uid=-1) requires com.facebook.permission.prod.FB_APP_COMMUNICATION due to registered receiver BroadcastFilter{42b0b858 u0 ReceiverList{42b126b0 3331 com.facebook.orca/10123/u0 remote:42b6f680}}
I/ActivityManager( 1042): Start proc android.process.acore for content provider com.android.providers.contacts/.ContactsProvider2: pid=3932 uid=10009 gids={50009, 3003, 1028, 1015, 1023}
I/ActivityManager( 1042): Killing 3344:com.google.android.keep/u0a94 (adj 15): empty #9
I/ActivityManager( 1042): Start proc com.google.android.setupwizard for broadcast com.google.android.setupwizard/.MobileConnectivityChangeReceiver: pid=3948 uid=10039 gids={50039, 3003}
I/ActivityManager( 1042): Killing 3828:com.fattin.togglewidget.hotspot/u0a144 (adj 15): empty #9
D/WifiService( 1042): Client connection lost with reason: 4
I/ActivityManager( 1042): Start proc com.motorola.android.providers.userpreferredsim for broadcast com.motorola.android.providers.userpreferredsim/com.motorola.smartsim.bestcost.SmartSimConnectivityReceiver: pid=3969 uid=10042 gids={50042, 3003}
I/ActivityManager( 1042): Killing 3865:com.motorola.msimsettings/1001 (adj 15): empty #9
I/ActivityManager( 1042): Start proc com.android.chrome for broadcast com.android.chrome/com.google.android.apps.chrome.precache.PrecacheServiceLauncher: pid=3986 uid=10054 gids={50054, 3003, 1028, 1015}
I/ActivityManager( 1042): Killing 2163:com.android.vending/u0a36 (adj 15): empty #9
I/ActivityManager( 1042): Killing 3877:com.android.cellbroadcastreceiver/u0a52 (adj 15): empty #9
I/ActivityManager( 1042): Start proc com.google.android.talk for broadcast com.google.android.talk/com.google.android.apps.hangouts.service.NetworkStateReceiver: pid=4005 uid=10067 gids={50067, 3003, 1028, 1015, 3002}
D/WifiService( 1042): New client listening to asynchronous messages
D/ConnectivityService( 1042): handleInetConditionHoldEnd: net=1, condition=100, published condition=100
I/ActivityManager( 1042): Start proc com.google.android.apps.magazines for broadcast com.google.android.apps.magazines/com.google.apps.dots.android.newsstand.appwidget.NewsWidgetProvider: pid=4029 uid=10071 gids={50071, 3003, 1028, 1015}
W/AppOps  ( 1042): Bad call: specified package qcamera under uid 1013 but it is really -1
W/AppOps  ( 1042): Bad call: specified package qcamera under uid 1013 but it is really -1
I/ActivityManager( 1042): Killing 3891:com.aiteam.wifitogglewidget/u0a100 (adj 15): empty #9
I/ActivityManager( 1042): Start proc com.google.android.gms.unstable for service com.google.android.gms/.droidguard.DroidGuardService: pid=4094 uid=10021 gids={50021, 3003, 1007, 1028, 1015, 3002, 3001, 3007, 2001, 3006}
I/ActivityManager( 1042): Start proc com.google.android.apps.plus for broadcast com.google.android.apps.plus/.service.ConnectivityReceiver: pid=4110 uid=10082 gids={50082, 3003, 3002, 1028, 1015}
I/ActivityManager( 1042): Killing 3814:com.aiteam.bluetoothtogglewidget/u0a115 (adj 15): empty #9
V/AlarmManager( 1042): sending alarm Alarm{42bdc998 type 2 com.google.android.talk}
V/AlarmManager( 1042): sending alarm Alarm{42bda190 type 2 com.facebook.orca}
V/AlarmManager( 1042): sending alarm Alarm{42bda1e0 type 2 android}
E/ActivityThread( 1880): Failed to find provider info for com.google.android.wearable.settings
I/ActivityManager( 1042): Start proc com.google.android.apps.maps for broadcast com.google.android.apps.maps/com.google.userfeedback.android.api.FeedbackConnectivityReceiver: pid=4137 uid=10060 gids={50060, 3003, 1028, 1015, 3002, 3001}
I/ActivityManager( 1042): Killing 3907:com.google.android.music:main/u0a76 (adj 15): empty #9
W/ActivityManager( 1042): Service ServiceRecord{42d6a910 u0 com.google.android.music/.net.NetworkMonitor} in process ProcessRecord{42b16a20 3907:com.google.android.music:main/u0a76} not same as in map: null
W/ActivityManager( 1042): Service ServiceRecord{42cc1000 u0 com.google.android.music/.preferences.MusicPreferenceService$MusicPreferenceServiceBinder} in process ProcessRecord{42b16a20 3907:com.google.android.music:main/u0a76} not same as in map: null
W/ActivityManager( 1042): Service ServiceRecord{42ca08b8 u0 com.google.android.music/.download.artwork.ArtDownloadService} in process ProcessRecord{42b16a20 3907:com.google.android.music:main/u0a76} not same as in map: null
W/ActivityThread( 1880): ClassLoader.loadClass: The class loader returned by Thread.getContextClassLoader() may fail for processes that host multiple applications. You should explicitly specify a context class loader. For example: Thread.setContextClassLoader(getClass().getClassLoader());
I/ActivityManager( 1042): Killing 3845:com.android.mms/u0a29 (adj 15): empty #9
I/ActivityManager( 1042): Start proc com.gaana for broadcast com.gaana/com.services.NetworkChangeBroadcastReceiver: pid=4166 uid=10101 gids={50101, 3003, 1028, 1015}
I/ActivityManager( 1042): Killing 3948:com.google.android.setupwizard/u0a39 (adj 15): empty #9
I/ActivityManager( 1042): Start proc com.google.android.music:main for broadcast com.google.android.music/.homewidgets.IFLWidgetProvider: pid=4189 uid=10076 gids={50076, 3003, 1028, 1015}
I/ActivityManager( 1042): Start proc com.android.providers.calendar for content provider com.android.providers.calendar/.CalendarProvider2: pid=4210 uid=10007 gids={50007, 3003, 1028, 1015}
I/ActivityManager( 1042): Killing 3969:com.motorola.android.providers.userpreferredsim/u0a42 (adj 15): empty #9
I/ActivityManager( 1042): Killing 2667:com.android.calendar/u0a6 (adj 15): empty #9
I/ActivityManager( 1042): Start proc com.android.mms for broadcast com.android.mms/.transaction.MmsSystemEventReceiver: pid=4229 uid=10029 gids={50029, 3003, 1028, 1015}
I/SFPerfTracer(  259):      triggers: (rate: 5:155) (compose: 0:9) (post: 0:0) (render: 0:9) (0:246 frames) (1:1397)
D/SFPerfTracer(  259):        layers: (3:11) (FocusedStackFrame: 0:9)* (StatusBar: 0:287) (NavigationBar: 0:38) (com.android.systemui.ImageWallpaper: 0:8)* (com.teslacoilsw.launcher/com.android.launcher2.Launcher: 0:73)* (Starting com.whatsapp: 0:34)* (com.whatsapp/com.whatsapp.Conversation: 1:76) 
I/ActivityManager( 1042): Start proc com.google.android.setupwizard for broadcast com.google.android.setupwizard/.MobileConnectivityChangeReceiver: pid=4254 uid=10039 gids={50039, 3003}
I/ActivityManager( 1042): Start proc com.motorola.android.providers.userpreferredsim for broadcast com.motorola.android.providers.userpreferredsim/com.motorola.smartsim.bestcost.SmartSimConnectivityReceiver: pid=4267 uid=10042 gids={50042, 3003}
I/ActivityManager( 1042): Killing 3986:com.android.chrome/u0a54 (adj 15): empty #9
I/ActivityManager( 1042): Killing 4005:com.google.android.talk/u0a67 (adj 15): empty #9
W/ActivityManager( 1042): Service ServiceRecord{42c01318 u0 com.google.android.talk/com.google.android.libraries.hangouts.video.CallService} in process ProcessRecord{42b88cb0 4005:com.google.android.talk/u0a67} not same as in map: null
I/ActivityManager( 1042): Killing 4029:com.google.android.apps.magazines/u0a71 (adj 15): empty #9
I/ActivityManager( 1042): Start proc com.android.chrome for broadcast com.android.chrome/com.google.android.apps.chrome.precache.PrecacheServiceLauncher: pid=4283 uid=10054 gids={50054, 3003, 1028, 1015}
I/ActivityManager( 1042): Killing 3932:android.process.acore/u0a9 (adj 15): empty #9
E/ActivityThread( 1880): Failed to find provider info for com.google.android.wearable.settings
I/ActivityManager( 1042): Killing 4110:com.google.android.apps.plus/u0a82 (adj 15): empty #9
I/ActivityManager( 1042): Start proc com.google.android.talk for broadcast com.google.android.talk/com.google.android.apps.hangouts.service.NetworkStateReceiver: pid=4299 uid=10067 gids={50067, 3003, 1028, 1015, 3002}
D/ConnectivityService( 1042): handleInetConditionHoldEnd: net=1, condition=100, published condition=100
I/ActivityManager( 1042): Start proc com.google.android.apps.magazines for broadcast com.google.android.apps.magazines/com.google.apps.dots.android.newsstand.appwidget.NewsWidgetProvider: pid=4323 uid=10071 gids={50071, 3003, 1028, 1015}
W/AppOps  ( 1042): Bad call: specified package qcamera under uid 1013 but it is really -1
W/AppOps  ( 1042): Bad call: specified package qcamera under uid 1013 but it is really -1
I/ActivityManager( 1042): Killing 4137:com.google.android.apps.maps/u0a60 (adj 15): empty #9
I/ActivityManager( 1042): Start proc com.google.android.apps.plus for broadcast com.google.android.apps.plus/.service.ConnectivityReceiver: pid=4372 uid=10082 gids={50082, 3003, 3002, 1028, 1015}
I/ActivityManager( 1042): Killing 4166:com.gaana/u0a101 (adj 15): empty #9
I/ActivityManager( 1042): Start proc android.process.acore for content provider com.android.providers.contacts/.ContactsProvider2: pid=4391 uid=10009 gids={50009, 3003, 1028, 1015, 1023}
I/ActivityManager( 1042): Killing 4210:com.android.providers.calendar/u0a7 (adj 15): empty #9
I/ActivityManager( 1042): Start proc com.google.android.apps.maps for broadcast com.google.android.apps.maps/com.google.userfeedback.android.api.FeedbackConnectivityReceiver: pid=4409 uid=10060 gids={50060, 3003, 1028, 1015, 3002, 3001}
I/ActivityManager( 1042): Killing 4189:com.google.android.music:main/u0a76 (adj 15): empty #9
W/ActivityManager( 1042): Service ServiceRecord{42b6d5f8 u0 com.google.android.music/.net.NetworkMonitor} in process ProcessRecord{42cad418 4189:com.google.android.music:main/u0a76} not same as in map: null
W/ActivityManager( 1042): Service ServiceRecord{42b59498 u0 com.google.android.music/.preferences.MusicPreferenceService$MusicPreferenceServiceBinder} in process ProcessRecord{42cad418 4189:com.google.android.music:main/u0a76} not same as in map: null
W/ActivityManager( 1042): Service ServiceRecord{42b39a18 u0 com.google.android.music/.download.artwork.ArtDownloadService} in process ProcessRecord{42cad418 4189:com.google.android.music:main/u0a76} not same as in map: null
I/ActivityManager( 1042): Killing 4229:com.android.mms/u0a29 (adj 15): empty #9
I/ActivityManager( 1042): Start proc com.gaana for broadcast com.gaana/com.services.NetworkChangeBroadcastReceiver: pid=4433 uid=10101 gids={50101, 3003, 1028, 1015}
I/ActivityManager( 1042): Start proc com.android.calendar for broadcast com.android.calendar/.widget.CalendarAppWidgetService$CalendarFactory: pid=4451 uid=10006 gids={50006, 3003}
I/ActivityManager( 1042): Killing 4254:com.google.android.setupwizard/u0a39 (adj 15): empty #9
I/ActivityManager( 1042): Start proc com.android.deskclock for broadcast com.android.deskclock/.AlarmInitReceiver: pid=4475 uid=10014 gids={50014, 1028}
I/ActivityManager( 1042): Killing 4267:com.motorola.android.providers.userpreferredsim/u0a42 (adj 15): empty #9
I/ActivityManager( 1042): Start proc com.android.providers.calendar for content provider com.android.providers.calendar/.CalendarProvider2: pid=4485 uid=10007 gids={50007, 3003, 1028, 1015}
I/ActivityManager( 1042): Killing 4283:com.android.chrome/u0a54 (adj 15): empty #9
I/ActivityManager( 1042): Killing 4299:com.google.android.talk/u0a67 (adj 15): empty #9
W/ActivityManager( 1042): Service ServiceRecord{42d648e0 u0 com.google.android.talk/com.google.android.libraries.hangouts.video.CallService} in process ProcessRecord{42a8c6e0 4299:com.google.android.talk/u0a67} not same as in map: null
I/ActivityManager( 1042): Waited long enough for: ServiceRecord{42d4dff0 u0 com.truecaller/.service.CallStateService}
I/ActivityManager( 1042): Waited long enough for: ServiceRecord{42d4bc48 u0 com.truecaller/.service.ClipboardService}
I/ActivityManager( 1042): Start proc com.qualcomm.timeservice for broadcast com.qualcomm.timeservice/.TimeServiceBroadcastReceiver: pid=4519 uid=10090 gids={50090}
I/ActivityManager( 1042): Killing 4323:com.google.android.apps.magazines/u0a71 (adj 15): empty #9
I/ActivityManager( 1042): Start proc com.motorola.context for broadcast com.motorola.context/.receiver.DateChangeBroadcastReceiver: pid=4532 uid=10010 gids={50010, 3001, 3002, 3003}
I/ActivityManager( 1042): Killing 4391:android.process.acore/u0a9 (adj 15): empty #9
I/ActivityManager( 1042): Waited long enough for: ServiceRecord{42d23fa8 u0 org.telegram.messenger/org.telegram.android.NotificationsService}
I/ActivityManager( 1042): Start proc com.google.android.keep for broadcast com.google.android.keep/.notification.AlertReceiver: pid=4548 uid=10094 gids={50094, 3003, 1028, 1015}
I/ActivityManager( 1042): Killing 4372:com.google.android.apps.plus/u0a82 (adj 15): empty #9
V/AlarmManager( 1042): sending alarm Alarm{42bad570 type 0 com.android.vending}
I/ActivityManager( 1042): Start proc com.android.vending for service com.android.vending/com.google.android.finsky.services.DailyHygiene: pid=4562 uid=10036 gids={50036, 3003, 1028, 1015}
V/AlarmManager( 1042): sending alarm Alarm{42bb0198 type 2 com.android.providers.calendar}
I/PackageManager( 1042): Adding preferred activity ComponentInfo{com.android.mms/com.android.mms.ui.ComposeMessageActivity} for user 0 :
I/PackageManager( 1042): Adding preferred activity ComponentInfo{com.android.mms/com.android.mms.ui.ComposeMessageActivity} for user 0 :
I/PackageManager( 1042): Adding preferred activity ComponentInfo{com.android.mms/com.android.mms.ui.ComposeMessageActivity} for user 0 :
I/PackageManager( 1042): Adding preferred activity ComponentInfo{com.android.mms/com.android.mms.ui.ComposeMessageActivity} for user 0 :
I/PackageManager( 1042): Adding preferred activity ComponentInfo{com.android.mms/com.android.mms.ui.ComposeMessageActivity} for user 0 :
I/PackageManager( 1042): Adding preferred activity ComponentInfo{com.android.mms/com.android.mms.ui.ComposeMessageActivity} for user 0 :
I/PackageManager( 1042): Adding preferred activity ComponentInfo{com.android.mms/com.android.mms.ui.ComposeMessageActivity} for user 0 :
I/PackageManager( 1042): Adding preferred activity ComponentInfo{com.android.mms/com.android.mms.ui.ComposeMessageActivity} for user 0 :
V/BackupManagerService( 1042): Running a backup pass
V/BackupManagerService( 1042): clearing pending backups
I/ActivityManager( 1042): Start proc com.google.android.inputmethod.latin for broadcast com.google.android.inputmethod.latin/com.android.inputmethod.dictionarypack.EventHandler: pid=4602 uid=10069 gids={50069, 3003, 1028, 1015}
V/PerformBackupTask( 1042): Beginning backup of 13 targets
D/PerformBackupTask( 1042): invokeAgentForBackup on @pm@
I/ActivityManager( 1042): Killing 4409:com.google.android.apps.maps/u0a60 (adj 15): empty #9
I/PerformBackupTask( 1042): no backup data written; not calling transport
D/PerformBackupTask( 1042): starting agent for backup of BackupRequest{pkg=com.android.calendar}
D/BackupManagerService( 1042): awaiting agent for ApplicationInfo{4264d7d0 com.android.calendar}
D/BackupManagerService( 1042): agentConnected pkg=com.android.calendar agent=android.os.BinderProxy@4236f260
I/BackupManagerService( 1042): got agent android.app.IBackupAgent$Stub$Proxy@422fe008
D/PerformBackupTask( 1042): invokeAgentForBackup on com.android.calendar
I/PerformBackupTask( 1042): no backup data written; not calling transport
D/PerformBackupTask( 1042): starting agent for backup of BackupRequest{pkg=com.motorola.android.providers.userpreferredsim}
I/ActivityManager( 1042): Start proc com.motorola.android.providers.userpreferredsim for backup com.motorola.android.providers.userpreferredsim/.SIMPreferenceBackupAgent: pid=4619 uid=10042 gids={50042, 3003}
D/BackupManagerService( 1042): awaiting agent for ApplicationInfo{428504b8 com.motorola.android.providers.userpreferredsim}
I/ActivityManager( 1042): Killing 4433:com.gaana/u0a101 (adj 15): empty #9
D/BackupManagerService( 1042): agentConnected pkg=com.motorola.android.providers.userpreferredsim agent=android.os.BinderProxy@42b45ea0
I/BackupManagerService( 1042): got agent android.app.IBackupAgent$Stub$Proxy@42b36cd8
D/PerformBackupTask( 1042): invokeAgentForBackup on com.motorola.android.providers.userpreferredsim
I/ActivityManager( 1042): Start proc com.motorola.msimsettings for broadcast com.motorola.msimsettings/.SimCardChangedReceiver: pid=4648 uid=1001 gids={41001, 3002, 3001, 3003, 9004, 2001, 1028, 1015}
I/PerformBackupTask( 1042): no backup data written; not calling transport
D/PerformBackupTask( 1042): starting agent for backup of BackupRequest{pkg=com.google.android.googlequicksearchbox}
I/ActivityManager( 1042): Start proc com.google.android.googlequicksearchbox for backup com.google.android.googlequicksearchbox/com.android.launcher3.LauncherBackupAgentHelper: pid=4660 uid=10043 gids={50043, 3003, 3001, 1028, 3002, 1015}
I/ActivityManager( 1042): Killing 4094:com.google.android.gms.unstable/u0a21 (adj 15): empty #9
D/BackupManagerService( 1042): awaiting agent for ApplicationInfo{42600c70 com.google.android.googlequicksearchbox}
I/ActivityManager( 1042): Start proc com.android.cellbroadcastreceiver for broadcast com.android.cellbroadcastreceiver/.CellBroadcastReceiver: pid=4674 uid=10052 gids={50052}
I/ActivityManager( 1042): Killing 4485:com.android.providers.calendar/u0a7 (adj 15): empty #9
I/ActivityManager( 1042): Killing 4548:com.google.android.keep/u0a94 (adj 15): empty #9
D/BackupManagerService( 1042): agentConnected pkg=com.google.android.googlequicksearchbox agent=android.os.BinderProxy@42a1c148
I/BackupManagerService( 1042): got agent android.app.IBackupAgent$Stub$Proxy@42a1c238
D/PerformBackupTask( 1042): invokeAgentForBackup on com.google.android.googlequicksearchbox
D/BackupManagerService( 1042): Now staging backup of android
I/ActivityManager( 1042): Start proc com.android.mms for broadcast com.android.mms/.MSimService$MSimReceiver: pid=4694 uid=10029 gids={50029, 3003, 1028, 1015}
D/BackupManagerService( 1042): Now staging backup of com.google.android.googlequicksearchbox
I/PerformBackupTask( 1042): no backup data written; not calling transport
D/PerformBackupTask( 1042): starting agent for backup of BackupRequest{pkg=com.android.vending}
D/BackupManagerService( 1042): awaiting agent for ApplicationInfo{428b5690 com.android.vending}
D/BackupManagerService( 1042): agentConnected pkg=com.android.vending agent=android.os.BinderProxy@42b90630
I/BackupManagerService( 1042): got agent android.app.IBackupAgent$Stub$Proxy@426019d0
D/PerformBackupTask( 1042): invokeAgentForBackup on com.android.vending
I/ActivityManager( 1042): Killing 4451:com.android.calendar/u0a6 (adj 15): empty #9
I/ActivityManager( 1042): Start proc com.android.calendar for broadcast com.android.calendar/.alerts.AlertReceiver: pid=4714 uid=10006 gids={50006, 3003}
I/ActivityManager( 1042): Killing 4475:com.android.deskclock/u0a14 (adj 15): empty #9
D/WifiService( 1042): acquireWifiLockLocked: WifiLock{NlpWifiLock type=2 binder=android.os.BinderProxy@42d52380}
I/ActivityManager( 1042): Start proc com.android.providers.calendar for content provider com.android.providers.calendar/.CalendarProvider2: pid=4736 uid=10007 gids={50007, 3003, 1028, 1015}
I/ActivityManager( 1042): Start proc com.motorola.targetnotif for broadcast com.motorola.targetnotif/com.motorola.motoproxy.calendar.CalendarDataReceiver: pid=4752 uid=10112 gids={50112, 3002, 3001, 3003}
I/SFPerfTracer(  259):      triggers: (rate: 0:0) (0 sw vsyncs) (0 skipped) (0:332 vsyncs) (1:1451)
D/WifiService( 1042): releaseWifiLockLocked: WifiLock{NlpWifiLock type=2 binder=android.os.BinderProxy@42d52380}
I/ActivityManager( 1042): Killing 4519:com.qualcomm.timeservice/u0a90 (adj 15): empty #9
I/ActivityManager( 1042): Start proc com.fattin.togglewidget.hotspot for broadcast com.fattin.togglewidget.hotspot/.HotspotAppWidgetProvider: pid=4781 uid=10144 gids={50144}
D/WifiService( 1042): New client listening to asynchronous messages
I/ActivityManager( 1042): Start proc com.aiteam.bluetoothtogglewidget for broadcast com.aiteam.bluetoothtogglewidget/.BluetoothToggleWidget: pid=4795 uid=10115 gids={50115, 3002, 3001, 1028, 1015}
I/ActivityManager( 1042): Killing 4602:com.google.android.inputmethod.latin/u0a69 (adj 15): empty #9
I/ActivityManager( 1042): Start proc com.aiteam.wifitogglewidget for broadcast com.aiteam.wifitogglewidget/.WifiToggleWidget: pid=4809 uid=10100 gids={50100, 1028, 1015}
I/ActivityManager( 1042): Killing 4619:com.motorola.android.providers.userpreferredsim/u0a42 (adj 15): empty #9
I/ActivityManager( 1042): Killing 4660:com.google.android.googlequicksearchbox/u0a43 (adj 15): empty #9
I/ActivityManager( 1042): Start proc com.google.android.apps.maps for broadcast com.google.android.apps.maps/com.google.android.apps.gmm.iamhere.ble.StartBleServiceReceiver: pid=4826 uid=10060 gids={50060, 3003, 1028, 1015, 3002, 3001}
I/ActivityManager( 1042): Start proc android.process.acore for content provider com.android.providers.contacts/.ContactsProvider2: pid=4848 uid=10009 gids={50009, 3003, 1028, 1015, 1023}
I/ActivityManager( 1042): Killing 4532:com.motorola.context/u0a10 (adj 15): empty #9
V/AlarmManager( 1042): sending alarm Alarm{42a8c3c8 type 2 com.google.android.wearable.app}
V/AlarmManager( 1042): sending alarm Alarm{42a41998 type 3 com.google.android.googlequicksearchbox}
I/ActivityManager( 1042): Killing 4736:com.android.providers.calendar/u0a7 (adj 15): empty #9
W/BroadcastQueue( 1042): Permission Denial: broadcasting Intent { act=com.motorola.cce.Actions.CCE_SEND_SETTINGS flg=0x10 (has extras) } from com.motorola.genie (pid=2046, uid=10025) is not exported from uid 10112 due to receiver com.motorola.targetnotif/com.motorola.blur.service.blur.SharedSettingsReceiver
I/ActivityManager( 1042): Start proc com.google.android.keep for broadcast com.google.android.keep/.notification.AlertReceiver: pid=4862 uid=10094 gids={50094, 3003, 1028, 1015}
I/ActivityManager( 1042): Start proc com.google.android.music:main for broadcast com.google.android.music/.store.MediaStoreImportService$Receiver: pid=4885 uid=10076 gids={50076, 3003, 1028, 1015}
I/ActivityManager( 1042): Killing 4752:com.motorola.targetnotif/u0a112 (adj 15): empty #9
D/PerformBackupTask( 1042): starting agent for backup of BackupRequest{pkg=android}
D/BackupManagerService( 1042): awaiting agent for ApplicationInfo{425d03b8 android}
D/BackupManagerService( 1042): agentConnected pkg=android agent=android.app.backup.BackupAgent$BackupServiceBinder@42b50ce8
I/BackupManagerService( 1042): got agent android.app.backup.BackupAgent$BackupServiceBinder@42b50ce8
D/PerformBackupTask( 1042): invokeAgentForBackup on android
I/SFPerfTracer(  259):      triggers: (rate: 5:155) (compose: 0:9) (post: 0:0) (render: 0:9) (0:246 frames) (1:1497)
D/SFPerfTracer(  259):        layers: (3:9) (FocusedStackFrame: 0:9)* (StatusBar: 0:298) (NavigationBar: 0:38) (com.android.systemui.ImageWallpaper: 0:8)* (com.whatsapp/com.whatsapp.Conversation: 1:166) 
D/MobileDataStateTracker( 1042): default: setPolicyDataEnable(enabled=true)
I/ActivityManager( 1042): Start proc com.android.providers.calendar for broadcast com.android.providers.calendar/.CalendarProviderBroadcastReceiver: pid=4915 uid=10007 gids={50007, 3003, 1028, 1015}
D/PerformBackupTask( 1042): starting agent for backup of BackupRequest{pkg=com.google.android.talk}
I/ActivityManager( 1042): Start proc com.google.android.talk for backup com.google.android.talk/com.google.android.apps.hangouts.service.BabelBackupAgent: pid=4932 uid=10067 gids={50067, 3003, 1028, 1015, 3002}
D/BackupManagerService( 1042): awaiting agent for ApplicationInfo{4245d818 com.google.android.talk}
I/ActivityManager( 1042): Killing 4648:com.motorola.msimsettings/1001 (adj 15): empty #9
D/ConnectivityService( 1042): Sampling interval elapsed, updating statistics ..
D/ConnectivityService( 1042): Done.
D/ConnectivityService( 1042): Setting timer for 720seconds
D/WifiService( 1042): New client listening to asynchronous messages
W/PackageManager( 1042): Failed setComponentEnabledSetting: component class .HotspotAppWidgetProvider does not exist in com.fattin.togglewidget.hotspot
I/ActivityManager( 1042): Start proc com.android.deskclock for broadcast com.android.deskclock/com.android.alarmclock.DigitalAppWidgetProvider: pid=4950 uid=10014 gids={50014, 1028}
I/ActivityManager( 1042): Start proc com.android.email for broadcast com.android.email/.provider.WidgetProvider: pid=4975 uid=10018 gids={50018, 3003, 1028, 1015}
D/ActivityThread( 4975): Loading provider com.android.email.provider;com.android.email.notifier: com.android.email.provider.EmailProvider
D/ActivityThread( 4975): Loading provider com.android.email.provider;com.android.email.notifier: com.android.email.provider.EmailProvider
I/ActivityManager( 1042): Start proc com.motorola.deviceauthenticator for broadcast com.motorola.deviceauthenticator/.ConnectedUnlockReceiver: pid=5000 uid=10015 gids={50015, 3002}
D/BackupManagerService( 1042): agentConnected pkg=com.google.android.talk agent=android.os.BinderProxy@429c3058
I/BackupManagerService( 1042): got agent android.app.IBackupAgent$Stub$Proxy@42d33f98
D/PerformBackupTask( 1042): invokeAgentForBackup on com.google.android.talk
W/AppOps  ( 1042): Bad call: specified package qcamera under uid 1013 but it is really -1
W/AppOps  ( 1042): Bad call: specified package qcamera under uid 1013 but it is really -1
I/ActivityManager( 1042): Killing 4694:com.android.mms/u0a29 (adj 15): empty #9
I/ActivityManager( 1042): Start proc com.motorola.context for broadcast com.motorola.context/.publisher.calendar.CalendarReceiver: pid=5022 uid=10010 gids={50010, 3001, 3002, 3003}
I/ActivityManager( 1042): Killing 4848:android.process.acore/u0a9 (adj 15): empty #9
I/ActivityManager( 1042): Start proc com.motorola.targetnotif for broadcast com.motorola.targetnotif/com.motorola.motoproxy.calendar.CalendarDataReceiver: pid=5039 uid=10112 gids={50112, 3002, 3001, 3003}
I/ActivityManager( 1042): Killing 4862:com.google.android.keep/u0a94 (adj 15): empty #9
I/ActivityManager( 1042): Killing 4885:com.google.android.music:main/u0a76 (adj 15): empty #9
W/ActivityManager( 1042): Unable to start service Intent { cmp=com.android.email/.service.AttachmentDownloadService } U=0: not found
W/ActivityManager( 1042): Unable to start service Intent { cmp=com.android.email/.service.AttachmentDownloadService } U=0: not found
W/ActivityManager( 1042): Unable to start service Intent { cmp=com.android.email/.service.AttachmentDownloadService } U=0: not found
W/ActivityManager( 1042): Service ServiceRecord{42d578d0 u0 com.google.android.music/.net.NetworkMonitor} in process ProcessRecord{42cad418 4885:com.google.android.music:main/u0a76} not same as in map: null
W/ActivityManager( 1042): Service ServiceRecord{42d4a080 u0 com.google.android.music/.preferences.MusicPreferenceService$MusicPreferenceServiceBinder} in process ProcessRecord{42cad418 4885:com.google.android.music:main/u0a76} not same as in map: null
W/ActivityManager( 1042): Service ServiceRecord{42d08ff0 u0 com.google.android.music/.download.artwork.ArtDownloadService} in process ProcessRecord{42cad418 4885:com.google.android.music:main/u0a76} not same as in map: null
W/ContextImpl( 1299): Calling a method in the system process without a qualified user: android.app.ContextImpl.startService:1608 android.content.ContextWrapper.startService:494 com.motorola.motocare.internal.MotoCareIntApp.onCreate:70 android.app.Instrumentation.callApplicationOnCreate:1030 android.app.LoadedApk.makeApplication:517 
W/ContextImpl( 1299): Calling a method in the system process without a qualified user: android.app.ContextImpl.sendBroadcast:1252 android.content.ContextWrapper.sendBroadcast:365 com.motorola.motocare.util.TriggerHelper.sendTriggerReady:54 com.motorola.motocare.internal.MotoCareIntApp.onCreate:84 android.app.Instrumentation.callApplicationOnCreate:1030 
W/ContextImpl( 1299): Calling a method in the system process without a qualified user: android.app.ContextImpl.sendBroadcast:1252 android.content.ContextWrapper.sendBroadcast:365 com.motorola.motocare.util.TriggerHelper.sendTriggerReady:54 com.motorola.motocare.internal.MotoCareIntApp.onCreate:87 android.app.Instrumentation.callApplicationOnCreate:1030 
W/ContextImpl( 1299): Calling a method in the system process without a qualified user: android.app.ContextImpl.sendBroadcast:1252 android.content.ContextWrapper.sendBroadcast:365 com.motorola.motocare.util.TriggerHelper.sendTriggerReady:54 com.motorola.motocare.internal.MotoCareIntApp.onCreate:90 android.app.Instrumentation.callApplicationOnCreate:1030 
W/ContextImpl( 1299): Calling a method in the system process without a qualified user: android.app.ContextImpl.bindService:1672 android.content.ContextWrapper.bindService:517 com.motorola.motocare.internal.MotoCareIntApp.onCreate:102 android.app.Instrumentation.callApplicationOnCreate:1030 android.app.LoadedApk.makeApplication:517 
W/ContextImpl( 1299): Calling a method in the system process without a qualified user: android.app.ContextImpl.sendBroadcast:1252 android.content.ContextWrapper.sendBroadcast:365 com.motorola.motocare.internal.settings.SettingsTrigger.handleInit:402 com.motorola.motocare.internal.settings.SettingsTrigger.onReceive:240 android.app.ActivityThread.handleReceiver:2434 
W/ContextImpl( 1299): Calling a method in the system process without a qualified user: android.app.ContextImpl.sendBroadcast:1252 android.content.ContextWrapper.sendBroadcast:365 com.motorola.motocare.util.TriggerHelper.sendTriggerInitReply:34 com.motorola.motocare.internal.frameworkevents.PauseResumeTrigger.handleTriggerInit:61 com.motorola.motocare.internal.frameworkevents.FwEventMonitor$FrameworkListener.handleTriggerInit:140 
W/ContextImpl( 1299): Calling a method in the system process without a qualified user: android.app.ContextImpl.sendBroadcast:1252 android.content.ContextWrapper.sendBroadcast:365 com.motorola.motocare.util.TriggerHelper.sendTriggerInitReply:34 com.motorola.motocare.internal.frameworkevents.ProcessKillTrigger.handleTriggerInit:203 com.motorola.motocare.internal.frameworkevents.FwEventMonitor$FrameworkListener.handleTriggerInit:140 
W/ContextImpl( 1299): Calling a method in the system process without a qualified user: android.app.ContextImpl.sendBroadcast:1252 android.content.ContextWrapper.sendBroadcast:365 com.motorola.motocare.util.TriggerHelper$TriggerBuilder.send:76 com.motorola.motocare.internal.frameworkevents.PauseResumeTrigger.handleFrameworkEvent:53 com.motorola.motocare.internal.frameworkevents.FwEventMonitor$FrameworkListener.processFrameworkEvent:114 
W/ContextImpl( 1299): Calling a method in the system process without a qualified user: android.app.ContextImpl.sendBroadcast:1252 android.content.ContextWrapper.sendBroadcast:365 com.motorola.motocare.util.TriggerHelper$TriggerBuilder.send:76 com.motorola.motocare.internal.frameworkevents.ProcessKillTrigger.sendTrigger:147 com.motorola.motocare.internal.frameworkevents.ProcessKillTrigger.handleFrameworkEvent:164 
W/ContextImpl( 1299): Calling a method in the system process without a qualified user: android.app.ContextImpl.sendBroadcast:1252 android.content.ContextWrapper.sendBroadcast:365 com.motorola.motocare.util.TriggerHelper$TriggerBuilder.send:76 com.motorola.motocare.internal.frameworkevents.ProcessKillTrigger.sendTrigger:147 com.motorola.motocare.internal.frameworkevents.ProcessKillTrigger.handleFrameworkEvent:164 
W/ContextImpl( 1299): Calling a method in the system process without a qualified user: android.app.ContextImpl.sendBroadcast:1252 android.content.ContextWrapper.sendBroadcast:365 com.motorola.motocare.util.TriggerHelper$TriggerBuilder.send:76 com.motorola.motocare.internal.frameworkevents.ProcessKillTrigger.sendTrigger:147 com.motorola.motocare.internal.frameworkevents.ProcessKillTrigger.handleFrameworkEvent:164 
W/ContextImpl( 1299): Calling a method in the system process without a qualified user: android.app.ContextImpl.sendBroadcast:1252 android.content.ContextWrapper.sendBroadcast:365 com.motorola.motocare.internal.settings.SettingsTrigger.onReceive:256 android.app.LoadedApk$ReceiverDispatcher$Args.run:768 android.os.Handler.handleCallback:733 
W/ContextImpl( 1299): Calling a method in the system process without a qualified user: android.app.ContextImpl.sendBroadcast:1252 android.content.ContextWrapper.sendBroadcast:365 com.motorola.motocare.util.TriggerHelper$TriggerBuilder.send:76 com.motorola.motocare.internal.frameworkevents.ProcessKillTrigger.sendTrigger:147 com.motorola.motocare.internal.frameworkevents.ProcessKillTrigger.handleFrameworkEvent:164 
I/ActivityManager( 1042): Start proc com.google.android.gm for broadcast com.google.android.gm/.MailIntentReceiver: pid=5065 uid=10061 gids={50061, 3003, 1028, 1015}
W/ContextImpl( 1299): Calling a method in the system process without a qualified user: android.app.ContextImpl.sendBroadcast:1252 android.content.ContextWrapper.sendBroadcast:365 com.motorola.motocare.util.TriggerHelper$TriggerBuilder.send:76 com.motorola.motocare.internal.frameworkevents.ProcessKillTrigger.sendTrigger:147 com.motorola.motocare.internal.frameworkevents.ProcessKillTrigger.handleFrameworkEvent:164 
W/ContextImpl( 1299): Calling a method in the system process without a qualified user: android.app.ContextImpl.sendBroadcast:1252 android.content.ContextWrapper.sendBroadcast:365 com.motorola.motocare.util.TriggerHelper$TriggerBuilder.send:76 com.motorola.motocare.internal.frameworkevents.ProcessKillTrigger.sendTrigger:147 com.motorola.motocare.internal.frameworkevents.ProcessKillTrigger.handleFrameworkEvent:164 
W/ContextImpl( 1299): Calling a method in the system process without a qualified user: android.app.ContextImpl.sendBroadcast:1252 android.content.ContextWrapper.sendBroadcast:365 com.motorola.motocare.util.TriggerHelper$TriggerBuilder.send:76 com.motorola.motocare.internal.frameworkevents.ProcessKillTrigger.sendTrigger:147 com.motorola.motocare.internal.frameworkevents.ProcessKillTrigger.handleFrameworkEvent:164 
W/ContextImpl( 1299): Calling a method in the system process without a qualified user: android.app.ContextImpl.sendBroadcast:1252 android.content.ContextWrapper.sendBroadcast:365 com.motorola.motocare.util.TriggerHelper$TriggerBuilder.send:76 com.motorola.motocare.internal.frameworkevents.ProcessKillTrigger.sendTrigger:147 com.motorola.motocare.internal.frameworkevents.ProcessKillTrigger.handleFrameworkEvent:164 
W/ContextImpl( 1299): Calling a method in the system process without a qualified user: android.app.ContextImpl.sendBroadcast:1252 android.content.ContextWrapper.sendBroadcast:365 com.motorola.motocare.util.TriggerHelper$TriggerBuilder.send:76 com.motorola.motocare.internal.frameworkevents.ProcessKillTrigger.sendTrigger:147 com.motorola.motocare.internal.frameworkevents.ProcessKillTrigger.handleFrameworkEvent:164 
W/ContextImpl( 1299): Calling a method in the system process without a qualified user: android.app.ContextImpl.sendBroadcast:1252 android.content.ContextWrapper.sendBroadcast:365 com.motorola.motocare.util.TriggerHelper$TriggerBuilder.send:76 com.motorola.motocare.internal.frameworkevents.ProcessKillTrigger.sendTrigger:147 com.motorola.motocare.internal.frameworkevents.ProcessKillTrigger.handleFrameworkEvent:164 
W/ContextImpl( 1299): Calling a method in the system process without a qualified user: android.app.ContextImpl.sendBroadcast:1252 android.content.ContextWrapper.sendBroadcast:365 com.motorola.motocare.util.TriggerHelper$TriggerBuilder.send:76 com.motorola.motocare.internal.frameworkevents.ProcessKillTrigger.sendTrigger:147 com.motorola.motocare.internal.frameworkevents.ProcessKillTrigger.handleFrameworkEvent:164 
W/ContextImpl( 1299): Calling a method in the system process without a qualified user: android.app.ContextImpl.sendBroadcast:1252 android.content.ContextWrapper.sendBroadcast:365 com.motorola.motocare.util.TriggerHelper$TriggerBuilder.send:76 com.motorola.motocare.internal.frameworkevents.ProcessKillTrigger.sendTrigger:147 com.motorola.motocare.internal.frameworkevents.ProcessKillTrigger.handleFrameworkEvent:164 
W/ContextImpl( 1299): Calling a method in the system process without a qualified user: android.app.ContextImpl.sendBroadcast:1252 android.content.ContextWrapper.sendBroadcast:365 com.motorola.motocare.util.TriggerHelper$TriggerBuilder.send:76 com.motorola.motocare.internal.frameworkevents.ProcessKillTrigger.sendTrigger:147 com.motorola.motocare.internal.frameworkevents.ProcessKillTrigger.handleFrameworkEvent:164 
W/ContextImpl( 1299): Calling a method in the system process without a qualified user: android.app.ContextImpl.sendBroadcast:1252 android.content.ContextWrapper.sendBroadcast:365 com.motorola.motocare.util.TriggerHelper$TriggerBuilder.send:76 com.motorola.motocare.internal.frameworkevents.ProcessKillTrigger.sendTrigger:147 com.motorola.motocare.internal.frameworkevents.ProcessKillTrigger.handleFrameworkEvent:164 
W/ContextImpl( 1299): Calling a method in the system process without a qualified user: android.app.ContextImpl.sendBroadcast:1252 android.content.ContextWrapper.sendBroadcast:365 com.motorola.motocare.util.TriggerHelper$TriggerBuilder.send:76 com.motorola.motocare.internal.frameworkevents.ProcessKillTrigger.sendTrigger:147 com.motorola.motocare.internal.frameworkevents.ProcessKillTrigger.handleFrameworkEvent:164 
W/ContextImpl( 1299): Calling a method in the system process without a qualified user: android.app.ContextImpl.sendBroadcast:1252 android.content.ContextWrapper.sendBroadcast:365 com.motorola.motocare.util.TriggerHelper$TriggerBuilder.send:76 com.motorola.motocare.internal.frameworkevents.ProcessKillTrigger.sendTrigger:147 com.motorola.motocare.internal.frameworkevents.ProcessKillTrigger.handleFrameworkEvent:164 
W/ContextImpl( 1299): Calling a method in the system process without a qualified user: android.app.ContextImpl.sendBroadcast:1252 android.content.ContextWrapper.sendBroadcast:365 com.motorola.motocare.util.TriggerHelper$TriggerBuilder.send:76 com.motorola.motocare.internal.frameworkevents.ProcessKillTrigger.sendTrigger:147 com.motorola.motocare.internal.frameworkevents.ProcessKillTrigger.handleFrameworkEvent:164 
W/ContextImpl( 1299): Calling a method in the system process without a qualified user: android.app.ContextImpl.sendBroadcast:1252 android.content.ContextWrapper.sendBroadcast:365 com.motorola.motocare.util.TriggerHelper$TriggerBuilder.send:76 com.motorola.motocare.internal.frameworkevents.ProcessKillTrigger.sendTrigger:147 com.motorola.motocare.internal.frameworkevents.ProcessKillTrigger.handleFrameworkEvent:164 
W/ContextImpl( 1299): Calling a method in the system process without a qualified user: android.app.ContextImpl.sendBroadcast:1252 android.content.ContextWrapper.sendBroadcast:365 com.motorola.motocare.util.TriggerHelper$TriggerBuilder.send:76 com.motorola.motocare.internal.frameworkevents.ProcessKillTrigger.sendTrigger:147 com.motorola.motocare.internal.frameworkevents.ProcessKillTrigger.handleFrameworkEvent:164 
W/ContextImpl( 1299): Calling a method in the system process without a qualified user: android.app.ContextImpl.sendBroadcast:1252 android.content.ContextWrapper.sendBroadcast:365 com.motorola.motocare.util.TriggerHelper$TriggerBuilder.send:76 com.motorola.motocare.internal.frameworkevents.ProcessKillTrigger.sendTrigger:147 com.motorola.motocare.internal.frameworkevents.ProcessKillTrigger.handleFrameworkEvent:164 
W/ContextImpl( 1299): Calling a method in the system process without a qualified user: android.app.ContextImpl.sendBroadcast:1252 android.content.ContextWrapper.sendBroadcast:365 com.motorola.motocare.util.TriggerHelper$TriggerBuilder.send:76 com.motorola.motocare.internal.frameworkevents.ProcessKillTrigger.sendTrigger:147 com.motorola.motocare.internal.frameworkevents.ProcessKillTrigger.handleFrameworkEvent:164 
W/ContextImpl( 1299): Calling a method in the system process without a qualified user: android.app.ContextImpl.sendBroadcast:1252 android.content.ContextWrapper.sendBroadcast:365 com.motorola.motocare.util.TriggerHelper$TriggerBuilder.send:76 com.motorola.motocare.internal.frameworkevents.ProcessKillTrigger.sendTrigger:147 com.motorola.motocare.internal.frameworkevents.ProcessKillTrigger.handleFrameworkEvent:164 
W/ContextImpl( 1299): Calling a method in the system process without a qualified user: android.app.ContextImpl.sendBroadcast:1252 android.content.ContextWrapper.sendBroadcast:365 com.motorola.motocare.util.TriggerHelper$TriggerBuilder.send:76 com.motorola.motocare.internal.frameworkevents.PauseResumeTrigger.handleFrameworkEvent:53 com.motorola.motocare.internal.frameworkevents.FwEventMonitor$FrameworkListener.processFrameworkEvent:114 
W/ContextImpl( 1299): Calling a method in the system process without a qualified user: android.app.ContextImpl.sendBroadcast:1252 android.content.ContextWrapper.sendBroadcast:365 com.motorola.motocare.util.TriggerHelper$TriggerBuilder.send:76 com.motorola.motocare.internal.frameworkevents.PauseResumeTrigger.handleFrameworkEvent:53 com.motorola.motocare.internal.frameworkevents.FwEventMonitor$FrameworkListener.processFrameworkEvent:114 
W/ContextImpl( 1299): Calling a method in the system process without a qualified user: android.app.ContextImpl.sendBroadcast:1252 android.content.ContextWrapper.sendBroadcast:365 com.motorola.motocare.util.TriggerHelper$TriggerBuilder.send:76 com.motorola.motocare.internal.frameworkevents.PauseResumeTrigger.handleFrameworkEvent:53 com.motorola.motocare.internal.frameworkevents.FwEventMonitor$FrameworkListener.processFrameworkEvent:114 
W/ContextImpl( 1299): Calling a method in the system process without a qualified user: android.app.ContextImpl.sendBroadcast:1252 android.content.ContextWrapper.sendBroadcast:365 com.motorola.motocare.util.TriggerHelper$TriggerBuilder.send:76 com.motorola.motocare.internal.frameworkevents.PauseResumeTrigger.handleFrameworkEvent:53 com.motorola.motocare.internal.frameworkevents.FwEventMonitor$FrameworkListener.processFrameworkEvent:114 
