--------- beginning of /dev/log/system
D/MobileDataStateTracker( 1042): ims: Broadcast received: android.intent.action.ANY_DATA_STATE apnType=ims
D/MobileDataStateTracker( 1042): ims: subscription=0, dds=0
D/MobileDataStateTracker( 1042): ims: Received state=DISCONNECTED, old=DISCONNECTED, reason=roamingOff
D/MobileDataStateTracker( 1042): vzw800: Broadcast received: android.intent.action.ANY_DATA_STATE apnType=vzw800
D/MobileDataStateTracker( 1042): vzw800: subscription=0, dds=0
D/MobileDataStateTracker( 1042): vzw800: Received state=DISCONNECTED, old=DISCONNECTED, reason=roamingOff
D/MobileDataStateTracker( 1042): default: Broadcast received: android.intent.action.ANY_DATA_STATE apnType=default
D/MobileDataStateTracker( 1042): default: subscription=0, dds=0
D/MobileDataStateTracker( 1042): default: Received state=DISCONNECTED, old=DISCONNECTED, reason=roamingOff
D/MobileDataStateTracker( 1042): mms: Broadcast received: android.intent.action.ANY_DATA_STATE apnType=mms
D/MobileDataStateTracker( 1042): mms: subscription=0, dds=0
D/MccTable( 1290): WIFI_COUNTRY_CODE set to 
I/WifiService( 1042): WifiService trying to set country code to  with persist set to true
I/MSimTelephonyRegistry( 1042): notifyServiceState: 1 1 home voice home data home null null null null null null  Unknown Unknown CSS not supported -1 -1 RoamInd=-1 DefRoamInd=-1 EmergOnly=false
D/MobileDataStateTracker( 1042): mms: Received state=DISCONNECTED, old=DISCONNECTED, reason=roamingOff
D/MobileDataStateTracker( 1042): cbs: Broadcast received: android.intent.action.ANY_DATA_STATE apnType=cbs
D/MobileDataStateTracker( 1042): cbs: subscription=0, dds=0
D/MobileDataStateTracker( 1042): cbs: Received state=DISCONNECTED, old=DISCONNECTED, reason=roamingOff
D/MccTable( 1290): WIFI_COUNTRY_CODE set to 
I/WifiService( 1042): WifiService trying to set country code to  with persist set to true
I/MSimTelephonyRegistry( 1042): notifyServiceState: 1 1 home voice home data home null null null null null null  Unknown Unknown CSS not supported -1 -1 RoamInd=-1 DefRoamInd=-1 EmergOnly=true
I/SFPerfTracer(  259):      triggers: (rate: 4:142) (compose: 0:7) (post: 0:0) (render: 0:5) (0:148 frames) (1:893)
D/SFPerfTracer(  259):        layers: (4:9) (BootAnimation: 0:777)* (FocusedStackFrame: 0:1)* (StatusBar: 0:30) (NavigationBar: 0:8) (Keyguard: 1:70) (com.android.systemui.ImageWallpaper: 0:6) (com.teslacoilsw.launcher/com.android.launcher2.Launcher: 0:32)* 
I/ActivityManager( 1042): Start proc com.google.android.apps.maps for broadcast com.google.android.apps.maps/com.google.android.apps.gmm.iamhere.ble.StartBleServiceReceiver: pid=1848 uid=10060 gids={50060, 3003, 1028, 1015, 3002, 3001}
D/MccTable( 1290): Not a Default subscription, ignoring mccmnc config update.
I/ActivityManager( 1042): Start proc com.google.android.gms for service com.google.android.gms/.analytics.service.AnalyticsService: pid=1880 uid=10021 gids={50021, 3003, 1007, 1028, 1015, 3002, 3001, 3007, 2001, 3006}
I/ActivityManager( 1042): Start proc com.android.settings for broadcast com.android.settings/.widget.SettingsAppWidgetProvider: pid=1908 uid=1000 gids={41000, 1028, 1015, 3002, 3001, 3003, 1021, 3004, 3005, 1000, 3009, 1023, 1010, 1004, 2002, 3006}
D/WifiService( 1042): New client listening to asynchronous messages
W/ContextImpl( 1908): Calling a method in the system process without a qualified user: android.app.ContextImpl.bindService:1672 android.content.ContextWrapper.bindService:517 android.bluetooth.BluetoothInputDevice.doBind:256 android.bluetooth.BluetoothInputDevice.<init>:249 android.bluetooth.BluetoothAdapter.getProfileProxy:1367 
W/ContextImpl( 1908): Calling a method in the system process without a qualified user: android.app.ContextImpl.bindService:1672 android.content.ContextWrapper.bindService:517 android.bluetooth.BluetoothPan.doBind:148 android.bluetooth.BluetoothPan.<init>:141 android.bluetooth.BluetoothAdapter.getProfileProxy:1370 
W/ContextImpl( 1908): Calling a method in the system process without a qualified user: android.app.ContextImpl.bindService:1672 android.content.ContextWrapper.bindService:517 android.bluetooth.BluetoothMap.doBind:109 android.bluetooth.BluetoothMap.<init>:102 android.bluetooth.BluetoothAdapter.getProfileProxy:1379 
W/ContextImpl( 1908): Calling a method in the system process without a qualified user: android.app.ContextImpl.bindService:1672 android.content.ContextWrapper.bindService:517 android.bluetooth.BluetoothPbap.doBind:164 android.bluetooth.BluetoothPbap.<init>:157 com.android.settings.bluetooth.PbapServerProfile.<init>:68 
I/ActivityManager( 1042): Start proc com.motorola.bodyguard for broadcast com.motorola.bodyguard/.app.BodyguardReceiver: pid=1923 uid=10004 gids={50004, 3003, 1028, 1015}
D/MccTable( 1290): updateMccMncConfiguration: mcc=404, mnc=20
D/MccTable( 1290): getLocaleFromMcc to null_in mcc=404
D/MccTable( 1290): getLocaleForLanguageCountry: skipping no language
D/MccTable( 1290): updateMccMncConfiguration updateConfig config={1.0 404mcc20mnc ?locale ?layoutDir ?swdp ?wdp ?hdp ?density ?lsize ?long ?orien ?uimode ?night ?touch ?keyb/?/? ?nav/??spn}
I/ActivityManager( 1042): Config changes=3 {1.0 404mcc20mnc en_US ldltr sw360dp w360dp h566dp 240dpi nrml port finger -keyb/v/h -nav/h s.5?spn}
I/ActivityManager( 1042): Start proc com.motorola.context for broadcast com.motorola.context/.publisher.location.LocationReceiver: pid=1941 uid=10010 gids={50010, 3001, 3002, 3003}
D/MccTable( 1290): updateMccMncConfiguration: mcc=404, mnc=20
D/MccTable( 1290): getLocaleFromMcc to null_in mcc=404
D/MccTable( 1290): getLocaleForLanguageCountry: skipping no language
D/MccTable( 1290): WIFI_COUNTRY_CODE set to in
I/WifiService( 1042): WifiService trying to set country code to in with persist set to true
D/ConnectivityService( 1042): setProvNotificationVisible: E visible=false networkType=1 extraInfo=null url=null
I/MSimTelephonyRegistry( 1042): notifyServiceState: 0 1 home voice home data home Vodafone IN Vodafone IN 40420 Vodafone IN Vodafone IN 40420  UMTS Unknown CSS not supported -1 -1 RoamInd=-1 DefRoamInd=-1 EmergOnly=false
W/ActivityThread( 1042): ClassLoader.loadClass: The class loader returned by Thread.getContextClassLoader() may fail for processes that host multiple applications. You should explicitly specify a context class loader. For example: Thread.setContextClassLoader(getClass().getClassLoader());
I/SFPerfTracer(  259):      triggers: (rate: 0:0) (0 sw vsyncs) (0 skipped) (12:35 vsyncs) (14:919)
W/ContextImpl( 1042): Calling a method in the system process without a qualified user: android.app.ContextImpl.sendBroadcast:1266 android.net.CaptivePortalTracker.sendNetworkConditionsBroadcast:507 android.net.CaptivePortalTracker.isCaptivePortal:399 android.net.CaptivePortalTracker.access$2600:60 android.net.CaptivePortalTracker$DelayedCaptiveCheckState.processMessage:283 
I/ActivityManager( 1042): Killing 1181:com.internet.speed.meter/u0a119 (adj 15): empty #9
I/ActivityManager( 1042): Start proc com.google.android.apps.uploader for broadcast com.google.android.apps.uploader/com.google.android.picasasync.BatteryReceiver: pid=1998 uid=10072 gids={50072, 3003, 1028, 1015}
I/ActivityManager( 1042): Start proc com.android.chrome for broadcast com.android.chrome/com.google.android.apps.chrome.precache.PrecacheServiceLauncher: pid=2021 uid=10054 gids={50054, 3003, 1028, 1015}
D/MccTable( 1290): updateMccMncConfiguration: mcc=404, mnc=20
D/MccTable( 1290): getLocaleFromMcc to null_in mcc=404
D/MccTable( 1290): getLocaleForLanguageCountry: skipping no language
D/MccTable( 1290): WIFI_COUNTRY_CODE set to in
I/ActivityManager( 1042): Killing 1368:com.android.printspooler/u0a84 (adj 15): empty #9
I/WifiService( 1042): WifiService trying to set country code to in with persist set to true
I/MSimTelephonyRegistry( 1042): notifyServiceState: 0 0 home voice home data home Vodafone IN Vodafone IN 40420 Vodafone IN Vodafone IN 40420  UMTS HSPA CSS not supported -1 -1 RoamInd=-1 DefRoamInd=-1 EmergOnly=false
D/ConnectivityService( 1042): captivePortalCheckCompleted: ni=NetworkInfo: type: WIFI[], state: CONNECTED/CONNECTED, reason: (unspecified), extra: "SAHILJAIN-PC_Network", roaming: false, failover: false, isAvailable: true, isConnectedToProvisioningNetwork: false captive=false
D/MSimTelephonyRegistry( 1042): Notify data connection state changed on sub: 0
D/MobileDataStateTracker( 1042): fota: Broadcast received: android.intent.action.ANY_DATA_STATE apnType=fota
D/MobileDataStateTracker( 1042): fota: subscription=0, dds=0
D/MobileDataStateTracker( 1042): fota: Received state=DISCONNECTED, old=DISCONNECTED, reason=dataAttached
D/MobileDataStateTracker( 1042): stdhipri: Broadcast received: android.intent.action.ANY_DATA_STATE apnType=stdhipri
D/MobileDataStateTracker( 1042): stdhipri: subscription=0, dds=0
D/MobileDataStateTracker( 1042): stdhipri: Received state=DISCONNECTED, old=DISCONNECTED, reason=dataAttached
D/MobileDataStateTracker( 1042): dun: Broadcast received: android.intent.action.ANY_DATA_STATE apnType=dun
D/MobileDataStateTracker( 1042): dun: subscription=0, dds=0
D/MobileDataStateTracker( 1042): dun: Received state=DISCONNECTED, old=DISCONNECTED, reason=dataAttached
D/MobileDataStateTracker( 1042): supl: Broadcast received: android.intent.action.ANY_DATA_STATE apnType=supl
D/MobileDataStateTracker( 1042): supl: subscription=0, dds=0
D/MobileDataStateTracker( 1042): supl: Received state=DISCONNECTED, old=DISCONNECTED, reason=dataAttached
D/MobileDataStateTracker( 1042): hipri: Broadcast received: android.intent.action.ANY_DATA_STATE apnType=hipri
D/MobileDataStateTracker( 1042): hipri: subscription=0, dds=0
D/MobileDataStateTracker( 1042): hipri: Received state=DISCONNECTED, old=DISCONNECTED, reason=dataAttached
D/MobileDataStateTracker( 1042): ims: Broadcast received: android.intent.action.ANY_DATA_STATE apnType=ims
D/MobileDataStateTracker( 1042): ims: subscription=0, dds=0
D/MobileDataStateTracker( 1042): ims: Received state=DISCONNECTED, old=DISCONNECTED, reason=dataAttached
D/MobileDataStateTracker( 1042): vzw800: Broadcast received: android.intent.action.ANY_DATA_STATE apnType=vzw800
D/MobileDataStateTracker( 1042): vzw800: subscription=0, dds=0
D/MobileDataStateTracker( 1042): vzw800: Received state=DISCONNECTED, old=DISCONNECTED, reason=dataAttached
D/MobileDataStateTracker( 1042): default: Broadcast received: android.intent.action.ANY_DATA_STATE apnType=default
D/MobileDataStateTracker( 1042): default: subscription=0, dds=0
D/MobileDataStateTracker( 1042): default: Received state=DISCONNECTED, old=DISCONNECTED, reason=dataAttached
D/MobileDataStateTracker( 1042): mms: Broadcast received: android.intent.action.ANY_DATA_STATE apnType=mms
D/MobileDataStateTracker( 1042): mms: subscription=0, dds=0
D/MobileDataStateTracker( 1042): mms: Received state=DISCONNECTED, old=DISCONNECTED, reason=dataAttached
D/MobileDataStateTracker( 1042): cbs: Broadcast received: android.intent.action.ANY_DATA_STATE apnType=cbs
D/MobileDataStateTracker( 1042): cbs: subscription=0, dds=0
D/MobileDataStateTracker( 1042): cbs: Received state=DISCONNECTED, old=DISCONNECTED, reason=dataAttached
D/MobileDataStateTracker( 1042): fota: Broadcast received: android.intent.action.ANY_DATA_STATE apnType=fota
D/MobileDataStateTracker( 1042): fota: subscription=0, dds=0
D/MobileDataStateTracker( 1042): fota: Received state=DISCONNECTED, old=DISCONNECTED, reason=simLoaded
D/MobileDataStateTracker( 1042): stdhipri: Broadcast received: android.intent.action.ANY_DATA_STATE apnType=stdhipri
D/MobileDataStateTracker( 1042): stdhipri: subscription=0, dds=0
D/MobileDataStateTracker( 1042): stdhipri: Received state=DISCONNECTED, old=DISCONNECTED, reason=simLoaded
D/MobileDataStateTracker( 1042): dun: Broadcast received: android.intent.action.ANY_DATA_STATE apnType=dun
D/MobileDataStateTracker( 1042): dun: subscription=0, dds=0
D/MobileDataStateTracker( 1042): dun: Received state=DISCONNECTED, old=DISCONNECTED, reason=simLoaded
D/MobileDataStateTracker( 1042): supl: Broadcast received: android.intent.action.ANY_DATA_STATE apnType=supl
D/MobileDataStateTracker( 1042): supl: subscription=0, dds=0
D/MobileDataStateTracker( 1042): supl: Received state=DISCONNECTED, old=DISCONNECTED, reason=simLoaded
D/MobileDataStateTracker( 1042): hipri: Broadcast received: android.intent.action.ANY_DATA_STATE apnType=hipri
D/MobileDataStateTracker( 1042): hipri: subscription=0, dds=0
D/MobileDataStateTracker( 1042): hipri: Received state=DISCONNECTED, old=DISCONNECTED, reason=simLoaded
D/MobileDataStateTracker( 1042): ims: Broadcast received: android.intent.action.ANY_DATA_STATE apnType=ims
D/MobileDataStateTracker( 1042): ims: subscription=0, dds=0
D/MobileDataStateTracker( 1042): ims: Received state=DISCONNECTED, old=DISCONNECTED, reason=simLoaded
D/MobileDataStateTracker( 1042): vzw800: Broadcast received: android.intent.action.ANY_DATA_STATE apnType=vzw800
D/MobileDataStateTracker( 1042): vzw800: subscription=0, dds=0
D/MobileDataStateTracker( 1042): vzw800: Received state=DISCONNECTED, old=DISCONNECTED, reason=simLoaded
D/MobileDataStateTracker( 1042): default: Broadcast received: android.intent.action.ANY_DATA_STATE apnType=default
D/MobileDataStateTracker( 1042): default: subscription=0, dds=0
D/MobileDataStateTracker( 1042): default: Received state=DISCONNECTED, old=DISCONNECTED, reason=simLoaded
D/MobileDataStateTracker( 1042): mms: Broadcast received: android.intent.action.ANY_DATA_STATE apnType=mms
D/MobileDataStateTracker( 1042): mms: subscription=0, dds=0
D/MobileDataStateTracker( 1042): mms: Received state=DISCONNECTED, old=DISCONNECTED, reason=simLoaded
D/MobileDataStateTracker( 1042): cbs: Broadcast received: android.intent.action.ANY_DATA_STATE apnType=cbs
D/MobileDataStateTracker( 1042): cbs: subscription=0, dds=0
D/MobileDataStateTracker( 1042): cbs: Received state=DISCONNECTED, old=DISCONNECTED, reason=simLoaded
I/ActivityManager( 1042): Killing 1681:com.android.providers.calendar/u0a7 (adj 15): empty #9
I/ActivityManager( 1042): Start proc com.motorola.genie for broadcast com.motorola.genie/.prefetch.PowerStatusReceiver: pid=2046 uid=10025 gids={50025, 3003, 1028, 1015}
I/ActivityManager( 1042): Killing 1722:com.google.android.partnersetup/u0a24 (adj 15): empty #9
I/ActivityManager( 1042): Start proc com.google.android.apps.plus for broadcast com.google.android.apps.plus/com.google.android.libraries.social.autobackup.AutoBackupEnvironment$BatteryReceiver: pid=2064 uid=10082 gids={50082, 3003, 3002, 1028, 1015}
I/ActivityManager( 1042): Killing 1746:android.process.media/u0a17 (adj 15): empty #9
W/AlarmManager( 1042): Window length 9223372036854775807ms suspiciously long; limiting to 1 hour
W/AlarmManager( 1042): Window length 9223372036854775807ms suspiciously long; limiting to 1 hour
I/ActivityManager( 1042): Start proc android.process.media for content provider com.android.providers.media/.MediaProvider: pid=2084 uid=10017 gids={50017, 1028, 1015, 1023, 1024, 2001, 3003, 3007}
D/WifiService( 1042): acquireWifiLockLocked: WifiLock{NlpWifiLock type=2 binder=android.os.BinderProxy@42d2e190}
I/ActivityManager( 1042): Killing 1908:com.android.settings/1000 (adj 15): empty #9
D/WifiService( 1042): Client connection lost with reason: 4
I/ActivityManager( 1042): Start proc com.android.externalstorage for broadcast com.android.externalstorage/.MountReceiver: pid=2108 uid=10019 gids={50019, 1028, 1015, 1023}
I/ActivityManager( 1042): Killing 1923:com.motorola.bodyguard/u0a4 (adj 15): empty #9
I/ActivityManager( 1042): Start proc com.motorola.so for broadcast com.motorola.so/.StorageOptimizerReceiver: pid=2120 uid=10041 gids={50041, 1028, 1015, 1023}
I/ActivityManager( 1042): Start proc com.whatsapp for broadcast com.whatsapp/.ExternalMediaManager$ExternalMediaStateReceiver: pid=2136 uid=10117 gids={50117, 3002, 3003, 1028, 1015}
I/ActivityManager( 1042): Killing 1941:com.motorola.context/u0a10 (adj 15): empty #9
D/WifiService( 1042): releaseWifiLockLocked: WifiLock{NlpWifiLock type=2 binder=android.os.BinderProxy@42d2e190}
I/ActivityManager( 1042): Start proc com.android.vending for service com.android.vending/com.google.android.finsky.billing.iab.InAppBillingService: pid=2163 uid=10036 gids={50036, 3003, 1028, 1015}
I/ActivityManager( 1042): Start proc com.motorola.msimsettings for broadcast com.motorola.msimsettings/.SimCardChangedReceiver: pid=2180 uid=1001 gids={41001, 3002, 3001, 3003, 9004, 2001, 1028, 1015}
V/AlarmManager( 1042): sending alarm Alarm{424767f8 type 3 com.whatsapp}
I/ActivityManager( 1042): Start proc com.android.cellbroadcastreceiver for broadcast com.android.cellbroadcastreceiver/.CellBroadcastReceiver: pid=2193 uid=10052 gids={50052}
V/AlarmManager( 1042): sending alarm Alarm{4240b480 type 3 com.whatsapp}
V/AlarmManager( 1042): sending alarm Alarm{423d45b8 type 3 android}
V/AlarmManager( 1042): sending alarm Alarm{423d2d38 type 2 com.android.providers.calendar}
I/ActivityManager( 1042): Killing 1848:com.google.android.apps.maps/u0a60 (adj 15): empty #9
I/ActivityManager( 1042): Killing 1998:com.google.android.apps.uploader/u0a72 (adj 15): empty #9
I/ActivityManager( 1042): Start proc com.internet.speed.meter for broadcast com.internet.speed.meter/.MainBroadcast: pid=2241 uid=10119 gids={50119}
I/ActivityManager( 1042): Start proc com.android.settings for broadcast com.android.settings/.widget.SettingsAppWidgetProvider: pid=2255 uid=1000 gids={41000, 1028, 1015, 3002, 3001, 3003, 1021, 3004, 3005, 1000, 3009, 1023, 1010, 1004, 2002, 3006}
D/WifiService( 1042): New client listening to asynchronous messages
W/ContextImpl( 2255): Calling a method in the system process without a qualified user: android.app.ContextImpl.bindService:1672 android.content.ContextWrapper.bindService:517 android.bluetooth.BluetoothInputDevice.doBind:256 android.bluetooth.BluetoothInputDevice.<init>:249 android.bluetooth.BluetoothAdapter.getProfileProxy:1367 
W/ContextImpl( 2255): Calling a method in the system process without a qualified user: android.app.ContextImpl.bindService:1672 android.content.ContextWrapper.bindService:517 android.bluetooth.BluetoothPan.doBind:148 android.bluetooth.BluetoothPan.<init>:141 android.bluetooth.BluetoothAdapter.getProfileProxy:1370 
W/ContextImpl( 2255): Calling a method in the system process without a qualified user: android.app.ContextImpl.bindService:1672 android.content.ContextWrapper.bindService:517 android.bluetooth.BluetoothMap.doBind:109 android.bluetooth.BluetoothMap.<init>:102 android.bluetooth.BluetoothAdapter.getProfileProxy:1379 
W/ContextImpl( 2255): Calling a method in the system process without a qualified user: android.app.ContextImpl.bindService:1672 android.content.ContextWrapper.bindService:517 android.bluetooth.BluetoothPbap.doBind:164 android.bluetooth.BluetoothPbap.<init>:157 com.android.settings.bluetooth.PbapServerProfile.<init>:68 
I/ActivityManager( 1042): Start proc com.motorola.bodyguard for broadcast com.motorola.bodyguard/.app.BodyguardReceiver: pid=2273 uid=10004 gids={50004, 3003, 1028, 1015}
I/ActivityManager( 1042): Killing 2021:com.android.chrome/u0a54 (adj 15): empty #9
I/ActivityManager( 1042): Start proc com.motorola.context for broadcast com.motorola.context/.publisher.location.LocationReceiver: pid=2288 uid=10010 gids={50010, 3001, 3002, 3003}
I/ActivityManager( 1042): Start proc com.google.android.apps.maps for broadcast com.google.android.apps.maps/com.google.android.apps.gmm.iamhere.ble.StartBleServiceReceiver: pid=2302 uid=10060 gids={50060, 3003, 1028, 1015, 3002, 3001}
I/ActivityManager( 1042): Killing 2046:com.motorola.genie/u0a25 (adj 15): empty #9
I/ActivityManager( 1042): Killing 2064:com.google.android.apps.plus/u0a82 (adj 15): empty #9
I/ActivityManager( 1042): Start proc com.android.mms for broadcast com.android.mms/.transaction.MmsSystemEventReceiver: pid=2322 uid=10029 gids={50029, 3003, 1028, 1015}
D/CountryDetector( 1042): The first listener is added
I/ActivityManager( 1042): Killing 2108:com.android.externalstorage/u0a19 (adj 15): empty #9
I/ActivityManager( 1042): Start proc com.fattin.togglewidget.hotspot for broadcast com.fattin.togglewidget.hotspot/.HotspotAppWidgetProvider: pid=2342 uid=10144 gids={50144}
I/ActivityManager( 1042): Killing 2120:com.motorola.so/u0a41 (adj 15): empty #9
D/WifiService( 1042): New client listening to asynchronous messages
I/ActivityManager( 1042): Start proc com.aiteam.wifitogglewidget for broadcast com.aiteam.wifitogglewidget/.WifiToggleWidget: pid=2355 uid=10100 gids={50100, 1028, 1015}
I/ActivityManager( 1042): Killing 1242:android.process.acore/u0a9 (adj 15): empty #9
I/ActivityManager( 1042): Killing 2180:com.motorola.msimsettings/1001 (adj 15): empty #9
I/ActivityManager( 1042): Start proc android.process.acore for content provider com.android.providers.contacts/.ContactsProvider2: pid=2368 uid=10009 gids={50009, 3003, 1028, 1015, 1023}
I/ActivityManager( 1042): Killing 2193:com.android.cellbroadcastreceiver/u0a52 (adj 15): empty #9
I/SFPerfTracer(  259):      triggers: (rate: 4:142) (compose: 0:7) (post: 0:0) (render: 0:5) (0:148 frames) (1:993)
D/SFPerfTracer(  259):        layers: (4:8) (FocusedStackFrame: 0:1)* (StatusBar: 1:84) (NavigationBar: 0:9) (Keyguard: 0:94) (com.android.systemui.ImageWallpaper: 0:6) (com.teslacoilsw.launcher/com.android.launcher2.Launcher: 0:55)* 
I/SFPerfTracer(  259):      triggers: (rate: 0:0) (0 sw vsyncs) (0 skipped) (31:99 vsyncs) (33:1022)
I/ActivityManager( 1042): Waited long enough for: ServiceRecord{42d8de60 u0 com.android.providers.media/.MediaScannerService}
I/SFPerfTracer(  259):      triggers: (rate: 4:142) (compose: 0:7) (post: 0:0) (render: 0:5) (0:148 frames) (1:1093)
D/SFPerfTracer(  259):        layers: (4:8) (FocusedStackFrame: 0:1)* (StatusBar: 1:184) (NavigationBar: 0:9) (Keyguard: 0:94) (com.android.systemui.ImageWallpaper: 0:6) (com.teslacoilsw.launcher/com.android.launcher2.Launcher: 0:55)* 
I/ActivityManager( 1042): Waited long enough for: ServiceRecord{42d4c9c0 u0 com.whatsapp/.ExternalMediaManager}
V/AlarmManager( 1042): sending alarm Alarm{42d98088 type 3 com.google.android.wearable.app}
I/SFPerfTracer(  259):      triggers: (rate: 0:0) (0 sw vsyncs) (0 skipped) (0:185 vsyncs) (1:1123)
V/AlarmManager( 1042): sending alarm Alarm{4226a888 type 2 com.whatsapp}
V/AlarmManager( 1042): sending alarm Alarm{42d25828 type 2 android}
I/ActivityManager( 1042): Start proc com.android.cellbroadcastreceiver for broadcast com.android.cellbroadcastreceiver/.CellBroadcastReceiver: pid=2458 uid=10052 gids={50052}
I/ActivityManager( 1042): Start proc com.motorola.msimsettings for broadcast com.motorola.msimsettings/.SimCardChangedReceiver: pid=2472 uid=1001 gids={41001, 3002, 3001, 3003, 9004, 2001, 1028, 1015}
I/ActivityManager( 1042): Killing 2255:com.android.settings/1000 (adj 15): empty #9
D/WifiService( 1042): Client connection lost with reason: 4
I/ActivityManager( 1042): Start proc com.facebook.katana for broadcast com.facebook.katana/com.facebook.push.mqtt.receiver.BootCompleteBroadcastReceiver: pid=2484 uid=10121 gids={50121, 1028, 1015, 3003}
I/ActivityManager( 1042): Killing 2273:com.motorola.bodyguard/u0a4 (adj 15): empty #9
D/WifiService( 1042): New client listening to asynchronous messages
I/ActivityManager( 1042): Start proc com.android.dialer for broadcast com.android.dialer/.calllog.CallLogReceiver: pid=2513 uid=10016 gids={50016, 3003, 1028, 1015, 1023}
I/ActivityManager( 1042): Start proc com.motorola.targetnotif for broadcast com.motorola.targetnotif/com.motorola.loop.bluetooth.BluetoothReceiver: pid=2538 uid=10112 gids={50112, 3002, 3001, 3003}
I/ActivityManager( 1042): Killing 2288:com.motorola.context/u0a10 (adj 15): empty #9
I/ActivityManager( 1042): Killing 2302:com.google.android.apps.maps/u0a60 (adj 15): empty #9
W/ContextImpl( 1042): Calling a method in the system process without a qualified user: android.app.ContextImpl.bindService:1672 android.bluetooth.BluetoothHeadset.doBind:283 android.bluetooth.BluetoothHeadset.<init>:276 android.bluetooth.BluetoothAdapter.getProfileProxy:1361 android.media.AudioService.getBluetoothHeadset:2329 
W/ContextImpl( 1042): Calling a method in the system process without a qualified user: android.app.ContextImpl.bindService:1672 android.bluetooth.BluetoothA2dp.doBind:165 android.bluetooth.BluetoothA2dp.<init>:158 android.bluetooth.BluetoothAdapter.getProfileProxy:1364 android.media.AudioService$AudioServiceBroadcastReceiver.onReceive:4385 
V/WiredAccessoryManager( 1042): notifyWiredAccessoryChanged: when=0 bits= mask=14
V/WiredAccessoryManager( 1042): newName=h2w newState=0 headsetState=0 prev headsetState=0
V/WiredAccessoryManager( 1042): init()
D/UsbDeviceManager( 1042): boot completed
D/UsbDeviceManager( 1042): Boot Complete: persist.sys.phonelock.mode=0
I/PowerManagerService( 1042): Boot animation finished.
I/ActivityManager( 1042): Start proc com.motorola.audioeffects for broadcast com.motorola.audioeffects/.AudioEffectsReceiver: pid=2572 uid=10002 gids={50002}
I/ActivityManager( 1042): Start proc com.chemdroid.screentimeouttoggle for broadcast com.chemdroid.screentimeouttoggle/.BootUpReceiver: pid=2589 uid=10104 gids={50104}
I/ActivityManager( 1042): START u0 {flg=0x10000000 cmp=com.chemdroid.screentimeouttoggle/.ActivityMain (has extras)} from pid 2589
I/WindowManager( 1042): Screenshot max retries 4 of Token{42a2b428 ActivityRecord{42315cd8 u0 com.teslacoilsw.launcher/com.android.launcher2.Launcher t1}} appWin=Window{42c01550 u0 com.teslacoilsw.launcher/com.android.launcher2.Launcher} drawState=4
W/WindowManager( 1042): Screenshot failure taking screenshot for (540x960) to layer 21005
I/UsageStats( 1042): Deleting usage file : usage-20150503
I/ActivityManager( 1042): Start proc com.motorola.ccc for broadcast com.motorola.ccc.devicemanagement/.DeviceAdminPushReceiver: pid=2622 uid=10000 gids={50000, 3003, 1028, 1015, 2001, 1007, 3001, 9004}
I/ActivityManager( 1042): Killing 2342:com.fattin.togglewidget.hotspot/u0a144 (adj 15): empty #9
D/WifiService( 1042): Client connection lost with reason: 4
I/ActivityManager( 1042): Start proc com.motorola.ccc.sso for broadcast com.motorola.ccc.sso.app/.GoogleAccountWatcherSystemReceiver: pid=2639 uid=10000 gids={50000, 3003, 1028, 1015, 2001, 1007, 3001, 9004}
I/ActivityManager( 1042): Start proc com.motorola.motocit for broadcast com.motorola.motocit/.CQATestBootReceiver: pid=2654 uid=10005 gids={50005, 3002, 3001, 1028, 1015, 3003}
I/ActivityManager( 1042): Start proc com.android.calendar for broadcast com.android.calendar/.alerts.AlertReceiver: pid=2667 uid=10006 gids={50006, 3003}
I/ActivityManager( 1042): Killing 2355:com.aiteam.wifitogglewidget/u0a100 (adj 15): empty #9
I/ActivityManager( 1042): Start proc com.android.providers.calendar for broadcast com.android.providers.calendar/.CalendarReceiver: pid=2685 uid=10007 gids={50007, 3003, 1028, 1015}
I/ActivityManager( 1042): Start proc com.google.android.configupdater for broadcast com.google.android.configupdater/.CertPin.CertPinUpdateRequestReceiver: pid=2701 uid=10008 gids={50008, 3003, 2001}
I/ActivityManager( 1042): Killing 2322:com.android.mms/u0a29 (adj 15): empty #9
I/ActivityManager( 1042): Start proc com.motorola.android.dm.service for broadcast com.motorola.android.dm.service/.SmsIntentReceiver: pid=2727 uid=10011 gids={50011, 3003}
I/ActivityManager( 1042): Killing 2368:android.process.acore/u0a9 (adj 15): empty #9
D/WifiService( 1042): New client listening to asynchronous messages
I/ActivityManager( 1042): Start proc com.android.deskclock for broadcast com.android.deskclock/.AlarmInitReceiver: pid=2743 uid=10014 gids={50014, 1028}
I/ActivityManager( 1042): Killing 2472:com.motorola.msimsettings/1001 (adj 15): empty #9
I/BootReceiver( 1042): Copying audit failures to DropBox
I/BootReceiver( 1042): Checking for fsck errors
I/ActivityManager( 1042): Killing 2458:com.android.cellbroadcastreceiver/u0a52 (adj 15): empty #9
I/ActivityManager( 1042): Killing 2513:com.android.dialer/u0a16 (adj 15): empty #9
I/ActivityManager( 1042): Start proc com.android.email for broadcast com.android.email/.service.EmailBroadcastReceiver: pid=2766 uid=10018 gids={50018, 3003, 1028, 1015}
W/BroadcastQueue( 1042): Permission Denial: broadcasting Intent { act=android.net.conn.CONNECTIVITY_CHANGE flg=0x4000010 (has extras) } from null (pid=-1, uid=-1) requires com.facebook.permission.prod.FB_APP_COMMUNICATION due to registered receiver BroadcastFilter{42a49790 u0 ReceiverList{42a49b58 2484 com.facebook.katana/10121/u0 remote:42a4e8d8}}
D/ActivityThread( 2766): Loading provider com.android.email.provider;com.android.email.notifier: com.android.email.provider.EmailProvider
D/ActivityThread( 2766): Loading provider com.android.email.provider;com.android.email.notifier: com.android.email.provider.EmailProvider
I/ActivityManager( 1042): Start proc com.google.android.onetimeinitializer for broadcast com.google.android.onetimeinitializer/.OneTimeInitializerReceiver: pid=2801 uid=10023 gids={50023}
I/ActivityManager( 1042): Start proc com.google.android.partnersetup for broadcast com.google.android.partnersetup/.GooglePartnerSetup: pid=2813 uid=10024 gids={50024, 3003}
I/ActivityManager( 1042): Start proc com.android.mms for broadcast com.android.mms/.transaction.MmsSystemEventReceiver: pid=2841 uid=10029 gids={50029, 3003, 1028, 1015}
I/ActivityManager( 1042): Killing 2538:com.motorola.targetnotif/u0a112 (adj 15): empty #9
I/ActivityManager( 1042): Start proc com.android.exchange for service com.android.exchange/.service.EmailSyncAdapterService: pid=2863 uid=10058 gids={50058, 3003, 1028, 1015}
W/ActivityManager( 1042): Unable to start service Intent { cmp=com.android.email/.service.AttachmentDownloadService } U=0: not found
I/ActivityManager( 1042): Killing 2589:com.chemdroid.screentimeouttoggle/u0a104 (adj 15): empty #9
W/ContextImpl( 1299): Calling a method in the system process without a qualified user: android.app.ContextImpl.startService:1608 android.content.ContextWrapper.startService:494 android.content.ContextWrapper.startService:494 com.motorola.authentication.MotAuthenticationReceiver.onReceive:29 android.app.ActivityThread.handleReceiver:2434 
W/ContextImpl( 1299): Calling a method in the system process without a qualified user: android.app.ContextImpl.sendBroadcast:1266 android.content.ContextWrapper.sendBroadcast:370 com.motorola.authentication.MotAuthenticationService.sendDeviceAttachIntent:820 com.motorola.authentication.MotAuthenticationService.access$1300:60 com.motorola.authentication.MotAuthenticationService$MessageHandler.handleMessage:556 
I/ActivityManager( 1042): Start proc com.motorola.MotGallery2 for broadcast com.motorola.MotGallery2/com.android.gallery3d.util.BootCompleteReceiver: pid=2879 uid=10032 gids={50032, 3003, 1028, 1015}
W/ContextImpl( 1299): Calling a method in the system process without a qualified user: android.app.ContextImpl.sendBroadcast:1266 android.content.ContextWrapper.sendBroadcast:370 com.motorola.authentication.MotAuthenticationService.handleTrustedLocationStateChange:939 com.motorola.authentication.MotAuthenticationService$MessageHandler.handleMessage:557 android.os.Handler.dispatchMessage:102 
W/ContextImpl( 1299): Calling a method in the system process without a qualified user: android.app.ContextImpl.sendBroadcast:1266 android.content.ContextWrapper.sendBroadcast:370 com.motorola.authentication.MotAuthenticationService.handleKeepDeviceUnlockRequest:732 com.motorola.authentication.MotAuthenticationService.access$1500:60 com.motorola.authentication.MotAuthenticationService$MessageHandler.handleMessage:563 
W/ContextImpl( 1299): Calling a method in the system process without a qualified user: android.app.ContextImpl.sendBroadcast:1266 android.content.ContextWrapper.sendBroadcast:370 com.motorola.authentication.MotAuthenticationService.handleKeepDeviceUnlockRequest:732 com.motorola.authentication.MotAuthenticationService.access$1500:60 com.motorola.authentication.MotAuthenticationService$MessageHandler.handleMessage:563 
W/ContextImpl( 1299): Calling a method in the system process without a qualified user: android.app.ContextImpl.sendBroadcast:1266 android.content.ContextWrapper.sendBroadcast:370 com.motorola.authentication.MotAuthenticationService.sendPolicyChangeIntent:829 com.motorola.authentication.MotAuthenticationService.handleDevicePolicyCheck:688 com.motorola.authentication.MotAuthenticationService.access$1400:60 
I/ActivityManager( 1042): Killing 2639:com.motorola.ccc.sso/u0a0 (adj 15): empty #9
I/ActivityManager( 1042): Killing 2654:com.motorola.motocit/u0a5 (adj 15): empty #9
I/ActivityManager( 1042): Start proc com.motorola.motocare for broadcast com.motorola.motocare/.MotoCareReceiver: pid=2897 uid=10034 gids={50034, 3002, 1007, 1028}
I/ActivityManager( 1042): Killing 2701:com.google.android.configupdater/u0a8 (adj 15): empty #9
W/ActivityManager( 1042): Unable to start service Intent { cmp=com.android.email/.service.AttachmentDownloadService } U=0: not found
V/AlarmManager( 1042): sending alarm Alarm{42d2aaf0 type 3 com.motorola.motocare}
I/ActivityManager( 1042): Start proc com.motorola.android.provisioning for broadcast com.motorola.android.provisioning/.MsgReceiver: pid=2914 uid=10035 gids={50035}
W/ActivityManager( 1042): Unable to start service Intent { cmp=com.android.email/.service.AttachmentDownloadService } U=0: not found
I/ActivityManager( 1042): Start proc com.motorola.android.providers.userpreferredsim for broadcast com.motorola.android.providers.userpreferredsim/com.motorola.smartsim.bestcost.SmartSimEventsReceiver: pid=2931 uid=10042 gids={50042, 3003}
I/ActivityManager( 1042): Killing 2727:com.motorola.android.dm.service/u0a11 (adj 15): empty #9
D/WifiService( 1042): Client connection lost with reason: 4
I/ActivityManager( 1042): Start proc com.motorola.wappushsi for broadcast com.motorola.wappushsi/.WapPushMsgReceiver: pid=2949 uid=10046 gids={50046}
I/ActivityManager( 1042): Killing 2743:com.android.deskclock/u0a14 (adj 15): empty #9
I/ActivityManager( 1042): Killing 2685:com.android.providers.calendar/u0a7 (adj 15): empty #9
I/ActivityManager( 1042): Start proc com.android.cellbroadcastreceiver for broadcast com.android.cellbroadcastreceiver/.CellBroadcastReceiver: pid=2964 uid=10052 gids={50052}
D/WifiService( 1042): New client listening to asynchronous messages
I/ActivityManager( 1042): Start proc android.process.acore for content provider com.android.providers.contacts/.ContactsProvider2: pid=2986 uid=10009 gids={50009, 3003, 1028, 1015, 1023}
I/ActivityManager( 1042): Start proc com.qualcomm.qualcommsettings for broadcast com.qualcomm.qualcommsettings/.Dun_Autoboot: pid=2995 uid=1000 gids={41000, 1028, 1015, 3002, 3001, 3003, 1021, 3004, 3005, 1000, 3009, 1023, 1010, 1004, 2002, 3006}
D/WifiService( 1042): acquireWifiLockLocked: WifiLock{NlpWifiLock type=2 binder=android.os.BinderProxy@42b9e168}
I/ActivityManager( 1042): Killing 2801:com.google.android.onetimeinitializer/u0a23 (adj 15): empty #9
W/ContextImpl( 1299): Calling a method in the system process without a qualified user: android.app.ContextImpl.startService:1608 android.content.ContextWrapper.startService:494 android.content.ContextWrapper.startService:494 com.motorola.contextual.fw.actions.BootCompleteReceiver.onReceive:58 android.app.ActivityThread.handleReceiver:2434 
W/ContextImpl( 1299): Calling a method in the system process without a qualified user: android.app.ContextImpl.startService:1608 android.content.ContextWrapper.startService:494 android.content.ContextWrapper.startService:494 com.motorola.contextual.fw.pluginserver.PluginServerService.startPluginServerService:97 com.motorola.contextual.fw.actions.BootCompleteReceiver.onReceive:67 
W/ContextImpl( 1299): Calling a method in the system process without a qualified user: android.app.ContextImpl.startService:1608 android.content.ContextWrapper.startService:494 android.content.ContextWrapper.startService:494 com.motorola.contextual.fw.actions.BootCompleteReceiver.onReceive:72 android.app.ActivityThread.handleReceiver:2434 
W/ContextImpl( 1299): Calling a method in the system process without a qualified user: android.app.ContextImpl.sendBroadcast:1252 android.content.ContextWrapper.sendBroadcast:365 com.motorola.contextual.fw.actions.SmartActionsDataClearService.onHandleIntent:90 android.app.IntentService$ServiceHandler.handleMessage:65 android.os.Handler.dispatchMessage:102 
I/ActivityManager( 1042): Start proc com.qualcomm.atfwd for broadcast com.qualcomm.atfwd/.AtFwdAutoboot: pid=3026 uid=1000 gids={41000, 1028, 1015, 3002, 3001, 3003, 1021, 3004, 3005, 1000, 3009, 1023, 1010, 1004, 2002, 3006}
I/ActivityManager( 1042): Killing 2813:com.google.android.partnersetup/u0a24 (adj 15): empty #9
W/ContextImpl( 1299): Calling a method in the system process without a qualified user: android.app.ContextImpl.startService:1608 android.content.ContextWrapper.startService:494 android.content.ContextWrapper.startService:494 com.motorola.android.nativedropboxagent.BootReceiver.onReceive:14 android.app.ActivityThread.handleReceiver:2434 
W/ContextImpl( 1042): Calling a method in the system process without a qualified user: android.app.ContextImpl.startService:1608 android.content.ContextWrapper.startService:494 android.content.ContextWrapper.startService:494 com.qualcomm.location.LocationServiceReceiver.onReceive:37 android.app.ActivityThread.handleReceiver:2434 
W/ContextImpl( 1042): Calling a method in the system process without a qualified user: android.app.ContextImpl.startService:1608 android.content.ContextWrapper.startService:494 android.content.ContextWrapper.startService:494 com.qualcomm.location.LocationServiceReceiver.onReceive:41 android.app.ActivityThread.handleReceiver:2434 
I/ActivityManager( 1042): Start proc com.qualcomm.qcrilmsgtunnel for broadcast com.qualcomm.qcrilmsgtunnel/.QcrilMsgTunnelAutoboot: pid=3044 uid=1001 gids={41001, 3002, 3001, 3003, 9004, 2001, 1028, 1015}
I/ActivityManager( 1042): Start proc com.google.android.gm for broadcast com.google.android.gm/.GoogleMailDeviceStartupReceiver: pid=3058 uid=10061 gids={50061, 3003, 1028, 1015}
I/ActivityManager( 1042): Killing 2863:com.android.exchange/u0a58 (adj 15): empty #9
D/ActivityThread( 3058): Loading provider com.google.android.gmail.provider;com.android.mail.notifier;com.google.android.gm.email.provider;com.google.android.gm.email.notifier: com.android.email.provider.EmailProvider
E/ActivityThread( 2622): Failed to find provider info for com.motorola.blur.setupprovider
W/ActivityManager( 1042): Unable to start service Intent { act=com.google.android.gm.email.EXCHANGE_INTENT pkg=com.google.android.gm.exchange } U=0: not found
W/ActivityManager( 1042): Unable to start service Intent { act=com.google.android.gm.email.EXCHANGE_INTENT pkg=com.google.android.gm.exchange } U=0: not found
W/ActivityManager( 1042): Unable to start service Intent { act=com.google.android.gm.email.EXCHANGE_INTENT pkg=com.google.android.gm.exchange } U=0: not found
E/ActivityThread( 2622): Failed to find provider info for com.motorola.blur.setupprovider
I/ActivityManager( 1042): Start proc com.motorola.camera for broadcast com.motorola.camera/.BootReceiver: pid=3113 uid=10031 gids={50031, 1028, 1015}
V/AlarmManager( 1042): sending alarm Alarm{42a53b60 type 3 android}
V/AlarmManager( 1042): sending alarm Alarm{42a43180 type 2 com.facebook.katana}
V/AlarmManager( 1042): sending alarm Alarm{42a3c808 type 2 com.android.providers.calendar}
W/ActivityManager( 1042): Unable to start service Intent { cmp=com.google.android.gm/com.android.email.service.AttachmentService } U=0: not found
D/WifiService( 1042): releaseWifiLockLocked: WifiLock{NlpWifiLock type=2 binder=android.os.BinderProxy@42b9e168}
W/ActivityManager( 1042): Unable to start service Intent { act=com.google.android.gm.email.EXCHANGE_INTENT pkg=com.google.android.gm.exchange } U=0: not found
W/AppOps  ( 1042): Bad call: specified package qcamera under uid 1013 but it is really -1
W/ActivityManager( 1042): Unable to start service Intent { act=com.google.android.gm.email.EXCHANGE_INTENT pkg=com.google.android.gm.exchange } U=0: not found
E/ActivityThread( 3058): Service com.android.email.service.EmailBroadcastProcessorService has leaked ServiceConnection com.android.emailcommon.service.aj@42306590 that was originally bound here
E/ActivityThread( 3058): android.app.ServiceConnectionLeaked: Service com.android.email.service.EmailBroadcastProcessorService has leaked ServiceConnection com.android.emailcommon.service.aj@42306590 that was originally bound here
E/ActivityThread( 3058): 	at android.app.LoadedApk$ServiceDispatcher.<init>(LoadedApk.java:979)
E/ActivityThread( 3058): 	at android.app.LoadedApk.getServiceDispatcher(LoadedApk.java:873)
E/ActivityThread( 3058): 	at android.app.ContextImpl.bindServiceCommon(ContextImpl.java:1690)
E/ActivityThread( 3058): 	at android.app.ContextImpl.bindService(ContextImpl.java:1673)
E/ActivityThread( 3058): 	at android.content.ContextWrapper.bindService(ContextWrapper.java:517)
E/ActivityThread( 3058): 	at com.android.emailcommon.service.ah.a(SourceFile:181)
E/ActivityThread( 3058): 	at com.android.emailcommon.service.ah.e(SourceFile:224)
E/ActivityThread( 3058): 	at com.android.email.service.n.c(SourceFile:160)
E/ActivityThread( 3058): 	at com.android.email.provider.b.a(SourceFile:171)
E/ActivityThread( 3058): 	at com.android.email.provider.b.a(SourceFile:115)
E/ActivityThread( 3058): 	at com.android.email.service.EmailBroadcastProcessorService.c(SourceFile:313)
E/ActivityThread( 3058): 	at com.android.email.service.EmailBroadcastProcessorService.onHandleIntent(SourceFile:134)
E/ActivityThread( 3058): 	at android.app.IntentService$ServiceHandler.handleMessage(IntentService.java:65)
E/ActivityThread( 3058): 	at android.os.Handler.dispatchMessage(Handler.java:102)
E/ActivityThread( 3058): 	at android.os.Looper.loop(Looper.java:136)
E/ActivityThread( 3058): 	at android.os.HandlerThread.run(HandlerThread.java:61)
W/ActivityManager( 1042): Unbind failed: could not find connection for android.os.BinderProxy@42b72a88
W/AppOps  ( 1042): Bad call: specified package qcamera under uid 1013 but it is really -1
W/ActivityManager( 1042): Unable to start service Intent { act=com.google.android.gm.email.EXCHANGE_INTENT pkg=com.google.android.gm.exchange } U=0: not found
I/ActivityManager( 1042): Killing 2879:com.motorola.MotGallery2/u0a32 (adj 15): empty #9
W/BroadcastQueue( 1042): Permission Denial: broadcasting Intent { act=android.net.conn.CONNECTIVITY_CHANGE flg=0x4000010 (has extras) } from null (pid=-1, uid=-1) requires com.facebook.permission.prod.FB_APP_COMMUNICATION due to registered receiver BroadcastFilter{4246a638 u0 ReceiverList{4246a5f8 2484 com.facebook.katana/10121/u0 remote:42b84f70}}
I/ActivityManager( 1042): Killing 2766:com.android.email/u0a18 (adj 15): empty #9
I/ActivityManager( 1042): Start proc com.motorola.bodyguard for broadcast com.motorola.bodyguard/.app.BodyguardReceiver: pid=3158 uid=10004 gids={50004, 3003, 1028, 1015}
I/ActivityManager( 1042): Start proc com.motorola.genie for broadcast com.motorola.genie/.model.GenieReceiver: pid=3188 uid=10025 gids={50025, 3003, 1028, 1015}
I/ActivityManager( 1042): Start proc com.google.android.inputmethod.latin for broadcast com.google.android.inputmethod.latin/com.android.inputmethod.latin.SystemBroadcastReceiver: pid=3216 uid=10069 gids={50069, 3003, 1028, 1015}
I/ActivityManager( 1042): Killing 2914:com.motorola.android.provisioning/u0a35 (adj 15): empty #9
W/ActivityThread( 1423): ClassLoader.loadClass: The class loader returned by Thread.getContextClassLoader() may fail for processes that host multiple applications. You should explicitly specify a context class loader. For example: Thread.setContextClassLoader(getClass().getClassLoader());
I/ActivityManager( 1042): Killing 2931:com.motorola.android.providers.userpreferredsim/u0a42 (adj 15): empty #9
I/ActivityManager( 1042): Process com.google.android.inputmethod.latin (pid 3216) has died.
I/ActivityManager( 1042): Start proc com.motorola.context for broadcast com.motorola.context/.receiver.BootComplete: pid=3244 uid=10010 gids={50010, 3001, 3002, 3003}
V/AlarmManager( 1042): sending alarm Alarm{42192f00 type 1 com.motorola.context}
I/ActivityManager( 1042): Start proc com.google.android.youtube for broadcast com.google.android.youtube/com.google.android.libraries.youtube.upload.service.UploadService$BootReceiver: pid=3258 uid=10092 gids={50092, 3003, 1028, 1015}
I/ActivityManager( 1042): Start proc com.google.android.apps.maps for service com.google.android.apps.maps/com.google.android.apps.gmm.wearable.GmmWearableListenerService: pid=3272 uid=10060 gids={50060, 3003, 1028, 1015, 3002, 3001}
I/PowerManagerService( 1042): Going to sleep due to screen timeout...
D/ConnectivityService( 1042): handleInetConditionHoldEnd: net=1, condition=100, published condition=0
I/ActivityManager( 1042): Start proc com.google.android.apps.cultural.culturewear for service com.google.android.apps.cultural.culturewear/.ShowArtworkListenerService: pid=3285 uid=10239 gids={50239, 3003}
I/ActivityManager( 1042): Start proc com.google.android.music:main for service com.google.android.music/.wear.MusicWearableListenerService: pid=3290 uid=10076 gids={50076, 3003, 1028, 1015}
I/ActivityManager( 1042): Start proc com.motorola.targetnotif for service com.motorola.targetnotif/com.motorola.motoproxy.MotoProxyService: pid=3303 uid=10112 gids={50112, 3002, 3001, 3003}
I/ActivityManager( 1042): Start proc com.facebook.orca for service com.facebook.orca/com.facebook.wearlistener.DataLayerListenerService: pid=3331 uid=10123 gids={50123, 3003, 1028, 1015}
I/ActivityManager( 1042): Start proc com.google.android.keep for service com.google.android.keep/.microapp.WearableService: pid=3344 uid=10094 gids={50094, 3003, 1028, 1015}
I/WindowManager( 1042): Lock screen displayed!
I/ActivityManager( 1042): Killing 2949:com.motorola.wappushsi/u0a46 (adj 15): empty #9
I/ActivityManager( 1042): Killing 2964:com.android.cellbroadcastreceiver/u0a52 (adj 15): empty #9
D/WifiService( 1042): acquireWifiLockLocked: WifiLock{NlpWifiLock type=2 binder=android.os.BinderProxy@42a87d18}
I/ActivityManager( 1042): Killing 2995:com.qualcomm.qualcommsettings/1000 (adj 15): empty #9
D/WifiService( 1042): releaseWifiLockLocked: WifiLock{NlpWifiLock type=2 binder=android.os.BinderProxy@42a87d18}
I/ActivityManager( 1042): Start proc com.google.android.talk for broadcast com.google.android.talk/com.google.android.apps.hangouts.service.BootReceiver: pid=3507 uid=10067 gids={50067, 3003, 1028, 1015, 3002}
I/ActivityManager( 1042): Killing 3026:com.qualcomm.atfwd/1000 (adj 15): empty #9
I/ActivityManager( 1042): Waited long enough for: ServiceRecord{42d00230 u0 com.motorola.audioeffects/.AudioEffectsService}
W/AppOps  ( 1042): Bad call: specified package qcamera under uid 1013 but it is really -1
W/AppOps  ( 1042): Bad call: specified package qcamera under uid 1013 but it is really -1
I/PackageManager( 1042): Adding preferred activity ComponentInfo{com.android.mms/com.android.mms.ui.ComposeMessageActivity} for user 0 :
I/PackageManager( 1042): Adding preferred activity ComponentInfo{com.android.mms/com.android.mms.ui.ComposeMessageActivity} for user 0 :
I/PackageManager( 1042): Adding preferred activity ComponentInfo{com.android.mms/com.android.mms.ui.ComposeMessageActivity} for user 0 :
I/PackageManager( 1042): Adding preferred activity ComponentInfo{com.android.mms/com.android.mms.ui.ComposeMessageActivity} for user 0 :
I/PackageManager( 1042): Adding preferred activity ComponentInfo{com.android.mms/com.android.mms.ui.ComposeMessageActivity} for user 0 :
I/ActivityManager( 1042): Waited long enough for: ServiceRecord{42d6c538 u0 com.motorola.ccc.devicemanagement/.DeviceManagementNotifierService}
I/PackageManager( 1042): Adding preferred activity ComponentInfo{com.android.mms/com.android.mms.ui.ComposeMessageActivity} for user 0 :
I/PackageManager( 1042): Adding preferred activity ComponentInfo{com.android.mms/com.android.mms.ui.ComposeMessageActivity} for user 0 :
I/PackageManager( 1042): Adding preferred activity ComponentInfo{com.android.mms/com.android.mms.ui.ComposeMessageActivity} for user 0 :
I/ActivityManager( 1042): Waited long enough for: ServiceRecord{42d4ddd0 u0 com.android.calendar/.alerts.InitAlarmsService}
I/PowerManagerService( 1042): Waking up from sleep...
I/ActivityManager( 1042): Start proc com.google.android.inputmethod.pinyin for broadcast com.google.android.inputmethod.pinyin/com.google.android.apps.inputmethod.libs.framework.core.LauncherIconVisibilityInitializer: pid=3549 uid=10063 gids={50063, 3003, 1028, 1015}
I/WindowManager( 1042): Lock screen displayed!
D/DisplayPowerController( 1042): Unblocked screen on after 114648 ms
I/SFPerfTracer(  259):      triggers: (rate: 4:145) (compose: 0:7) (post: 0:0) (render: 0:5) (0:170 frames) (1:1193)
D/SFPerfTracer(  259):        layers: (4:11) (FocusedStackFrame: 0:1)* (StatusBar: 0:237) (NavigationBar: 0:10) (Keyguard: 1:112) (com.android.systemui.ImageWallpaper: 0:6) (com.teslacoilsw.launcher/com.android.launcher2.Launcher: 0:56)* (ElectronBeam: 0:25)* 
I/ActivityManager( 1042): Start proc com.android.providers.calendar for content provider com.android.providers.calendar/.CalendarProvider2: pid=3580 uid=10007 gids={50007, 3003, 1028, 1015}
W/BroadcastQueue( 1042): Permission Denial: broadcasting Intent { act=android.net.conn.INET_CONDITION_ACTION flg=0x4000010 (has extras) } from null (pid=-1, uid=-1) requires com.facebook.permission.prod.FB_APP_COMMUNICATION due to registered receiver BroadcastFilter{424aaf88 u0 ReceiverList{424aae68 3331 com.facebook.orca/10123/u0 remote:42dae088}}
