D/Event   ( 7096): No subscribers registered for event class com.whatsapp.alk
D/Event   ( 7096): No subscribers registered for event class de.greenrobot.event.a
D/dalvikvm( 7096): Trying to load lib /data/app-lib/com.whatsapp-1/libvlc.so 0x4218fe48
D/dalvikvm( 7096): Added shared lib /data/app-lib/com.whatsapp-1/libvlc.so 0x4218fe48
D/dalvikvm( 7096): No JNI_OnLoad found in /data/app-lib/com.whatsapp-1/libvlc.so 0x4218fe48, skipping init
D/dalvikvm( 7096): Trying to load lib /data/app-lib/com.whatsapp-1/libresample.so 0x4218fe48
D/dalvikvm( 7096): Added shared lib /data/app-lib/com.whatsapp-1/libresample.so 0x4218fe48
D/dalvikvm( 7096): No JNI_OnLoad found in /data/app-lib/com.whatsapp-1/libresample.so 0x4218fe48, skipping init
D/dalvikvm( 7096): Trying to load lib /data/app-lib/com.whatsapp-1/libwhatsapp.so 0x4218fe48
D/dalvikvm( 7096): Added shared lib /data/app-lib/com.whatsapp-1/libwhatsapp.so 0x4218fe48
I/WhatsApp( 7096): LL_I W [1:main]Runtime.java:421 22:12:17.893 os_core_unix.c !pjlib 2.2.1 for POSIX initialized
I/WhatsApp( 7096): LL_I W [1:main]Runtime.java:421 22:12:17.907 wa_audio_dev.c !WA Audio sound library initialized
I/WhatsApp( 7096): LL_I W [1:main]Runtime.java:421 22:12:17.908          pjlib  select() I/O Queue created (0x54e13434)
I/WhatsApp( 7096): LL_I W [1:main]Runtime.java:421 22:12:17.909      wa_opus.c  pjmedia_codec_opus_init start
I/WhatsApp( 7096): LL_I W [1:main]Runtime.java:421 22:12:17.910      wa_opus.c  pjmedia_codec_opus_init success
D/dalvikvm( 7096): Trying to load lib /data/app-lib/com.whatsapp-1/libcurve25519.so 0x4218fe48
D/dalvikvm( 7096): Added shared lib /data/app-lib/com.whatsapp-1/libcurve25519.so 0x4218fe48
D/dalvikvm( 7096): No JNI_OnLoad found in /data/app-lib/com.whatsapp-1/libcurve25519.so 0x4218fe48, skipping init
I/WhatsApp( 7096): LL_I W [1:main]WhatsAppLibLoader.java:77 native library usability testing in progress
D/hardware_info(  265): hw_info_append_hw_type : device_name = speaker
I/WhatsApp( 7096): LL_I W [1:main]WhatsAppLibLoader.java:77 native library usability testing complete
D/WifiStateMachine( 1042): handleMessage: E msg.what=151572
D/WifiStateMachine( 1042): processMsg: ConnectedState
D/WifiStateMachine( 1042): processMsg: L2ConnectedState
D/WifiStateMachine( 1042): handleMessage: X
V/ContactPhotoManager( 7069): Preloaded 25 photos.  Cached bytes: 147712
I/SFPerfTracer(  259):      triggers: (rate: 7:185) (compose: 0:10) (post: 0:0) (render: 0:11) (0:698 frames) (1:2839)
D/SFPerfTracer(  259):        layers: (3:9) (FocusedStackFrame: 0:49)* (StatusBar: 1:760) (NavigationBar: 0:135) (com.android.systemui.ImageWallpaper: 0:13)* (DimLayer: 0:81)* (DimLayer: 0:12)* (com.android.contacts/com.android.contacts.activities.ContactSelectionActivity: 0:84) 
D/Finsky  ( 6252): [607] InAppBillingUtils.pickAccount: com.whatsapp: Account determined from installer data - [ddtnh7oBZJG2FUz0g5o9IUJ7ccI]
D/Finsky  ( 6252): [606] InAppBillingUtils.pickAccount: com.whatsapp: Account determined from installer data - [ddtnh7oBZJG2FUz0g5o9IUJ7ccI]
I/GLSUser ( 1423): [GLSUser] getTokenFromCache: [account: <ELLIDED:17450>, callingPkg: com.android.vending, service: androidmarket]
W/ContextImpl( 1299): Calling a method in the system process without a qualified user: android.app.ContextImpl.sendBroadcast:1252 android.content.ContextWrapper.sendBroadcast:365 com.motorola.motocare.util.TriggerHelper$TriggerBuilder.send:76 com.motorola.motocare.internal.frameworkevents.PauseResumeTrigger.handleFrameworkEvent:53 com.motorola.motocare.internal.frameworkevents.FwEventMonitor$FrameworkListener.processFrameworkEvent:114 
D/audio_hw_primary(  265): out_set_parameters: enter: usecase(1: low-latency-playback) kvpairs: routing=2
V/msm8974_platform(  265): platform_get_output_snd_device: enter: output devices(0x2)
V/msm8974_platform(  265): platform_get_output_snd_device: exit: snd_device(speaker)
D/audio_hw_primary(  265): select_devices: out_snd_device(2: speaker) in_snd_device(0: )
D/hardware_info(  265): hw_info_append_hw_type : device_name = speaker
V/msm8974_platform(  265): platform_send_audio_calibration: sending audio calibration for snd_device(2) acdb_id(14)
W/ContextImpl( 1299): Calling a method in the system process without a qualified user: android.app.ContextImpl.sendBroadcast:1252 android.content.ContextWrapper.sendBroadcast:365 com.motorola.motocare.util.TriggerHelper$TriggerBuilder.send:76 com.motorola.motocare.internal.frameworkevents.PauseResumeTrigger.handleFrameworkEvent:53 com.motorola.motocare.internal.frameworkevents.FwEventMonitor$FrameworkListener.processFrameworkEvent:114 
D/WifiStateMachine( 1042): handleMessage: E msg.what=151572
D/WifiStateMachine( 1042): processMsg: ConnectedState
D/WifiStateMachine( 1042): processMsg: L2ConnectedState
D/WifiStateMachine( 1042): handleMessage: X
V/ContactPhotoManager( 7069): Preloaded 25 photos.  Cached bytes: 268001
D/WifiStateMachine( 1042): handleMessage: E msg.what=131155
D/WifiStateMachine( 1042): processMsg: ConnectedState
D/WifiStateMachine( 1042): processMsg: L2ConnectedState
D/WifiStateMachine( 1042): handleMessage: X
I/SFPerfTracer(  259):      triggers: (rate: 7:185) (compose: 0:11) (post: 0:0) (render: 0:12) (15:715 frames) (16:2870)
D/SFPerfTracer(  259):        layers: (4:10) (FocusedStackFrame: 0:51)* (StatusBar: 0:766) (NavigationBar: 0:135) (com.android.systemui.ImageWallpaper: 0:13)* (DimLayer: 0:81)* (DimLayer: 0:12)* (com.android.contacts/com.android.contacts.activities.ContactSelectionActivity: 16:106) (me.sahiljain.tripTracker/me.sahiljain.tripTracker.addTrip.AddATripFourthWindow: 0:4) 
D/Finsky  ( 6252): [607] InAppBillingUtils.pickAccount: com.whatsapp: Account determined from installer data - [ddtnh7oBZJG2FUz0g5o9IUJ7ccI]
I/SFPerfTracer(  259):      triggers: (rate: 0:0) (216 sw vsyncs) (0 skipped) (37:2377 vsyncs) (39:3549)
D/Event   ( 7096): No subscribers registered for event class com.whatsapp.alk
D/Event   ( 7096): No subscribers registered for event class de.greenrobot.event.a
D/WifiStateMachine( 1042): handleMessage: E msg.what=151572
D/WifiStateMachine( 1042): processMsg: ConnectedState
D/WifiStateMachine( 1042): processMsg: L2ConnectedState
D/WifiStateMachine( 1042): handleMessage: X
V/ContactPhotoManager( 7069): Preloaded 25 photos.  Cached bytes: 387690
D/WifiStateMachine( 1042): handleMessage: E msg.what=151572
D/WifiStateMachine( 1042): processMsg: ConnectedState
D/WifiStateMachine( 1042): processMsg: L2ConnectedState
D/WifiStateMachine( 1042): handleMessage: X
D/dalvikvm( 1546): GC_CONCURRENT freed 2118K, 66% free 3823K/11028K, paused 1ms+2ms, total 21ms
V/ContactPhotoManager( 7069): Preloaded 25 photos.  Cached bytes: 517377
D/hardware_info(  265): hw_info_append_hw_type : device_name = speaker
D/WifiStateMachine( 1042): handleMessage: E msg.what=151572
D/WifiStateMachine( 1042): processMsg: ConnectedState
D/WifiStateMachine( 1042): processMsg: L2ConnectedState
D/WifiStateMachine( 1042): handleMessage: X
D/WifiStateMachine( 1042): handleMessage: E msg.what=131155
D/WifiStateMachine( 1042): processMsg: ConnectedState
D/WifiStateMachine( 1042): processMsg: L2ConnectedState
D/WifiStateMachine( 1042): handleMessage: X
D/WifiStateMachine( 1042): handleMessage: E msg.what=151572
D/WifiStateMachine( 1042): processMsg: ConnectedState
D/WifiStateMachine( 1042): processMsg: L2ConnectedState
D/SBar.MSimNetwCntrl( 1131): updateTelephonySignalStrength[0]: iconList[iconLevel]=7f020299/zz_moto_stat_sys_signal_4_fully_wide iconLevel=4 mMSimMobileInetCondition=1 mMSimMobileInetConditionSB=1
D/SBar.MSimNetwCntrl( 1131): updateDataIcon[0]: subscription=0
D/SBar.MSimNetwCntrl( 1131): updateDataIcon[0]: dataSub=0
D/SBar.MSimNetwCntrl( 1131): updateDataIcon[0]: SimState=READY
I/SBar.MSimNetwCntrl( 1131): notifySignalsChangedCallbacks[0]: isEmergencyOnly(0)=false enabled=true sim=(none)="(empty)" signal=zz_moto_stat_sys_signal_4_fully_wide="Phone signal full." roaming=(none)="Not roaming."
I/SBar.MSimNetwCntrl( 1131):  type=(none)="3.5G" activity=(none)="(empty)"
I/SBar.MSimNetwCntrl( 1131):  slot=1="1" network="Vodafone IN"
I/SBar.MSimNetwCntrl( 1131): refreshSignalCluster[0]: mobile: Signal=zz_moto_stat_sys_signal_4_fully_wide Roaming=(none) mMSimSimIconId[0]=(none) Accessibility="Phone signal full.","Not roaming.",""
D/WifiStateMachine( 1042): handleMessage: X
D/audio_hw_primary(  265): out_set_parameters: enter: usecase(1: low-latency-playback) kvpairs: routing=2
V/msm8974_platform(  265): platform_get_output_snd_device: enter: output devices(0x2)
V/msm8974_platform(  265): platform_get_output_snd_device: exit: snd_device(speaker)
D/audio_hw_primary(  265): select_devices: out_snd_device(2: speaker) in_snd_device(0: )
D/hardware_info(  265): hw_info_append_hw_type : device_name = speaker
V/msm8974_platform(  265): platform_send_audio_calibration: sending audio calibration for snd_device(2) acdb_id(14)
D/WifiStateMachine( 1042): handleMessage: E msg.what=151572
D/WifiStateMachine( 1042): processMsg: ConnectedState
D/WifiStateMachine( 1042): processMsg: L2ConnectedState
D/WifiStateMachine( 1042): handleMessage: X
V/AlarmManager( 1042): sending alarm Alarm{42b2b808 type 3 com.whatsapp}
V/AlarmManager( 1042): sending alarm Alarm{42b2b8d8 type 3 com.whatsapp}
V/AlarmManager( 1042): sending alarm Alarm{42b22c08 type 2 com.google.android.gms}
D/WifiStateMachine( 1042): handleMessage: E msg.what=151572
D/WifiStateMachine( 1042): processMsg: ConnectedState
D/WifiStateMachine( 1042): processMsg: L2ConnectedState
D/WifiStateMachine( 1042): handleMessage: X
D/SBar.MSimNetwCntrl( 1131): updateTelephonySignalStrength[0]: iconList[iconLevel]=7f020299/zz_moto_stat_sys_signal_4_fully_wide iconLevel=4 mMSimMobileInetCondition=1 mMSimMobileInetConditionSB=1
D/SBar.MSimNetwCntrl( 1131): updateDataIcon[0]: subscription=0
D/SBar.MSimNetwCntrl( 1131): updateDataIcon[0]: dataSub=0
D/SBar.MSimNetwCntrl( 1131): updateDataIcon[0]: SimState=READY
I/SBar.MSimNetwCntrl( 1131): notifySignalsChangedCallbacks[0]: isEmergencyOnly(0)=false enabled=true sim=(none)="(empty)" signal=zz_moto_stat_sys_signal_4_fully_wide="Phone signal full." roaming=(none)="Not roaming."
I/SBar.MSimNetwCntrl( 1131):  type=(none)="3.5G" activity=(none)="(empty)"
I/SBar.MSimNetwCntrl( 1131):  slot=1="1" network="Vodafone IN"
D/WifiStateMachine( 1042): handleMessage: E msg.what=131155
D/WifiStateMachine( 1042): processMsg: ConnectedState
D/WifiStateMachine( 1042): processMsg: L2ConnectedState
D/WifiStateMachine( 1042): handleMessage: X
D/WifiStateMachine( 1042): handleMessage: E msg.what=151572
D/WifiStateMachine( 1042): processMsg: ConnectedState
D/WifiStateMachine( 1042): processMsg: L2ConnectedState
D/WifiStateMachine( 1042): handleMessage: X
D/SBar.MSimNetwCntrl( 1131): updateTelephonySignalStrength[0]: iconList[iconLevel]=7f020299/zz_moto_stat_sys_signal_4_fully_wide iconLevel=4 mMSimMobileInetCondition=1 mMSimMobileInetConditionSB=1
D/SBar.MSimNetwCntrl( 1131): updateDataIcon[0]: subscription=0
D/SBar.MSimNetwCntrl( 1131): updateDataIcon[0]: dataSub=0
D/SBar.MSimNetwCntrl( 1131): updateDataIcon[0]: SimState=READY
I/SBar.MSimNetwCntrl( 1131): notifySignalsChangedCallbacks[0]: isEmergencyOnly(0)=false enabled=true sim=(none)="(empty)" signal=zz_moto_stat_sys_signal_4_fully_wide="Phone signal full." roaming=(none)="Not roaming."
I/SBar.MSimNetwCntrl( 1131):  type=(none)="3.5G" activity=(none)="(empty)"
I/SBar.MSimNetwCntrl( 1131):  slot=1="1" network="Vodafone IN"
D/hardware_info(  265): hw_info_append_hw_type : device_name = speaker
D/WifiStateMachine( 1042): handleMessage: E msg.what=151572
D/WifiStateMachine( 1042): processMsg: ConnectedState
D/WifiStateMachine( 1042): processMsg: L2ConnectedState
D/WifiStateMachine( 1042): handleMessage: X
D/SBar.MSimNetwCntrl( 1131): updateTelephonySignalStrength[0]: iconList[iconLevel]=7f020299/zz_moto_stat_sys_signal_4_fully_wide iconLevel=4 mMSimMobileInetCondition=1 mMSimMobileInetConditionSB=1
D/SBar.MSimNetwCntrl( 1131): updateDataIcon[0]: subscription=0
D/SBar.MSimNetwCntrl( 1131): updateDataIcon[0]: dataSub=0
D/SBar.MSimNetwCntrl( 1131): updateDataIcon[0]: SimState=READY
I/SBar.MSimNetwCntrl( 1131): notifySignalsChangedCallbacks[0]: isEmergencyOnly(0)=false enabled=true sim=(none)="(empty)" signal=zz_moto_stat_sys_signal_4_fully_wide="Phone signal full." roaming=(none)="Not roaming."
I/SBar.MSimNetwCntrl( 1131):  type=(none)="3.5G" activity=(none)="(empty)"
I/SBar.MSimNetwCntrl( 1131):  slot=1="1" network="Vodafone IN"
D/WifiStateMachine( 1042): handleMessage: E msg.what=151572
D/WifiStateMachine( 1042): processMsg: ConnectedState
D/WifiStateMachine( 1042): processMsg: L2ConnectedState
D/WifiStateMachine( 1042): handleMessage: X
D/SBar.MSimNetwCntrl( 1131): updateTelephonySignalStrength[0]: iconList[iconLevel]=7f020299/zz_moto_stat_sys_signal_4_fully_wide iconLevel=4 mMSimMobileInetCondition=1 mMSimMobileInetConditionSB=1
D/SBar.MSimNetwCntrl( 1131): updateDataIcon[0]: subscription=0
D/SBar.MSimNetwCntrl( 1131): updateDataIcon[0]: dataSub=0
D/SBar.MSimNetwCntrl( 1131): updateDataIcon[0]: SimState=READY
I/SBar.MSimNetwCntrl( 1131): notifySignalsChangedCallbacks[0]: isEmergencyOnly(0)=false enabled=true sim=(none)="(empty)" signal=zz_moto_stat_sys_signal_4_fully_wide="Phone signal full." roaming=(none)="Not roaming."
I/SBar.MSimNetwCntrl( 1131):  type=(none)="3.5G" activity=(none)="(empty)"
I/SBar.MSimNetwCntrl( 1131):  slot=1="1" network="Vodafone IN"
D/WifiStateMachine( 1042): handleMessage: E msg.what=131155
D/WifiStateMachine( 1042): processMsg: ConnectedState
D/WifiStateMachine( 1042): processMsg: L2ConnectedState
D/WifiStateMachine( 1042): handleMessage: X
D/WifiStateMachine( 1042): handleMessage: E msg.what=151572
D/WifiStateMachine( 1042): processMsg: ConnectedState
D/WifiStateMachine( 1042): processMsg: L2ConnectedState
D/WifiStateMachine( 1042): handleMessage: X
D/WifiStateMachine( 1042): handleMessage: E msg.what=151572
D/WifiStateMachine( 1042): processMsg: ConnectedState
D/WifiStateMachine( 1042): processMsg: L2ConnectedState
D/WifiStateMachine( 1042): handleMessage: X
D/SBar.MSimNetwCntrl( 1131): updateTelephonySignalStrength[0]: iconList[iconLevel]=7f020299/zz_moto_stat_sys_signal_4_fully_wide iconLevel=4 mMSimMobileInetCondition=1 mMSimMobileInetConditionSB=1
D/SBar.MSimNetwCntrl( 1131): updateDataIcon[0]: subscription=0
D/SBar.MSimNetwCntrl( 1131): updateDataIcon[0]: dataSub=0
D/SBar.MSimNetwCntrl( 1131): updateDataIcon[0]: SimState=READY
I/SBar.MSimNetwCntrl( 1131): notifySignalsChangedCallbacks[0]: isEmergencyOnly(0)=false enabled=true sim=(none)="(empty)" signal=zz_moto_stat_sys_signal_4_fully_wide="Phone signal full." roaming=(none)="Not roaming."
I/SBar.MSimNetwCntrl( 1131):  type=(none)="3.5G" activity=(none)="(empty)"
I/SBar.MSimNetwCntrl( 1131):  slot=1="1" network="Vodafone IN"
I/SFPerfTracer(  259):      triggers: (rate: 0:0) (216 sw vsyncs) (0 skipped) (17:2449 vsyncs) (19:3650)
D/WifiStateMachine( 1042): handleMessage: E msg.what=151572
D/WifiStateMachine( 1042): processMsg: ConnectedState
D/WifiStateMachine( 1042): processMsg: L2ConnectedState
D/WifiStateMachine( 1042): handleMessage: X
D/WifiStateMachine( 1042): handleMessage: E msg.what=131155
D/WifiStateMachine( 1042): processMsg: ConnectedState
D/WifiStateMachine( 1042): processMsg: L2ConnectedState
D/WifiStateMachine( 1042): handleMessage: X
D/WifiStateMachine( 1042): handleMessage: E msg.what=151572
D/WifiStateMachine( 1042): processMsg: ConnectedState
D/WifiStateMachine( 1042): processMsg: L2ConnectedState
D/WifiStateMachine( 1042): handleMessage: X
D/WifiStateMachine( 1042): handleMessage: E msg.what=151572
D/WifiStateMachine( 1042): processMsg: ConnectedState
D/WifiStateMachine( 1042): processMsg: L2ConnectedState
D/WifiStateMachine( 1042): handleMessage: X
D/WifiStateMachine( 1042): handleMessage: E msg.what=151572
D/WifiStateMachine( 1042): processMsg: ConnectedState
D/WifiStateMachine( 1042): processMsg: L2ConnectedState
D/WifiStateMachine( 1042): handleMessage: X
D/WifiStateMachine( 1042): handleMessage: E msg.what=131155
D/WifiStateMachine( 1042): processMsg: ConnectedState
D/WifiStateMachine( 1042): processMsg: L2ConnectedState
D/WifiStateMachine( 1042): handleMessage: X
D/WifiStateMachine( 1042): handleMessage: E msg.what=151572
D/WifiStateMachine( 1042): processMsg: ConnectedState
D/WifiStateMachine( 1042): processMsg: L2ConnectedState
D/WifiStateMachine( 1042): handleMessage: X
D/SBar.MSimNetwCntrl( 1131): updateTelephonySignalStrength[0]: iconList[iconLevel]=7f020299/zz_moto_stat_sys_signal_4_fully_wide iconLevel=4 mMSimMobileInetCondition=1 mMSimMobileInetConditionSB=1
D/SBar.MSimNetwCntrl( 1131): updateDataIcon[0]: subscription=0
D/SBar.MSimNetwCntrl( 1131): updateDataIcon[0]: dataSub=0
D/SBar.MSimNetwCntrl( 1131): updateDataIcon[0]: SimState=READY
I/SBar.MSimNetwCntrl( 1131): notifySignalsChangedCallbacks[0]: isEmergencyOnly(0)=false enabled=true sim=(none)="(empty)" signal=zz_moto_stat_sys_signal_4_fully_wide="Phone signal full." roaming=(none)="Not roaming."
I/SBar.MSimNetwCntrl( 1131):  type=(none)="3.5G" activity=(none)="(empty)"
I/SBar.MSimNetwCntrl( 1131):  slot=1="1" network="Vodafone IN"
V/AlarmManager( 1042): sending alarm Alarm{422b3720 type 2 com.whatsapp}
V/AlarmManager( 1042): sending alarm Alarm{42b1da90 type 2 com.google.android.gms}
D/Trip Tracker( 6485): me.sahiljain.tripTracker.entity.Trip@421ea890
D/WifiService( 1042): acquireWifiLockLocked: WifiLock{NlpWifiLock type=2 binder=android.os.BinderProxy@42b90600}
D/WifiStateMachine( 1042): handleMessage: E msg.what=131143
D/WifiStateMachine( 1042): processMsg: ConnectedState
D/WifiStateMachine( 1042): processMsg: L2ConnectedState
I/wpa_supplicant( 1128): wlan0: CTRL-EVENT-SCAN-STARTED 
D/MDMCTBK (  349): reply_len: 40 reply is = IFNAME=wlan0 <3>CTRL-EVENT-SCAN-STARTED 
D/MDMCTBK (  349): Event received = CTRL-EVENT-SCAN-STARTED 
D/WifiStateMachine( 1042): handleMessage: X
D/WifiStateMachine( 1042): handleMessage: E msg.what=151572
D/WifiStateMachine( 1042): processMsg: ConnectedState
D/WifiStateMachine( 1042): processMsg: L2ConnectedState
D/SBar.MSimNetwCntrl( 1131): updateTelephonySignalStrength[0]: iconList[iconLevel]=7f020299/zz_moto_stat_sys_signal_4_fully_wide iconLevel=4 mMSimMobileInetCondition=1 mMSimMobileInetConditionSB=1
D/SBar.MSimNetwCntrl( 1131): updateDataIcon[0]: subscription=0
D/SBar.MSimNetwCntrl( 1131): updateDataIcon[0]: dataSub=0
D/SBar.MSimNetwCntrl( 1131): updateDataIcon[0]: SimState=READY
I/SBar.MSimNetwCntrl( 1131): notifySignalsChangedCallbacks[0]: isEmergencyOnly(0)=false enabled=true sim=(none)="(empty)" signal=zz_moto_stat_sys_signal_4_fully_wide="Phone signal full." roaming=(none)="Not roaming."
I/SBar.MSimNetwCntrl( 1131):  type=(none)="3.5G" activity=(none)="(empty)"
I/SBar.MSimNetwCntrl( 1131):  slot=1="1" network="Vodafone IN"
D/TCMD    (  393): NL - Read 56 bytes from update socket.
D/TCMD    (  393): NL - message type is RTM_NEWLINK
D/TCMD    (  393): Listening for incoming client connection request
D/MDMCTBK (  349): reply_len: 40 reply is = IFNAME=wlan0 <3>CTRL-EVENT-SCAN-RESULTS 
D/MDMCTBK (  349): Event received = CTRL-EVENT-SCAN-RESULTS 
D/WifiStateMachine( 1042): handleMessage: X
D/WifiStateMachine( 1042): handleMessage: E msg.what=147461
D/WifiStateMachine( 1042): processMsg: ConnectedState
D/WifiStateMachine( 1042): processMsg: L2ConnectedState
D/WifiStateMachine( 1042): processMsg: ConnectModeState
D/WifiStateMachine( 1042): processMsg: DriverStartedState
D/WifiStateMachine( 1042): processMsg: SupplicantStartedState
D/WifiStateMachine( 1042): handleMessage: X
D/WifiService( 1042): releaseWifiLockLocked: WifiLock{NlpWifiLock type=2 binder=android.os.BinderProxy@42b90600}
D/SBar.MSimNetwCntrl( 1131): updateTelephonySignalStrength[0]: iconList[iconLevel]=7f020299/zz_moto_stat_sys_signal_4_fully_wide iconLevel=4 mMSimMobileInetCondition=1 mMSimMobileInetConditionSB=1
D/SBar.MSimNetwCntrl( 1131): updateDataIcon[0]: subscription=0
D/SBar.MSimNetwCntrl( 1131): updateDataIcon[0]: dataSub=0
D/SBar.MSimNetwCntrl( 1131): updateDataIcon[0]: SimState=READY
I/SBar.MSimNetwCntrl( 1131): notifySignalsChangedCallbacks[0]: isEmergencyOnly(0)=false enabled=true sim=(none)="(empty)" signal=zz_moto_stat_sys_signal_4_fully_wide="Phone signal full." roaming=(none)="Not roaming."
I/SBar.MSimNetwCntrl( 1131):  type=(none)="3.5G" activity=(none)="(empty)"
I/SBar.MSimNetwCntrl( 1131):  slot=1="1" network="Vodafone IN"
D/WifiStateMachine( 1042): handleMessage: E msg.what=151572
D/WifiStateMachine( 1042): processMsg: ConnectedState
D/WifiStateMachine( 1042): processMsg: L2ConnectedState
D/WifiStateMachine( 1042): handleMessage: X
D/SBar.MSimNetwCntrl( 1131): updateTelephonySignalStrength[0]: iconList[iconLevel]=7f020299/zz_moto_stat_sys_signal_4_fully_wide iconLevel=4 mMSimMobileInetCondition=1 mMSimMobileInetConditionSB=1
D/SBar.MSimNetwCntrl( 1131): updateDataIcon[0]: subscription=0
D/SBar.MSimNetwCntrl( 1131): updateDataIcon[0]: dataSub=0
D/SBar.MSimNetwCntrl( 1131): updateDataIcon[0]: SimState=READY
I/SBar.MSimNetwCntrl( 1131): notifySignalsChangedCallbacks[0]: isEmergencyOnly(0)=false enabled=true sim=(none)="(empty)" signal=zz_moto_stat_sys_signal_4_fully_wide="Phone signal full." roaming=(none)="Not roaming."
I/SBar.MSimNetwCntrl( 1131):  type=(none)="3.5G" activity=(none)="(empty)"
I/SBar.MSimNetwCntrl( 1131):  slot=1="1" network="Vodafone IN"
D/WifiStateMachine( 1042): handleMessage: E msg.what=131155
D/WifiStateMachine( 1042): processMsg: ConnectedState
D/WifiStateMachine( 1042): processMsg: L2ConnectedState
D/WifiStateMachine( 1042): handleMessage: X
D/WifiStateMachine( 1042): handleMessage: E msg.what=151572
D/WifiStateMachine( 1042): processMsg: ConnectedState
D/WifiStateMachine( 1042): processMsg: L2ConnectedState
D/WifiStateMachine( 1042): handleMessage: X
D/SBar.MSimNetwCntrl( 1131): updateTelephonySignalStrength[0]: iconList[iconLevel]=7f020299/zz_moto_stat_sys_signal_4_fully_wide iconLevel=4 mMSimMobileInetCondition=1 mMSimMobileInetConditionSB=1
D/SBar.MSimNetwCntrl( 1131): updateDataIcon[0]: subscription=0
D/SBar.MSimNetwCntrl( 1131): updateDataIcon[0]: dataSub=0
D/SBar.MSimNetwCntrl( 1131): updateDataIcon[0]: SimState=READY
I/SBar.MSimNetwCntrl( 1131): notifySignalsChangedCallbacks[0]: isEmergencyOnly(0)=false enabled=true sim=(none)="(empty)" signal=zz_moto_stat_sys_signal_4_fully_wide="Phone signal full." roaming=(none)="Not roaming."
I/SBar.MSimNetwCntrl( 1131):  type=(none)="3.5G" activity=(none)="(empty)"
I/SBar.MSimNetwCntrl( 1131):  slot=1="1" network="Vodafone IN"
D/WifiStateMachine( 1042): handleMessage: E msg.what=151572
D/WifiStateMachine( 1042): processMsg: ConnectedState
D/WifiStateMachine( 1042): processMsg: L2ConnectedState
D/WifiStateMachine( 1042): handleMessage: X
D/WifiStateMachine( 1042): handleMessage: E msg.what=151572
D/WifiStateMachine( 1042): processMsg: ConnectedState
D/WifiStateMachine( 1042): processMsg: L2ConnectedState
D/SBar.MSimNetwCntrl( 1131): updateTelephonySignalStrength[0]: iconList[iconLevel]=7f020299/zz_moto_stat_sys_signal_4_fully_wide iconLevel=4 mMSimMobileInetCondition=1 mMSimMobileInetConditionSB=1
D/SBar.MSimNetwCntrl( 1131): updateDataIcon[0]: subscription=0
D/SBar.MSimNetwCntrl( 1131): updateDataIcon[0]: dataSub=0
D/SBar.MSimNetwCntrl( 1131): updateDataIcon[0]: SimState=READY
I/SBar.MSimNetwCntrl( 1131): notifySignalsChangedCallbacks[0]: isEmergencyOnly(0)=false enabled=true sim=(none)="(empty)" signal=zz_moto_stat_sys_signal_4_fully_wide="Phone signal full." roaming=(none)="Not roaming."
I/SBar.MSimNetwCntrl( 1131):  type=(none)="3.5G" activity=(none)="(empty)"
I/SBar.MSimNetwCntrl( 1131):  slot=1="1" network="Vodafone IN"
D/WifiStateMachine( 1042): handleMessage: X
D/SBar.MSimNetwCntrl( 1131): updateTelephonySignalStrength[0]: iconList[iconLevel]=7f020299/zz_moto_stat_sys_signal_4_fully_wide iconLevel=4 mMSimMobileInetCondition=1 mMSimMobileInetConditionSB=1
D/SBar.MSimNetwCntrl( 1131): updateDataIcon[0]: subscription=0
D/SBar.MSimNetwCntrl( 1131): updateDataIcon[0]: dataSub=0
D/SBar.MSimNetwCntrl( 1131): updateDataIcon[0]: SimState=READY
I/SBar.MSimNetwCntrl( 1131): notifySignalsChangedCallbacks[0]: isEmergencyOnly(0)=false enabled=true sim=(none)="(empty)" signal=zz_moto_stat_sys_signal_4_fully_wide="Phone signal full." roaming=(none)="Not roaming."
I/SBar.MSimNetwCntrl( 1131):  type=(none)="3.5G" activity=(none)="(empty)"
I/SBar.MSimNetwCntrl( 1131):  slot=1="1" network="Vodafone IN"
D/WifiStateMachine( 1042): handleMessage: E msg.what=131155
D/WifiStateMachine( 1042): processMsg: ConnectedState
D/WifiStateMachine( 1042): processMsg: L2ConnectedState
D/WifiStateMachine( 1042): handleMessage: X
D/WifiStateMachine( 1042): handleMessage: E msg.what=151572
D/WifiStateMachine( 1042): processMsg: ConnectedState
D/WifiStateMachine( 1042): processMsg: L2ConnectedState
D/WifiStateMachine( 1042): handleMessage: X
D/SBar.MSimNetwCntrl( 1131): updateTelephonySignalStrength[0]: iconList[iconLevel]=7f020299/zz_moto_stat_sys_signal_4_fully_wide iconLevel=4 mMSimMobileInetCondition=1 mMSimMobileInetConditionSB=1
D/SBar.MSimNetwCntrl( 1131): updateDataIcon[0]: subscription=0
D/SBar.MSimNetwCntrl( 1131): updateDataIcon[0]: dataSub=0
D/SBar.MSimNetwCntrl( 1131): updateDataIcon[0]: SimState=READY
I/SBar.MSimNetwCntrl( 1131): notifySignalsChangedCallbacks[0]: isEmergencyOnly(0)=false enabled=true sim=(none)="(empty)" signal=zz_moto_stat_sys_signal_4_fully_wide="Phone signal full." roaming=(none)="Not roaming."
I/SBar.MSimNetwCntrl( 1131):  type=(none)="3.5G" activity=(none)="(empty)"
I/SBar.MSimNetwCntrl( 1131):  slot=1="1" network="Vodafone IN"
D/WifiStateMachine( 1042): handleMessage: E msg.what=151572
D/WifiStateMachine( 1042): processMsg: ConnectedState
D/WifiStateMachine( 1042): processMsg: L2ConnectedState
D/WifiStateMachine( 1042): handleMessage: X
D/WifiStateMachine( 1042): handleMessage: E msg.what=151572
D/WifiStateMachine( 1042): processMsg: ConnectedState
D/WifiStateMachine( 1042): processMsg: L2ConnectedState
D/WifiStateMachine( 1042): handleMessage: X
D/WifiStateMachine( 1042): handleMessage: E msg.what=131155
D/WifiStateMachine( 1042): processMsg: ConnectedState
D/WifiStateMachine( 1042): processMsg: L2ConnectedState
D/WifiStateMachine( 1042): handleMessage: X
D/WifiStateMachine( 1042): handleMessage: E msg.what=151572
D/WifiStateMachine( 1042): processMsg: ConnectedState
D/WifiStateMachine( 1042): processMsg: L2ConnectedState
D/WifiStateMachine( 1042): handleMessage: X
V/AlarmManager( 1042): sending alarm Alarm{42e60068 type 3 com.google.android.gms}
D/SBar.MSimNetwCntrl( 1131): updateTelephonySignalStrength[0]: iconList[iconLevel]=7f020299/zz_moto_stat_sys_signal_4_fully_wide iconLevel=4 mMSimMobileInetCondition=1 mMSimMobileInetConditionSB=1
D/SBar.MSimNetwCntrl( 1131): updateDataIcon[0]: subscription=0
D/SBar.MSimNetwCntrl( 1131): updateDataIcon[0]: dataSub=0
D/SBar.MSimNetwCntrl( 1131): updateDataIcon[0]: SimState=READY
I/SBar.MSimNetwCntrl( 1131): notifySignalsChangedCallbacks[0]: isEmergencyOnly(0)=false enabled=true sim=(none)="(empty)" signal=zz_moto_stat_sys_signal_4_fully_wide="Phone signal full." roaming=(none)="Not roaming."
I/SBar.MSimNetwCntrl( 1131):  type=(none)="3.5G" activity=(none)="(empty)"
I/SBar.MSimNetwCntrl( 1131):  slot=1="1" network="Vodafone IN"
D/dalvikvm( 1042): GC_EXPLICIT freed 1524K, 24% free 15378K/20084K, paused 4ms+9ms, total 128ms
D/WifiStateMachine( 1042): handleMessage: E msg.what=151572
D/WifiStateMachine( 1042): processMsg: ConnectedState
D/WifiStateMachine( 1042): processMsg: L2ConnectedState
D/WifiStateMachine( 1042): handleMessage: X
D/WifiStateMachine( 1042): handleMessage: E msg.what=151572
D/WifiStateMachine( 1042): processMsg: ConnectedState
D/WifiStateMachine( 1042): processMsg: L2ConnectedState
D/WifiStateMachine( 1042): handleMessage: X
D/WifiStateMachine( 1042): handleMessage: E msg.what=131155
D/WifiStateMachine( 1042): processMsg: ConnectedState
D/WifiStateMachine( 1042): processMsg: L2ConnectedState
D/WifiStateMachine( 1042): handleMessage: X
D/WifiStateMachine( 1042): handleMessage: E msg.what=151572
D/WifiStateMachine( 1042): processMsg: ConnectedState
D/WifiStateMachine( 1042): processMsg: L2ConnectedState
D/WifiStateMachine( 1042): handleMessage: X
D/WifiStateMachine( 1042): handleMessage: E msg.what=151572
D/WifiStateMachine( 1042): processMsg: ConnectedState
D/WifiStateMachine( 1042): processMsg: L2ConnectedState
D/WifiStateMachine( 1042): handleMessage: X
D/WifiStateMachine( 1042): handleMessage: E msg.what=151572
D/WifiStateMachine( 1042): processMsg: ConnectedState
D/WifiStateMachine( 1042): processMsg: L2ConnectedState
D/WifiStateMachine( 1042): handleMessage: X
D/WifiStateMachine( 1042): handleMessage: E msg.what=131155
D/WifiStateMachine( 1042): processMsg: ConnectedState
D/WifiStateMachine( 1042): processMsg: L2ConnectedState
D/WifiStateMachine( 1042): handleMessage: X
D/WifiStateMachine( 1042): handleMessage: E msg.what=151572
D/WifiStateMachine( 1042): processMsg: ConnectedState
D/WifiStateMachine( 1042): processMsg: L2ConnectedState
D/WifiStateMachine( 1042): handleMessage: X
D/WifiStateMachine( 1042): handleMessage: E msg.what=151572
D/WifiStateMachine( 1042): processMsg: ConnectedState
D/WifiStateMachine( 1042): processMsg: L2ConnectedState
D/WifiStateMachine( 1042): handleMessage: X
D/WifiStateMachine( 1042): handleMessage: E msg.what=151572
D/WifiStateMachine( 1042): processMsg: ConnectedState
D/WifiStateMachine( 1042): processMsg: L2ConnectedState
D/WifiStateMachine( 1042): handleMessage: X
D/WifiStateMachine( 1042): handleMessage: E msg.what=131155
D/WifiStateMachine( 1042): processMsg: ConnectedState
D/WifiStateMachine( 1042): processMsg: L2ConnectedState
D/WifiStateMachine( 1042): handleMessage: X
D/WifiStateMachine( 1042): handleMessage: E msg.what=151572
D/WifiStateMachine( 1042): processMsg: ConnectedState
D/WifiStateMachine( 1042): processMsg: L2ConnectedState
D/WifiStateMachine( 1042): handleMessage: X
D/SBar.MSimNetwCntrl( 1131): updateTelephonySignalStrength[0]: iconList[iconLevel]=7f020299/zz_moto_stat_sys_signal_4_fully_wide iconLevel=4 mMSimMobileInetCondition=1 mMSimMobileInetConditionSB=1
D/SBar.MSimNetwCntrl( 1131): updateDataIcon[0]: subscription=0
D/SBar.MSimNetwCntrl( 1131): updateDataIcon[0]: dataSub=0
D/SBar.MSimNetwCntrl( 1131): updateDataIcon[0]: SimState=READY
I/SBar.MSimNetwCntrl( 1131): notifySignalsChangedCallbacks[0]: isEmergencyOnly(0)=false enabled=true sim=(none)="(empty)" signal=zz_moto_stat_sys_signal_4_fully_wide="Phone signal full." roaming=(none)="Not roaming."
I/SBar.MSimNetwCntrl( 1131):  type=(none)="3.5G" activity=(none)="(empty)"
I/SBar.MSimNetwCntrl( 1131):  slot=1="1" network="Vodafone IN"
I/SFPerfTracer(  259):      triggers: (rate: 0:0) (216 sw vsyncs) (0 skipped) (12:2527 vsyncs) (14:3751)
D/SBar.MSimNetwCntrl( 1131): updateTelephonySignalStrength[0]: iconList[iconLevel]=7f020299/zz_moto_stat_sys_signal_4_fully_wide iconLevel=4 mMSimMobileInetCondition=1 mMSimMobileInetConditionSB=1
D/SBar.MSimNetwCntrl( 1131): updateDataIcon[0]: subscription=0
D/SBar.MSimNetwCntrl( 1131): updateDataIcon[0]: dataSub=0
D/SBar.MSimNetwCntrl( 1131): updateDataIcon[0]: SimState=READY
I/SBar.MSimNetwCntrl( 1131): notifySignalsChangedCallbacks[0]: isEmergencyOnly(0)=false enabled=true sim=(none)="(empty)" signal=zz_moto_stat_sys_signal_4_fully_wide="Phone signal full." roaming=(none)="Not roaming."
I/SBar.MSimNetwCntrl( 1131):  type=(none)="3.5G" activity=(none)="(empty)"
I/SBar.MSimNetwCntrl( 1131):  slot=1="1" network="Vodafone IN"
I/PowerManagerService( 1042): Going to sleep due to screen timeout...
D/SurfaceFlinger(  259): Screen released, type=0 flinger=0xb7450450
D/qdhwcomposer(  259): hwc_blank: Blanking display: 0
D/qdhwcomposer(  259): hwc_blank: Done blanking display: 0
D/SurfaceControl( 1042): Excessive delay in blankDisplay() while turning screen off: 158ms
I/AonLTInterfaceService( 1299): AodLT package version: 1000000
W/ContextImpl( 1299): Calling a method in the system process without a qualified user: android.app.ContextImpl.sendBroadcast:1252 android.content.ContextWrapper.sendBroadcast:365 com.motorola.motocare.util.TriggerHelper$TriggerBuilder.send:76 com.motorola.motocare.internal.frameworkevents.PauseResumeTrigger.handleFrameworkEvent:53 com.motorola.motocare.internal.frameworkevents.FwEventMonitor$FrameworkListener.processFrameworkEvent:114 
D/WifiStateMachine( 1042): handleScreenStateChanged: false
D/WifiStateMachine( 1042): handleMessage: E msg.what=131154
D/WifiStateMachine( 1042): processMsg: ConnectedState
D/WifiStateMachine( 1042): processMsg: L2ConnectedState
D/WifiStateMachine( 1042): handleMessage: X
D/WifiStateMachine( 1042): handleMessage: E msg.what=131163
D/WifiStateMachine( 1042): processMsg: ConnectedState
D/WifiStateMachine( 1042): processMsg: L2ConnectedState
D/WifiStateMachine( 1042): processMsg: ConnectModeState
D/WifiStateMachine( 1042): processMsg: DriverStartedState
D/WifiStateMachine( 1042): processMsg: SupplicantStartedState
D/WifiStateMachine( 1042): processMsg: DefaultState
D/WifiStateMachine( 1042): handleMessage: X
D/WifiStateMachine( 1042): handleMessage: E msg.what=131158
D/WifiStateMachine( 1042): processMsg: ConnectedState
D/WifiStateMachine( 1042): processMsg: L2ConnectedState
D/WifiStateMachine( 1042): processMsg: ConnectModeState
D/WifiStateMachine( 1042): processMsg: DriverStartedState
D/WifiStateMachine( 1042): setSuspendOptimizationsNative: 4 true
D/audio_hw_primary(  265): adev_set_parameters: enter: screen_state=off
V/msm8974_platform(  265): platform_set_parameters: enter: screen_state=off
V/msm8974_platform(  265): platform_set_parameters: exit with code(-2)
E/audio_a2dp_hw(  265): adev_set_parameters: ERROR: set param called even when stream out is null
D/WifiStateMachine( 1042): handleMessage: X
W/ActivityManager( 1042): Activity pause timeout for ActivityRecord{42859a98 u0 me.sahiljain.tripTracker/.addTrip.AddATripFourthWindow t5}
D/WifiStateMachine( 1042): handleMessage: E msg.what=131155
D/WifiStateMachine( 1042): processMsg: ConnectedState
D/WifiStateMachine( 1042): processMsg: L2ConnectedState
D/WifiStateMachine( 1042): handleMessage: X
V/AlarmManager( 1042): sending alarm Alarm{42d9e600 type 2 com.google.android.gms}
V/AlarmManager( 1042): sending alarm Alarm{42d9d7a0 type 0 com.facebook.katana}
V/AlarmManager( 1042): sending alarm Alarm{42d9b2b8 type 0 com.facebook.orca}
D/WifiService( 1042): acquireWifiLockLocked: WifiLock{NlpWifiLock type=2 binder=android.os.BinderProxy@421a2c58}
D/WifiStateMachine( 1042): handleMessage: E msg.what=131143
D/WifiStateMachine( 1042): processMsg: ConnectedState
D/WifiStateMachine( 1042): processMsg: L2ConnectedState
I/wpa_supplicant( 1128): wlan0: CTRL-EVENT-SCAN-STARTED 
D/MDMCTBK (  349): reply_len: 40 reply is = IFNAME=wlan0 <3>CTRL-EVENT-SCAN-STARTED 
D/MDMCTBK (  349): Event received = CTRL-EVENT-SCAN-STARTED 
D/WifiStateMachine( 1042): handleMessage: X
I/dalvikvm( 2484): Jit: resizing JitTable from 4096 to 8192
D/dalvikvm( 3331): GC_CONCURRENT freed 1873K, 39% free 6760K/11028K, paused 5ms+5ms, total 98ms
W/ContextImpl( 1299): Calling a method in the system process without a qualified user: android.app.ContextImpl.startService:1608 android.content.ContextWrapper.startService:494 android.content.ContextWrapper.startService:494 com.motorola.motocare.internal.batterystats.BatteryStatsAction.onReceive:33 android.app.ActivityThread.handleReceiver:2434 
D/AndroidRuntime( 6485): Shutting down VM
W/dalvikvm( 6485): threadid=1: thread exiting with uncaught exception (group=0x41ec5d40)
D/MDMCTBK (  349): reply_len: 40 reply is = IFNAME=wlan0 <3>CTRL-EVENT-SCAN-RESULTS 
D/MDMCTBK (  349): Event received = CTRL-EVENT-SCAN-RESULTS 
D/TCMD    (  393): NL - Read 56 bytes from update socket.
D/TCMD    (  393): NL - message type is RTM_NEWLINK
D/TCMD    (  393): Listening for incoming client connection request
D/WifiStateMachine( 1042): handleMessage: E msg.what=147461
D/WifiStateMachine( 1042): processMsg: ConnectedState
D/WifiStateMachine( 1042): processMsg: L2ConnectedState
D/WifiStateMachine( 1042): processMsg: ConnectModeState
D/WifiStateMachine( 1042): processMsg: DriverStartedState
D/WifiStateMachine( 1042): processMsg: SupplicantStartedState
D/WifiStateMachine( 1042): handleMessage: X
E/AndroidRuntime( 6485): FATAL EXCEPTION: main
E/AndroidRuntime( 6485): Process: me.sahiljain.tripTracker, PID: 6485
E/AndroidRuntime( 6485): java.lang.RuntimeException: java.sql.SQLException: Unable to run insert stmt on object me.sahiljain.tripTracker.entity.UserTrip@42217928: INSERT INTO `tt_user_trip_all` (`name` ,`userID` ,`trip_id` ) VALUES (?,?,?)
E/AndroidRuntime( 6485): 	at com.j256.ormlite.dao.RuntimeExceptionDao.create(RuntimeExceptionDao.java:228)
E/AndroidRuntime( 6485): 	at me.sahiljain.tripTracker.db.Persistence.saveUserInDB(Persistence.java:75)
E/AndroidRuntime( 6485): 	at me.sahiljain.tripTracker.db.Persistence.saveTripInDataBase(Persistence.java:64)
E/AndroidRuntime( 6485): 	at me.sahiljain.tripTracker.addTrip.AddATripFourthWindow.saveTripData(AddATripFourthWindow.java:210)
E/AndroidRuntime( 6485): 	at me.sahiljain.tripTracker.addTrip.AddATripFourthWindow.access$100(AddATripFourthWindow.java:39)
E/AndroidRuntime( 6485): 	at me.sahiljain.tripTracker.addTrip.AddATripFourthWindow$2.onClick(AddATripFourthWindow.java:74)
E/AndroidRuntime( 6485): 	at android.view.View.performClick(View.java:4456)
E/AndroidRuntime( 6485): 	at android.view.View$PerformClick.run(View.java:18465)
E/AndroidRuntime( 6485): 	at android.os.Handler.handleCallback(Handler.java:733)
E/AndroidRuntime( 6485): 	at android.os.Handler.dispatchMessage(Handler.java:95)
E/AndroidRuntime( 6485): 	at android.os.Looper.loop(Looper.java:136)
E/AndroidRuntime( 6485): 	at android.app.ActivityThread.main(ActivityThread.java:5086)
E/AndroidRuntime( 6485): 	at java.lang.reflect.Method.invokeNative(Native Method)
E/AndroidRuntime( 6485): 	at java.lang.reflect.Method.invoke(Method.java:515)
E/AndroidRuntime( 6485): 	at com.android.internal.os.ZygoteInit$MethodAndArgsCaller.run(ZygoteInit.java:785)
E/AndroidRuntime( 6485): 	at com.android.internal.os.ZygoteInit.main(ZygoteInit.java:601)
E/AndroidRuntime( 6485): 	at dalvik.system.NativeStart.main(Native Method)
E/AndroidRuntime( 6485): Caused by: java.sql.SQLException: Unable to run insert stmt on object me.sahiljain.tripTracker.entity.UserTrip@42217928: INSERT INTO `tt_user_trip_all` (`name` ,`userID` ,`trip_id` ) VALUES (?,?,?)
E/AndroidRuntime( 6485): 	at com.j256.ormlite.misc.SqlExceptionUtil.create(SqlExceptionUtil.java:22)
E/AndroidRuntime( 6485): 	at com.j256.ormlite.stmt.mapped.MappedCreate.insert(MappedCreate.java:135)
E/AndroidRuntime( 6485): 	at com.j256.ormlite.stmt.StatementExecutor.create(StatementExecutor.java:450)
E/AndroidRuntime( 6485): 	at com.j256.ormlite.dao.BaseDaoImpl.create(BaseDaoImpl.java:310)
E/AndroidRuntime( 6485): 	at com.j256.ormlite.dao.RuntimeExceptionDao.create(RuntimeExceptionDao.java:225)
E/AndroidRuntime( 6485): 	... 16 more
E/AndroidRuntime( 6485): Caused by: java.sql.SQLException: inserting to database failed: INSERT INTO `tt_user_trip_all` (`name` ,`userID` ,`trip_id` ) VALUES (?,?,?)
E/AndroidRuntime( 6485): 	at com.j256.ormlite.misc.SqlExceptionUtil.create(SqlExceptionUtil.java:22)
E/AndroidRuntime( 6485): 	at com.j256.ormlite.android.AndroidDatabaseConnection.insert(AndroidDatabaseConnection.java:169)
E/AndroidRuntime( 6485): 	at com.j256.ormlite.stmt.mapped.MappedCreate.insert(MappedCreate.java:91)
E/AndroidRuntime( 6485): 	... 19 more
E/AndroidRuntime( 6485): Caused by: android.database.sqlite.SQLiteConstraintException: tt_user_trip_all.trip_id may not be NULL (code 19)
E/AndroidRuntime( 6485): 	at android.database.sqlite.SQLiteConnection.nativeExecuteForLastInsertedRowId(Native Method)
E/AndroidRuntime( 6485): 	at android.database.sqlite.SQLiteConnection.executeForLastInsertedRowId(SQLiteConnection.java:782)
E/AndroidRuntime( 6485): 	at android.database.sqlite.SQLiteSession.executeForLastInsertedRowId(SQLiteSession.java:788)
E/AndroidRuntime( 6485): 	at android.database.sqlite.SQLiteStatement.executeInsert(SQLiteStatement.java:86)
E/AndroidRuntime( 6485): 	at com.j256.ormlite.android.AndroidDatabaseConnection.insert(AndroidDatabaseConnection.java:157)
E/AndroidRuntime( 6485): 	... 20 more
W/ActivityManager( 1042):   Force finishing activity me.sahiljain.tripTracker/.addTrip.AddATripFourthWindow
W/ContextImpl( 1299): Calling a method in the system process without a qualified user: android.app.ContextImpl.sendBroadcast:1252 android.content.ContextWrapper.sendBroadcast:365 com.motorola.motocare.util.TriggerHelper$TriggerBuilder.send:76 com.motorola.motocare.internal.frameworkevents.PauseResumeTrigger.handleFrameworkEvent:53 com.motorola.motocare.internal.frameworkevents.FwEventMonitor$FrameworkListener.processFrameworkEvent:114 
W/ActivityManager( 1042):   Force finishing activity me.sahiljain.tripTracker/.addTrip.AddATripThirdWindow
W/ContextImpl( 1299): Calling a method in the system process without a qualified user: android.app.ContextImpl.sendBroadcast:1252 android.content.ContextWrapper.sendBroadcast:365 com.motorola.motocare.util.TriggerHelper$TriggerBuilder.send:76 com.motorola.motocare.internal.frameworkevents.PauseResumeTrigger.handleFrameworkEvent:53 com.motorola.motocare.internal.frameworkevents.FwEventMonitor$FrameworkListener.processFrameworkEvent:114 
I/Process ( 6485): Sending signal. PID: 6485 SIG: 9
D/dalvikvm( 1299): GC_CONCURRENT freed 1624K, 65% free 3875K/11028K, paused 3ms+4ms, total 41ms
D/WifiService( 1042): releaseWifiLockLocked: WifiLock{NlpWifiLock type=2 binder=android.os.BinderProxy@421a2c58}
W/InputDispatcher( 1042): channel '4303d498 me.sahiljain.tripTracker/me.sahiljain.tripTracker.main.TabMainActivity (server)' ~ Consumer closed input channel or an error occurred.  events=0x9
E/InputDispatcher( 1042): channel '4303d498 me.sahiljain.tripTracker/me.sahiljain.tripTracker.main.TabMainActivity (server)' ~ Channel is unrecoverably broken and will be disposed!
W/InputDispatcher( 1042): channel '42b88ce8 me.sahiljain.tripTracker/me.sahiljain.tripTracker.addTrip.AddATripFourthWindow (server)' ~ Consumer closed input channel or an error occurred.  events=0x9
E/InputDispatcher( 1042): channel '42b88ce8 me.sahiljain.tripTracker/me.sahiljain.tripTracker.addTrip.AddATripFourthWindow (server)' ~ Channel is unrecoverably broken and will be disposed!
W/InputDispatcher( 1042): channel '42d4c590 me.sahiljain.tripTracker/me.sahiljain.tripTracker.addTrip.AddATripSecondWindow (server)' ~ Consumer closed input channel or an error occurred.  events=0x9
E/InputDispatcher( 1042): channel '42d4c590 me.sahiljain.tripTracker/me.sahiljain.tripTracker.addTrip.AddATripSecondWindow (server)' ~ Channel is unrecoverably broken and will be disposed!
W/InputDispatcher( 1042): channel '42b1e520 me.sahiljain.tripTracker/me.sahiljain.tripTracker.addTrip.AddATripThirdWindow (server)' ~ Consumer closed input channel or an error occurred.  events=0x9
I/ActivityManager( 1042): Process me.sahiljain.tripTracker (pid 6485) has died.
I/WindowState( 1042): WIN DEATH: Window{42d4c590 u0 me.sahiljain.tripTracker/me.sahiljain.tripTracker.addTrip.AddATripSecondWindow}
E/InputDispatcher( 1042): channel '42b1e520 me.sahiljain.tripTracker/me.sahiljain.tripTracker.addTrip.AddATripThirdWindow (server)' ~ Channel is unrecoverably broken and will be disposed!
W/ActivityManager( 1042): Scheduling restart of crashed service me.sahiljain.tripTracker/.notificationService.NotificationService in 1000ms
V/GmsNetworkLocationProvi( 1219): onSetRequest: ProviderRequestUnbundled, reportLocation is true and interval is 0
W/InputDispatcher( 1042): Attempted to unregister already unregistered input channel '42d4c590 me.sahiljain.tripTracker/me.sahiljain.tripTracker.addTrip.AddATripSecondWindow (server)'
V/GmsNetworkLocationProvi( 1219): SET-REQUEST
I/WindowState( 1042): WIN DEATH: Window{42b1e520 u0 me.sahiljain.tripTracker/me.sahiljain.tripTracker.addTrip.AddATripThirdWindow}
W/InputDispatcher( 1042): Attempted to unregister already unregistered input channel '42b1e520 me.sahiljain.tripTracker/me.sahiljain.tripTracker.addTrip.AddATripThirdWindow (server)'
V/GmsNetworkLocationProvi( 1219): onSetRequest: ProviderRequestUnbundled, reportLocation is true and interval is 14400000
V/GmsNetworkLocationProvi( 1219): in Handler: ProviderRequestUnbundled, reportLocation is true and interval is 20000
I/WindowState( 1042): WIN DEATH: Window{4303d498 u0 me.sahiljain.tripTracker/me.sahiljain.tripTracker.main.TabMainActivity}
W/InputDispatcher( 1042): Attempted to unregister already unregistered input channel '4303d498 me.sahiljain.tripTracker/me.sahiljain.tripTracker.main.TabMainActivity (server)'
I/WindowState( 1042): WIN DEATH: Window{42b88ce8 u0 me.sahiljain.tripTracker/me.sahiljain.tripTracker.addTrip.AddATripFourthWindow}
W/InputDispatcher( 1042): Attempted to unregister already unregistered input channel '42b88ce8 me.sahiljain.tripTracker/me.sahiljain.tripTracker.addTrip.AddATripFourthWindow (server)'
W/WindowManager( 1042): Not okToDisplay, so not showing Starting Window
I/ActivityManager( 1042): Start proc me.sahiljain.tripTracker for activity me.sahiljain.tripTracker/.addTrip.AddATripSecondWindow: pid=7303 uid=10250 gids={50250, 3003, 1028, 1015}
D/dalvikvm( 7303): Late-enabling CheckJNI
V/GmsNetworkLocationProvi( 1219): SET-REQUEST
E/jdwp    ( 7303): Failed sending reply to debugger: Broken pipe
D/dalvikvm( 7303): Debugger has detached; object registry had 1 entries
W/ContextImpl( 1299): Calling a method in the system process without a qualified user: android.app.ContextImpl.sendBroadcast:1252 android.content.ContextWrapper.sendBroadcast:365 com.motorola.motocare.util.TriggerHelper$TriggerBuilder.send:76 com.motorola.motocare.internal.frameworkevents.PauseResumeTrigger.handleFrameworkEvent:53 com.motorola.motocare.internal.frameworkevents.FwEventMonitor$FrameworkListener.processFrameworkEvent:114 
V/GmsNetworkLocationProvi( 1219): in Handler: ProviderRequestUnbundled, reportLocation is true and interval is 14400000
W/ContextImpl( 1299): Calling a method in the system process without a qualified user: android.app.ContextImpl.sendBroadcast:1252 android.content.ContextWrapper.sendBroadcast:365 com.motorola.motocare.util.TriggerHelper$TriggerBuilder.send:76 com.motorola.motocare.internal.frameworkevents.PauseResumeTrigger.handleFrameworkEvent:53 com.motorola.motocare.internal.frameworkevents.FwEventMonitor$FrameworkListener.processFrameworkEvent:114 
I/GCoreUlr( 1219): Successfully inserted location
D/WifiService( 1042): acquireWifiLockLocked: WifiLock{NlpWifiLock type=2 binder=android.os.BinderProxy@421a2c58}
D/WifiStateMachine( 1042): handleMessage: E msg.what=131143
D/WifiStateMachine( 1042): processMsg: ConnectedState
D/WifiStateMachine( 1042): processMsg: L2ConnectedState
I/wpa_supplicant( 1128): wlan0: CTRL-EVENT-SCAN-STARTED 
D/MDMCTBK (  349): reply_len: 40 reply is = IFNAME=wlan0 <3>CTRL-EVENT-SCAN-STARTED 
D/MDMCTBK (  349): Event received = CTRL-EVENT-SCAN-STARTED 
D/WifiStateMachine( 1042): handleMessage: X
D/dalvikvm( 2897): GC_CONCURRENT freed 1930K, 70% free 3317K/11028K, paused 1ms+2ms, total 35ms
I/GCoreUlr( 1219): Not calling LocationReporter, hasMoved: true, elapsed millis: 229293, request: Moving(600000)
I/dalvikvm( 7303): Could not find method android.content.res.TypedArray.getChangingConfigurations, referenced from method android.support.v7.internal.widget.TintTypedArray.getChangingConfigurations
W/dalvikvm( 7303): VFY: unable to resolve virtual method 624: Landroid/content/res/TypedArray;.getChangingConfigurations ()I
D/dalvikvm( 7303): VFY: replacing opcode 0x6e at 0x0002
I/dalvikvm( 7303): Could not find method android.content.res.TypedArray.getType, referenced from method android.support.v7.internal.widget.TintTypedArray.getType
W/dalvikvm( 7303): VFY: unable to resolve virtual method 646: Landroid/content/res/TypedArray;.getType (I)I
D/dalvikvm( 7303): VFY: replacing opcode 0x6e at 0x0002
D/dalvikvm( 1290): GC_CONCURRENT freed 2752K, 68% free 3631K/11028K, paused 3ms+3ms, total 32ms
I/x       ( 7303): Making Creator dynamically
I/Google Maps Android API( 7303): Google Play services client version: 6587000
I/Google Maps Android API( 7303): Google Play services package version: 7329034
I/dalvikvm( 7303): Could not find method android.content.pm.PackageManager.getPackageInstaller, referenced from method com.google.android.gms.common.hg.a
W/dalvikvm( 7303): VFY: unable to resolve virtual method 449: Landroid/content/pm/PackageManager;.getPackageInstaller ()Landroid/content/pm/PackageInstaller;
D/dalvikvm( 7303): VFY: replacing opcode 0x6e at 0x000d
W/ActivityManager( 1042): Activity pause timeout for ActivityRecord{42c202a0 u0 me.sahiljain.tripTracker/.addTrip.AddATripSecondWindow t5}
W/ActivityThread( 7303): ClassLoader.loadClass: The class loader returned by Thread.getContextClassLoader() may fail for processes that host multiple applications. You should explicitly specify a context class loader. For example: Thread.setContextClassLoader(getClass().getClassLoader());
V/isGPSEnabled( 7303): =false
V/isNetworkEnabled( 7303): =true
V/isGPSEnabled( 7303): =false
V/isNetworkEnabled( 7303): =true
V/GmsNetworkLocationProvi( 1219): onSetRequest: ProviderRequestUnbundled, reportLocation is true and interval is 0
V/GmsNetworkLocationProvi( 1219): SET-REQUEST
V/GmsNetworkLocationProvi( 1219): in Handler: ProviderRequestUnbundled, reportLocation is true and interval is 20000
D/WifiStateMachine( 1042): handleMessage: E msg.what=131143
D/WifiStateMachine( 1042): processMsg: ConnectedState
D/WifiStateMachine( 1042): processMsg: L2ConnectedState
D/WifiStateMachine( 1042): handleMessage: X
D/MDMCTBK (  349): reply_len: 40 reply is = IFNAME=wlan0 <3>CTRL-EVENT-SCAN-RESULTS 
D/MDMCTBK (  349): Event received = CTRL-EVENT-SCAN-RESULTS 
D/TCMD    (  393): NL - Read 56 bytes from update socket.
D/TCMD    (  393): NL - message type is RTM_NEWLINK
