E/CWCheckin( 5216): 	at android.content.ContentResolver.insert(ContentResolver.java:1190)
E/CWCheckin( 5216): 	at com.motorola.checkin.api.Checkin.logEvent(Checkin.java:325)
E/CWCheckin( 5216): 	at com.motorola.checkin.api.CheckinEvent.publish(CheckinEvent.java:58)
E/CWCheckin( 5216): 	at com.motorola.checkin.api.CheckinEventWrapper.publish(CheckinEventWrapper.java:368)
E/CWCheckin( 5216): 	at com.motorola.checkin.uploader.BcsPlatformAndroid$Logger.logCheckinEvent(BcsPlatformAndroid.java:622)
E/CWCheckin( 5216): 	at com.motorola.checkin.uploader.BcsPlatformAndroid$Logger.wtf(BcsPlatformAndroid.java:596)
E/CWCheckin( 5216): 	at com.motorola.checkin.uploader.BcsDSCheckin.events(BcsDSCheckin.java:142)
E/CWCheckin( 5216): 	at com.motorola.checkin.uploader.BcsCore$Call.addEvents(BcsCore.java:152)
E/CWCheckin( 5216): 	at com.motorola.checkin.uploader.BcsCore.doCallHomeCore(BcsCore.java:565)
E/CWCheckin( 5216): 	at com.motorola.checkin.uploader.BcsCore.status(BcsCore.java:442)
E/CWCheckin( 5216): 	at com.motorola.checkin.uploader.BcsMMApiWSGpb.handleWSResponse(BcsMMApiWSGpb.java:558)
E/CWCheckin( 5216): 	at com.motorola.checkin.uploader.BcsMMApiWSGpb.access$500(BcsMMApiWSGpb.java:72)
E/CWCheckin( 5216): 	at com.motorola.checkin.uploader.BcsMMApiWSGpb$2.wsResponse(BcsMMApiWSGpb.java:198)
E/CWCheckin( 5216): 	at com.motorola.blur.service.blur.IMMApiWebServiceCallback$Stub.onTransact(IMMApiWebServiceCallback.java:50)
E/CWCheckin( 5216): 	at android.os.Binder.execTransact(Binder.java:404)
E/CWCheckin( 5216): 	at dalvik.system.NativeStart.run(Native Method)
F/CWCheckin( 5216): BcsDSCheckin.events failed
F/CWCheckin( 5216): java.lang.SecurityException: Permission Denial: reading com.motorola.checkin.collector.CheckinProvider uri content://com.motorola.checkin.api/events from pid=2622, uid=10000 requires the provider be exported, or grantUriPermission()
F/CWCheckin( 5216): 	at android.content.ContentProvider.enforceReadPermissionInner(ContentProvider.java:467)
F/CWCheckin( 5216): 	at android.content.ContentProvider$Transport.enforceReadPermission(ContentProvider.java:394)
F/CWCheckin( 5216): 	at android.content.ContentProvider$Transport.query(ContentProvider.java:194)
F/CWCheckin( 5216): 	at android.content.ContentResolver.query(ContentResolver.java:461)
F/CWCheckin( 5216): 	at android.content.ContentResolver.query(ContentResolver.java:404)
F/CWCheckin( 5216): 	at com.motorola.checkin.uploader.BcsDSCheckin.events(BcsDSCheckin.java:96)
F/CWCheckin( 5216): 	at com.motorola.checkin.uploader.BcsCore$Call.addEvents(BcsCore.java:152)
F/CWCheckin( 5216): 	at com.motorola.checkin.uploader.BcsCore.doCallHomeCore(BcsCore.java:565)
F/CWCheckin( 5216): 	at com.motorola.checkin.uploader.BcsCore.status(BcsCore.java:442)
F/CWCheckin( 5216): 	at com.motorola.checkin.uploader.BcsMMApiWSGpb.handleWSResponse(BcsMMApiWSGpb.java:558)
F/CWCheckin( 5216): 	at com.motorola.checkin.uploader.BcsMMApiWSGpb.access$500(BcsMMApiWSGpb.java:72)
F/CWCheckin( 5216): 	at com.motorola.checkin.uploader.BcsMMApiWSGpb$2.wsResponse(BcsMMApiWSGpb.java:198)
F/CWCheckin( 5216): 	at com.motorola.blur.service.blur.IMMApiWebServiceCallback$Stub.onTransact(IMMApiWebServiceCallback.java:50)
F/CWCheckin( 5216): 	at android.os.Binder.execTransact(Binder.java:404)
F/CWCheckin( 5216): 	at dalvik.system.NativeStart.run(Native Method)
E/CWCheckin( 5216): BcsCore.Call.addEvents failed to read events from BcsDSCheckin
D/Checkin ( 5216): publish the event [tag = MOT_CHECKIN event name = LOG]
E/Checkin ( 5216): CheckinEvent:publish Cannot publish event MOT_CHECKIN
E/Checkin ( 5216): java.lang.SecurityException: Permission Denial: writing com.motorola.checkin.collector.CheckinProvider uri content://com.motorola.checkin.api/events?tagType=eventTags from pid=2622, uid=10000 requires the provider be exported, or grantUriPermission()
E/Checkin ( 5216): 	at android.content.ContentProvider.enforceWritePermissionInner(ContentProvider.java:529)
E/Checkin ( 5216): 	at android.content.ContentProvider$Transport.enforceWritePermission(ContentProvider.java:402)
E/Checkin ( 5216): 	at android.content.ContentProvider$Transport.insert(ContentProvider.java:215)
E/Checkin ( 5216): 	at android.content.ContentResolver.insert(ContentResolver.java:1190)
E/Checkin ( 5216): 	at com.motorola.checkin.api.Checkin.logEvent(Checkin.java:325)
E/Checkin ( 5216): 	at com.motorola.checkin.api.CheckinEvent.publish(CheckinEvent.java:58)
E/Checkin ( 5216): 	at com.motorola.checkin.api.CheckinEventWrapper.publish(CheckinEventWrapper.java:368)
E/Checkin ( 5216): 	at com.motorola.checkin.uploader.BcsPlatformAndroid$Logger.logCheckinEvent(BcsPlatformAndroid.java:622)
E/Checkin ( 5216): 	at com.motorola.checkin.uploader.BcsPlatformAndroid$Logger.e(BcsPlatformAndroid.java:586)
E/Checkin ( 5216): 	at com.motorola.checkin.uploader.BcsCore$Call.addEvents(BcsCore.java:155)
E/Checkin ( 5216): 	at com.motorola.checkin.uploader.BcsCore.doCallHomeCore(BcsCore.java:565)
E/Checkin ( 5216): 	at com.motorola.checkin.uploader.BcsCore.status(BcsCore.java:442)
E/Checkin ( 5216): 	at com.motorola.checkin.uploader.BcsMMApiWSGpb.handleWSResponse(BcsMMApiWSGpb.java:558)
E/Checkin ( 5216): 	at com.motorola.checkin.uploader.BcsMMApiWSGpb.access$500(BcsMMApiWSGpb.java:72)
E/Checkin ( 5216): 	at com.motorola.checkin.uploader.BcsMMApiWSGpb$2.wsResponse(BcsMMApiWSGpb.java:198)
E/Checkin ( 5216): 	at com.motorola.blur.service.blur.IMMApiWebServiceCallback$Stub.onTransact(IMMApiWebServiceCallback.java:50)
E/Checkin ( 5216): 	at android.os.Binder.execTransact(Binder.java:404)
E/Checkin ( 5216): 	at dalvik.system.NativeStart.run(Native Method)
E/CWCheckin( 5216): Cannot publish event 
E/CWCheckin( 5216): java.lang.SecurityException: Permission Denial: writing com.motorola.checkin.collector.CheckinProvider uri content://com.motorola.checkin.api/events?tagType=eventTags from pid=2622, uid=10000 requires the provider be exported, or grantUriPermission()
E/CWCheckin( 5216): 	at android.content.ContentProvider.enforceWritePermissionInner(ContentProvider.java:529)
E/CWCheckin( 5216): 	at android.content.ContentProvider$Transport.enforceWritePermission(ContentProvider.java:402)
E/CWCheckin( 5216): 	at android.content.ContentProvider$Transport.insert(ContentProvider.java:215)
E/CWCheckin( 5216): 	at android.content.ContentResolver.insert(ContentResolver.java:1190)
E/CWCheckin( 5216): 	at com.motorola.checkin.api.Checkin.logEvent(Checkin.java:325)
E/CWCheckin( 5216): 	at com.motorola.checkin.api.CheckinEvent.publish(CheckinEvent.java:58)
E/CWCheckin( 5216): 	at com.motorola.checkin.api.CheckinEventWrapper.publish(CheckinEventWrapper.java:368)
E/CWCheckin( 5216): 	at com.motorola.checkin.uploader.BcsPlatformAndroid$Logger.logCheckinEvent(BcsPlatformAndroid.java:622)
E/CWCheckin( 5216): 	at com.motorola.checkin.uploader.BcsPlatformAndroid$Logger.e(BcsPlatformAndroid.java:586)
E/CWCheckin( 5216): 	at com.motorola.checkin.uploader.BcsCore$Call.addEvents(BcsCore.java:155)
E/CWCheckin( 5216): 	at com.motorola.checkin.uploader.BcsCore.doCallHomeCore(BcsCore.java:565)
E/CWCheckin( 5216): 	at com.motorola.checkin.uploader.BcsCore.status(BcsCore.java:442)
E/CWCheckin( 5216): 	at com.motorola.checkin.uploader.BcsMMApiWSGpb.handleWSResponse(BcsMMApiWSGpb.java:558)
E/CWCheckin( 5216): 	at com.motorola.checkin.uploader.BcsMMApiWSGpb.access$500(BcsMMApiWSGpb.java:72)
E/CWCheckin( 5216): 	at com.motorola.checkin.uploader.BcsMMApiWSGpb$2.wsResponse(BcsMMApiWSGpb.java:198)
E/CWCheckin( 5216): 	at com.motorola.blur.service.blur.IMMApiWebServiceCallback$Stub.onTransact(IMMApiWebServiceCallback.java:50)
E/CWCheckin( 5216): 	at android.os.Binder.execTransact(Binder.java:404)
E/CWCheckin( 5216): 	at dalvik.system.NativeStart.run(Native Method)
D/dalvikvm( 1423): GC_EXPLICIT freed 1576K, 63% free 4188K/11028K, paused 2ms+17ms, total 123ms
E/Checkin ( 5216): Can't get property DEVICE_INFO
E/Checkin ( 5216): java.lang.SecurityException: Permission Denial: reading com.motorola.checkin.collector.CheckinProvider uri content://com.motorola.checkin.api/properties from pid=2622, uid=10000 requires the provider be exported, or grantUriPermission()
E/Checkin ( 5216): 	at android.content.ContentProvider.enforceReadPermissionInner(ContentProvider.java:467)
E/Checkin ( 5216): 	at android.content.ContentProvider$Transport.enforceReadPermission(ContentProvider.java:394)
E/Checkin ( 5216): 	at android.content.ContentProvider$Transport.query(ContentProvider.java:194)
E/Checkin ( 5216): 	at android.content.ContentResolver.query(ContentResolver.java:461)
E/Checkin ( 5216): 	at android.content.ContentResolver.query(ContentResolver.java:404)
E/Checkin ( 5216): 	at com.motorola.checkin.api.Checkin.getProperty(Checkin.java:395)
E/Checkin ( 5216): 	at com.motorola.checkin.collector.CheckinMetaDataBuilder.buildDeviceInfo(CheckinMetaDataBuilder.java:35)
E/Checkin ( 5216): 	at com.motorola.checkin.uploader.BcsConfigAndroid.getSwVersion(BcsConfigAndroid.java:445)
E/Checkin ( 5216): 	at com.motorola.checkin.uploader.BcsCore.onCheckinIsDone(BcsCore.java:729)
E/Checkin ( 5216): 	at com.motorola.checkin.uploader.BcsCore.doCallHomeCore(BcsCore.java:583)
E/Checkin ( 5216): 	at com.motorola.checkin.uploader.BcsCore.status(BcsCore.java:442)
E/Checkin ( 5216): 	at com.motorola.checkin.uploader.BcsMMApiWSGpb.handleWSResponse(BcsMMApiWSGpb.java:558)
E/Checkin ( 5216): 	at com.motorola.checkin.uploader.BcsMMApiWSGpb.access$500(BcsMMApiWSGpb.java:72)
E/Checkin ( 5216): 	at com.motorola.checkin.uploader.BcsMMApiWSGpb$2.wsResponse(BcsMMApiWSGpb.java:198)
E/Checkin ( 5216): 	at com.motorola.blur.service.blur.IMMApiWebServiceCallback$Stub.onTransact(IMMApiWebServiceCallback.java:50)
E/Checkin ( 5216): 	at android.os.Binder.execTransact(Binder.java:404)
E/Checkin ( 5216): 	at dalvik.system.NativeStart.run(Native Method)
E/CWCheckin( 5216): DeviceInfo of xClock is not available!
E/Checkin ( 5216): Can't get property DEVICE_INFO
E/Checkin ( 5216): java.lang.SecurityException: Permission Denial: reading com.motorola.checkin.collector.CheckinProvider uri content://com.motorola.checkin.api/properties from pid=2622, uid=10000 requires the provider be exported, or grantUriPermission()
E/Checkin ( 5216): 	at android.content.ContentProvider.enforceReadPermissionInner(ContentProvider.java:467)
E/Checkin ( 5216): 	at android.content.ContentProvider$Transport.enforceReadPermission(ContentProvider.java:394)
E/Checkin ( 5216): 	at android.content.ContentProvider$Transport.query(ContentProvider.java:194)
E/Checkin ( 5216): 	at android.content.ContentResolver.query(ContentResolver.java:461)
E/Checkin ( 5216): 	at android.content.ContentResolver.query(ContentResolver.java:404)
E/Checkin ( 5216): 	at com.motorola.checkin.api.Checkin.getProperty(Checkin.java:395)
E/Checkin ( 5216): 	at com.motorola.checkin.collector.CheckinMetaDataBuilder.buildDeviceInfo(CheckinMetaDataBuilder.java:35)
E/Checkin ( 5216): 	at com.motorola.checkin.uploader.BcsMMApiWSGpb.getMetadataJSON(BcsMMApiWSGpb.java:233)
E/Checkin ( 5216): 	at com.motorola.checkin.uploader.BcsCore.onCheckinIsDone(BcsCore.java:730)
E/Checkin ( 5216): 	at com.motorola.checkin.uploader.BcsCore.doCallHomeCore(BcsCore.java:583)
E/Checkin ( 5216): 	at com.motorola.checkin.uploader.BcsCore.status(BcsCore.java:442)
E/Checkin ( 5216): 	at com.motorola.checkin.uploader.BcsMMApiWSGpb.handleWSResponse(BcsMMApiWSGpb.java:558)
E/Checkin ( 5216): 	at com.motorola.checkin.uploader.BcsMMApiWSGpb.access$500(BcsMMApiWSGpb.java:72)
E/Checkin ( 5216): 	at com.motorola.checkin.uploader.BcsMMApiWSGpb$2.wsResponse(BcsMMApiWSGpb.java:198)
E/Checkin ( 5216): 	at com.motorola.blur.service.blur.IMMApiWebServiceCallback$Stub.onTransact(IMMApiWebServiceCallback.java:50)
E/Checkin ( 5216): 	at android.os.Binder.execTransact(Binder.java:404)
E/Checkin ( 5216): 	at dalvik.system.NativeStart.run(Native Method)
I/InputDispatcher( 1042): Dropping event because there is no touchable window at (483, 821).
E/CWCheckin( 5216): DeviceInfo of xClock is not available!
D/CWCheckin( 5216): getMetadataJSON: DEVICE_INFO=null
E/Checkin ( 5216): Can't get property DEVICE_PROPERTIES
E/Checkin ( 5216): java.lang.SecurityException: Permission Denial: reading com.motorola.checkin.collector.CheckinProvider uri content://com.motorola.checkin.api/properties from pid=2622, uid=10000 requires the provider be exported, or grantUriPermission()
E/Checkin ( 5216): 	at android.content.ContentProvider.enforceReadPermissionInner(ContentProvider.java:467)
E/Checkin ( 5216): 	at android.content.ContentProvider$Transport.enforceReadPermission(ContentProvider.java:394)
E/Checkin ( 5216): 	at android.content.ContentProvider$Transport.query(ContentProvider.java:194)
E/Checkin ( 5216): 	at android.content.ContentResolver.query(ContentResolver.java:461)
E/Checkin ( 5216): 	at android.content.ContentResolver.query(ContentResolver.java:404)
E/Checkin ( 5216): 	at com.motorola.checkin.api.Checkin.getProperty(Checkin.java:395)
E/Checkin ( 5216): 	at com.motorola.checkin.collector.CheckinMetaDataBuilder.buildDeviceProperties(CheckinMetaDataBuilder.java:29)
E/Checkin ( 5216): 	at com.motorola.checkin.uploader.BcsMMApiWSGpb.getDeviceProperties(BcsMMApiWSGpb.java:268)
E/Checkin ( 5216): 	at com.motorola.checkin.uploader.BcsCore.onCheckinIsDone(BcsCore.java:731)
E/Checkin ( 5216): 	at com.motorola.checkin.uploader.BcsCore.doCallHomeCore(BcsCore.java:583)
E/Checkin ( 5216): 	at com.motorola.checkin.uploader.BcsCore.status(BcsCore.java:442)
E/Checkin ( 5216): 	at com.motorola.checkin.uploader.BcsMMApiWSGpb.handleWSResponse(BcsMMApiWSGpb.java:558)
E/Checkin ( 5216): 	at com.motorola.checkin.uploader.BcsMMApiWSGpb.access$500(BcsMMApiWSGpb.java:72)
E/Checkin ( 5216): 	at com.motorola.checkin.uploader.BcsMMApiWSGpb$2.wsResponse(BcsMMApiWSGpb.java:198)
E/Checkin ( 5216): 	at com.motorola.blur.service.blur.IMMApiWebServiceCallback$Stub.onTransact(IMMApiWebServiceCallback.java:50)
E/Checkin ( 5216): 	at android.os.Binder.execTransact(Binder.java:404)
E/Checkin ( 5216): 	at dalvik.system.NativeStart.run(Native Method)
D/CWCheckin( 5216): BcsMMApiWSGpb: getDeviceProperties()=null
E/CWCheckin( 5216): BcsCore.onCheckinIsDone() getting bad values for metadata, devInfo or version. bailing out!
D/Checkin ( 5216): publish the event [tag = MOT_CHECKIN event name = LOG]
E/Checkin ( 5216): CheckinEvent:publish Cannot publish event MOT_CHECKIN
E/Checkin ( 5216): java.lang.SecurityException: Permission Denial: writing com.motorola.checkin.collector.CheckinProvider uri content://com.motorola.checkin.api/events?tagType=eventTags from pid=2622, uid=10000 requires the provider be exported, or grantUriPermission()
E/Checkin ( 5216): 	at android.content.ContentProvider.enforceWritePermissionInner(ContentProvider.java:529)
E/Checkin ( 5216): 	at android.content.ContentProvider$Transport.enforceWritePermission(ContentProvider.java:402)
E/Checkin ( 5216): 	at android.content.ContentProvider$Transport.insert(ContentProvider.java:215)
E/Checkin ( 5216): 	at android.content.ContentResolver.insert(ContentResolver.java:1190)
E/Checkin ( 5216): 	at com.motorola.checkin.api.Checkin.logEvent(Checkin.java:325)
E/Checkin ( 5216): 	at com.motorola.checkin.api.CheckinEvent.publish(CheckinEvent.java:58)
E/Checkin ( 5216): 	at com.motorola.checkin.api.CheckinEventWrapper.publish(CheckinEventWrapper.java:368)
E/Checkin ( 5216): 	at com.motorola.checkin.uploader.BcsPlatformAndroid$Logger.logCheckinEvent(BcsPlatformAndroid.java:622)
E/Checkin ( 5216): 	at com.motorola.checkin.uploader.BcsPlatformAndroid$Logger.e(BcsPlatformAndroid.java:586)
E/Checkin ( 5216): 	at com.motorola.checkin.uploader.BcsCore.onCheckinIsDone(BcsCore.java:736)
E/Checkin ( 5216): 	at com.motorola.checkin.uploader.BcsCore.doCallHomeCore(BcsCore.java:583)
E/Checkin ( 5216): 	at com.motorola.checkin.uploader.BcsCore.status(BcsCore.java:442)
E/Checkin ( 5216): 	at com.motorola.checkin.uploader.BcsMMApiWSGpb.handleWSResponse(BcsMMApiWSGpb.java:558)
E/Checkin ( 5216): 	at com.motorola.checkin.uploader.BcsMMApiWSGpb.access$500(BcsMMApiWSGpb.java:72)
E/Checkin ( 5216): 	at com.motorola.checkin.uploader.BcsMMApiWSGpb$2.wsResponse(BcsMMApiWSGpb.java:198)
E/Checkin ( 5216): 	at com.motorola.blur.service.blur.IMMApiWebServiceCallback$Stub.onTransact(IMMApiWebServiceCallback.java:50)
E/Checkin ( 5216): 	at android.os.Binder.execTransact(Binder.java:404)
E/Checkin ( 5216): 	at dalvik.system.NativeStart.run(Native Method)
E/CWCheckin( 5216): Cannot publish event 
E/CWCheckin( 5216): java.lang.SecurityException: Permission Denial: writing com.motorola.checkin.collector.CheckinProvider uri content://com.motorola.checkin.api/events?tagType=eventTags from pid=2622, uid=10000 requires the provider be exported, or grantUriPermission()
E/CWCheckin( 5216): 	at android.content.ContentProvider.enforceWritePermissionInner(ContentProvider.java:529)
E/CWCheckin( 5216): 	at android.content.ContentProvider$Transport.enforceWritePermission(ContentProvider.java:402)
E/CWCheckin( 5216): 	at android.content.ContentProvider$Transport.insert(ContentProvider.java:215)
E/CWCheckin( 5216): 	at android.content.ContentResolver.insert(ContentResolver.java:1190)
E/CWCheckin( 5216): 	at com.motorola.checkin.api.Checkin.logEvent(Checkin.java:325)
E/CWCheckin( 5216): 	at com.motorola.checkin.api.CheckinEvent.publish(CheckinEvent.java:58)
E/CWCheckin( 5216): 	at com.motorola.checkin.api.CheckinEventWrapper.publish(CheckinEventWrapper.java:368)
E/CWCheckin( 5216): 	at com.motorola.checkin.uploader.BcsPlatformAndroid$Logger.logCheckinEvent(BcsPlatformAndroid.java:622)
E/CWCheckin( 5216): 	at com.motorola.checkin.uploader.BcsPlatformAndroid$Logger.e(BcsPlatformAndroid.java:586)
E/CWCheckin( 5216): 	at com.motorola.checkin.uploader.BcsCore.onCheckinIsDone(BcsCore.java:736)
E/CWCheckin( 5216): 	at com.motorola.checkin.uploader.BcsCore.doCallHomeCore(BcsCore.java:583)
E/CWCheckin( 5216): 	at com.motorola.checkin.uploader.BcsCore.status(BcsCore.java:442)
E/CWCheckin( 5216): 	at com.motorola.checkin.uploader.BcsMMApiWSGpb.handleWSResponse(BcsMMApiWSGpb.java:558)
E/CWCheckin( 5216): 	at com.motorola.checkin.uploader.BcsMMApiWSGpb.access$500(BcsMMApiWSGpb.java:72)
E/CWCheckin( 5216): 	at com.motorola.checkin.uploader.BcsMMApiWSGpb$2.wsResponse(BcsMMApiWSGpb.java:198)
E/CWCheckin( 5216): 	at com.motorola.blur.service.blur.IMMApiWebServiceCallback$Stub.onTransact(IMMApiWebServiceCallback.java:50)
E/CWCheckin( 5216): 	at android.os.Binder.execTransact(Binder.java:404)
E/CWCheckin( 5216): 	at dalvik.system.NativeStart.run(Native Method)
I/CWCheckin( 5216): BcsTimer.onReceive checkin completed (0:ERROR_OK)
D/Checkin ( 5216): publish the event [tag = MOT_CHECKIN event name = LOG]
D/CWCheckin( 5216): Motorola help_improve privacy is 1
D/CWCheckin( 5216): Generic privacy config is true
E/CCE     ( 2622): AppWSProxy - sendAIDLWSResponse() failed!: java.lang.SecurityException: Permission Denial: writing com.motorola.checkin.collector.CheckinProvider uri content://com.motorola.checkin.api/events?tagType=eventTags from pid=2622, uid=10000 requires the provider be exported, or grantUriPermission()
D/WifiStateMachine( 1042): handleMessage: E msg.what=151572
D/WifiStateMachine( 1042): processMsg: ConnectedState
D/WifiStateMachine( 1042): processMsg: L2ConnectedState
D/WifiStateMachine( 1042): handleMessage: X
D/dalvikvm( 6485): GC_FOR_ALLOC freed 2286K, 17% free 12188K/14548K, paused 29ms, total 30ms
V/isGPSEnabled( 6485): =false
V/isNetworkEnabled( 6485): =true
V/isGPSEnabled( 6485): =false
V/isNetworkEnabled( 6485): =true
I/Choreographer( 6485): Skipped 104 frames!  The application may be doing too much work on its main thread.
I/LaunchCheckinHandler( 1042): Displayed me.sahiljain.tripTracker/.addTrip.AddATripThirdWindow,wp,ca,2199
I/ActivityManager( 1042): Displayed me.sahiljain.tripTracker/.addTrip.AddATripThirdWindow: +2s199ms
W/IInputConnectionWrapper( 6485): finishComposingText on inactive InputConnection
V/AlarmManager( 1042): sending alarm Alarm{425c0340 type 2 com.google.android.apps.plus}
I/ActivityManager( 1042): Start proc com.google.android.apps.plus for service com.google.android.apps.plus/com.google.android.apps.moviemaker.service.PluggedInAnalyzerService: pid=7010 uid=10082 gids={50082, 3003, 3002, 1028, 1015}
D/WifiService( 1042): acquireWifiLockLocked: WifiLock{NlpWifiLock type=2 binder=android.os.BinderProxy@42b68658}
D/WifiStateMachine( 1042): handleMessage: E msg.what=131143
D/WifiStateMachine( 1042): processMsg: ConnectedState
D/WifiStateMachine( 1042): processMsg: L2ConnectedState
D/WifiStateMachine( 1042): handleMessage: X
I/wpa_supplicant( 1128): wlan0: CTRL-EVENT-SCAN-STARTED 
D/MDMCTBK (  349): reply_len: 40 reply is = IFNAME=wlan0 <3>CTRL-EVENT-SCAN-STARTED 
D/MDMCTBK (  349): Event received = CTRL-EVENT-SCAN-STARTED 
W/dalvikvm( 7010): VFY: unable to find class referenced in signature (Laco;)
W/dalvikvm( 7010): VFY: unable to find class referenced in signature (Laco;)
W/dalvikvm( 7010): VFY: unable to find class referenced in signature (Laco;)
W/dalvikvm( 7010): VFY: unable to find class referenced in signature (Laco;)
W/dalvikvm( 7010): VFY: unable to find class referenced in signature (Laco;)
W/dalvikvm( 7010): VFY: unable to find class referenced in signature (Laco;)
W/dalvikvm( 7010): VFY: unable to find class referenced in signature (Laco;)
E/dalvikvm( 7010): Could not find class 'android.app.Notification$Action$Builder', referenced from method b.a
W/dalvikvm( 7010): VFY: unable to resolve new-instance 285 (Landroid/app/Notification$Action$Builder;) in Lb;
D/dalvikvm( 7010): VFY: replacing opcode 0x22 at 0x0000
D/WifiStateMachine( 1042): handleMessage: E msg.what=151572
D/WifiStateMachine( 1042): processMsg: ConnectedState
D/WifiStateMachine( 1042): processMsg: L2ConnectedState
E/dalvikvm( 7010): Could not find class 'android.graphics.drawable.RippleDrawable', referenced from method b.a
W/dalvikvm( 7010): VFY: unable to resolve new-instance 442 (Landroid/graphics/drawable/RippleDrawable;) in Lb;
D/dalvikvm( 7010): VFY: replacing opcode 0x22 at 0x000b
W/dalvikvm( 7010): VFY: unable to find class referenced in signature (Lbib;)
W/dalvikvm( 7010): VFY: unable to find class referenced in signature (Lbib;)
W/dalvikvm( 7010): VFY: unable to find class referenced in signature (Lcom/google/android/gms/maps/model/LatLng;)
W/dalvikvm( 7010): VFY: unable to find class referenced in signature (Lcom/google/android/gms/maps/model/LatLng;)
W/dalvikvm( 7010): VFY: unable to find class referenced in signature (Lgmh;)
W/dalvikvm( 7010): VFY: unable to find class referenced in signature (Lgmh;)
W/dalvikvm( 7010): VFY: unable to find class referenced in signature (Lcom/google/android/gms/maps/model/LatLng;)
W/dalvikvm( 7010): VFY: unable to find class referenced in signature (Lcom/google/android/gms/maps/model/LatLng;)
W/dalvikvm( 7010): VFY: unable to find class referenced in signature (Lgmh;)
W/dalvikvm( 7010): VFY: unable to find class referenced in signature (Lgmh;)
W/dalvikvm( 7010): VFY: unable to find class referenced in signature (Lgmh;)
W/dalvikvm( 7010): VFY: unable to find class referenced in signature (Lgmh;)
D/WifiStateMachine( 1042): handleMessage: X
E/dalvikvm( 7010): Could not find class 'android.app.Notification$Action$Builder', referenced from method b.a
W/dalvikvm( 7010): VFY: unable to resolve new-instance 285 (Landroid/app/Notification$Action$Builder;) in Lb;
D/dalvikvm( 7010): VFY: replacing opcode 0x22 at 0x0000
I/SFPerfTracer(  259):      triggers: (rate: 0:0) (216 sw vsyncs) (0 skipped) (152:2082 vsyncs) (154:3180)
W/dalvikvm( 7010): Unable to resolve superclass of Lay; (653)
W/dalvikvm( 7010): Link of class 'Lay;' failed
E/dalvikvm( 7010): Could not find class 'ay', referenced from method b.a
W/dalvikvm( 7010): VFY: unable to resolve new-instance 1078 (Lay;) in Lb;
D/dalvikvm( 7010): VFY: replacing opcode 0x22 at 0x0006
W/dalvikvm( 7010): Unable to resolve superclass of Lba; (653)
W/dalvikvm( 7010): Link of class 'Lba;' failed
E/dalvikvm( 7010): Could not find class 'ba', referenced from method b.a
W/dalvikvm( 7010): VFY: unable to resolve new-instance 1107 (Lba;) in Lb;
D/dalvikvm( 7010): VFY: replacing opcode 0x22 at 0x002a
I/SFPerfTracer(  259):      triggers: (rate: 6:182) (compose: 0:10) (post: 0:0) (render: 0:11) (3:606 frames) (4:2588)
D/SFPerfTracer(  259):        layers: (4:11) (FocusedStackFrame: 0:38)* (StatusBar: 0:671) (NavigationBar: 0:135) (com.android.systemui.ImageWallpaper: 0:13)* (DimLayer: 0:54)* (DimLayer: 0:7) (me.sahiljain.tripTracker/me.sahiljain.tripTracker.addTrip.AddATripSecondWindow: 4:90)* (me.sahiljain.tripTracker/me.sahiljain.tripTracker.addTrip.AddATripSecondWindow: 0:43)* (me.sahiljain.tripTracker/me.sahiljain.tripTracker.addTrip.AddATripThirdWindow: 4:35) 
I/dalvikvm( 7010): Could not find method android.view.ViewGroup.isTransitionGroup, referenced from method b.a
W/dalvikvm( 7010): VFY: unable to resolve virtual method 4345: Landroid/view/ViewGroup;.isTransitionGroup ()Z
D/dalvikvm( 7010): VFY: replacing opcode 0x6e at 0x000c
I/dalvikvm( 7010): Could not find method android.view.View.getTransitionName, referenced from method b.a
W/dalvikvm( 7010): VFY: unable to resolve virtual method 4161: Landroid/view/View;.getTransitionName ()Ljava/lang/String;
D/dalvikvm( 7010): VFY: replacing opcode 0x6e at 0x0006
W/dalvikvm( 7010): VFY: unable to find class referenced in signature (Lbpg;)
W/dalvikvm( 7010): VFY: unable to find class referenced in signature (Lbpg;)
W/dalvikvm( 7010): VFY: unable to find class referenced in signature ([Landroid/app/RemoteInput;)
E/dalvikvm( 7010): Could not find class 'android.app.RemoteInput[]', referenced from method b.a
W/dalvikvm( 7010): VFY: unable to resolve new-array 12086 ([Landroid/app/RemoteInput;) in Lb;
D/dalvikvm( 7010): VFY: replacing opcode 0x23 at 0x0005
D/dalvikvm( 6485): GC_FOR_ALLOC freed 2012K, 18% free 12631K/15372K, paused 37ms, total 37ms
D/dalvikvm( 7010): DexOpt: unable to opt direct call 0x0524 at 0x0e in Lb;.a
D/dalvikvm( 7010): DexOpt: unable to opt direct call 0x087d at 0x0e in Lb;.a
D/dalvikvm( 7010): DexOpt: unable to opt direct call 0x0524 at 0x0e in Lb;.a
W/dalvikvm( 7010): Unable to resolve superclass of Lay; (653)
W/dalvikvm( 7010): Link of class 'Lay;' failed
D/dalvikvm( 7010): DexOpt: unable to opt direct call 0x1ac3 at 0x08 in Lb;.a
W/dalvikvm( 7010): Unable to resolve superclass of Lba; (653)
W/dalvikvm( 7010): Link of class 'Lba;' failed
D/dalvikvm( 7010): DexOpt: unable to opt direct call 0x1daf at 0x2c in Lb;.a
D/dalvikvm( 7010): DexOpt: unable to opt direct call 0x0578 at 0x13 in Lb;.a
D/dalvikvm( 7010): Trying to load lib /data/app-lib/com.google.android.apps.plus-2/libcrashreporterer.so 0x421918b8
D/dalvikvm( 7010): Added shared lib /data/app-lib/com.google.android.apps.plus-2/libcrashreporterer.so 0x421918b8
D/hardware_info(  265): hw_info_append_hw_type : device_name = speaker
I/Adreno-EGL( 7010): <qeglDrvAPI_eglInitialize:410>: EGL 1.4 QUALCOMM build: AU_LINUX_ANDROID_LNX.LA.3.5.1_RB1.04.04.02.048.018_msm8610_LNX.LA.3.5.1_RB1__release_AU ()
I/Adreno-EGL( 7010): OpenGL ES Shader Compiler Version: E031.24.00.08
I/Adreno-EGL( 7010): Build Date: 03/07/14 Fri
I/Adreno-EGL( 7010): Local Branch: 
I/Adreno-EGL( 7010): Remote Branch: quic/LNX.LA.3.5.1_RB1.1
I/Adreno-EGL( 7010): Local Patches: NONE
I/Adreno-EGL( 7010): Reconstruct Branch: AU_LINUX_ANDROID_LNX.LA.3.5.1_RB1.04.04.02.048.018 + f2fd134 +  NOTHING
D/TCMD    (  393): NL - Read 56 bytes from update socket.
D/TCMD    (  393): NL - message type is RTM_NEWLINK
D/TCMD    (  393): Listening for incoming client connection request
D/MDMCTBK (  349): reply_len: 40 reply is = IFNAME=wlan0 <3>CTRL-EVENT-BSS-REMOVED 4
D/MDMCTBK (  349): Event received = CTRL-EVENT-BSS-REMOVED 4
D/MDMCTBK (  349): reply_len: 40 reply is = IFNAME=wlan0 <3>CTRL-EVENT-SCAN-RESULTS 
D/MDMCTBK (  349): Event received = CTRL-EVENT-SCAN-RESULTS 
D/WifiStateMachine( 1042): handleMessage: E msg.what=147461
D/WifiStateMachine( 1042): processMsg: ConnectedState
D/WifiStateMachine( 1042): processMsg: L2ConnectedState
D/WifiStateMachine( 1042): processMsg: ConnectModeState
D/WifiStateMachine( 1042): processMsg: DriverStartedState
D/WifiStateMachine( 1042): processMsg: SupplicantStartedState
D/WifiStateMachine( 1042): handleMessage: X
D/WifiStateMachine( 1042): handleMessage: E msg.what=151572
D/WifiStateMachine( 1042): processMsg: ConnectedState
D/WifiStateMachine( 1042): processMsg: L2ConnectedState
D/SBar.MSimNetwCntrl( 1131): updateTelephonySignalStrength[0]: iconList[iconLevel]=7f020299/zz_moto_stat_sys_signal_4_fully_wide iconLevel=4 mMSimMobileInetCondition=1 mMSimMobileInetConditionSB=1
D/SBar.MSimNetwCntrl( 1131): updateDataIcon[0]: subscription=0
D/SBar.MSimNetwCntrl( 1131): updateDataIcon[0]: dataSub=0
D/SBar.MSimNetwCntrl( 1131): updateDataIcon[0]: SimState=READY
I/SBar.MSimNetwCntrl( 1131): notifySignalsChangedCallbacks[0]: isEmergencyOnly(0)=false enabled=true sim=(none)="(empty)" signal=zz_moto_stat_sys_signal_4_fully_wide="Phone signal full." roaming=(none)="Not roaming."
I/SBar.MSimNetwCntrl( 1131):  type=(none)="3.5G" activity=(none)="(empty)"
I/SBar.MSimNetwCntrl( 1131):  slot=1="1" network="Vodafone IN"
D/dalvikvm( 1042): GC_EXPLICIT freed 649K, 24% free 15342K/20084K, paused 4ms+12ms, total 147ms
I/SBar.MSimNetwCntrl( 1131): refreshSignalCluster[0]: wifi: mWifiConnected=true Wifi=zz_moto_stat_sys_wifi_signal_4_fully_wide Activity=(none) in=false out=false Accessibility="Wifi signal full."
I/SBar.MSimNetwCntrl( 1131): refreshSignalCluster[0]: mobile: mMSimHasMobileDataFeature[0]=true DataTypeShown=(none) Activity=(none) in=false out=false Accessibility="3.5G"
D/WifiStateMachine( 1042): handleMessage: X
D/WifiStateMachine( 1042): handleMessage: E msg.what=131155
D/WifiStateMachine( 1042): processMsg: ConnectedState
D/WifiStateMachine( 1042): processMsg: L2ConnectedState
D/WifiStateMachine( 1042): handleMessage: X
D/WifiService( 1042): releaseWifiLockLocked: WifiLock{NlpWifiLock type=2 binder=android.os.BinderProxy@42b68658}
I/GCoreUlr( 1219): Successfully inserted location
I/GCoreUlr( 1219): Not calling LocationReporter, hasMoved: false, elapsed millis: 182876, request: Stationary(3600000)
I/dalvikvm( 1219): Total arena pages for JIT: 15
I/dalvikvm( 1219): Total arena pages for JIT: 16
I/dalvikvm( 1219): Total arena pages for JIT: 17
I/dalvikvm( 1219): Total arena pages for JIT: 18
I/dalvikvm( 1219): Total arena pages for JIT: 19
I/dalvikvm( 1219): Total arena pages for JIT: 20
I/dalvikvm( 1219): Total arena pages for JIT: 21
I/dalvikvm( 1219): Total arena pages for JIT: 22
I/dalvikvm( 1219): Total arena pages for JIT: 23
D/audio_hw_primary(  265): out_set_parameters: enter: usecase(1: low-latency-playback) kvpairs: routing=2
V/msm8974_platform(  265): platform_get_output_snd_device: enter: output devices(0x2)
V/msm8974_platform(  265): platform_get_output_snd_device: exit: snd_device(speaker)
D/audio_hw_primary(  265): select_devices: out_snd_device(2: speaker) in_snd_device(0: )
D/hardware_info(  265): hw_info_append_hw_type : device_name = speaker
V/msm8974_platform(  265): platform_send_audio_calibration: sending audio calibration for snd_device(2) acdb_id(14)
D/WifiStateMachine( 1042): handleMessage: E msg.what=151572
D/WifiStateMachine( 1042): processMsg: ConnectedState
D/WifiStateMachine( 1042): processMsg: L2ConnectedState
D/SBar.MSimNetwCntrl( 1131): updateTelephonySignalStrength[0]: iconList[iconLevel]=7f020299/zz_moto_stat_sys_signal_4_fully_wide iconLevel=4 mMSimMobileInetCondition=1 mMSimMobileInetConditionSB=1
D/WifiStateMachine( 1042): handleMessage: X
D/SBar.MSimNetwCntrl( 1131): updateDataIcon[0]: subscription=0
D/SBar.MSimNetwCntrl( 1131): updateDataIcon[0]: dataSub=0
D/SBar.MSimNetwCntrl( 1131): updateDataIcon[0]: SimState=READY
I/SBar.MSimNetwCntrl( 1131): notifySignalsChangedCallbacks[0]: isEmergencyOnly(0)=false enabled=true sim=(none)="(empty)" signal=zz_moto_stat_sys_signal_4_fully_wide="Phone signal full." roaming=(none)="Not roaming."
I/SBar.MSimNetwCntrl( 1131):  type=(none)="3.5G" activity=(none)="(empty)"
I/SBar.MSimNetwCntrl( 1131):  slot=1="1" network="Vodafone IN"
E/SpannableStringBuilder( 6485): SPAN_EXCLUSIVE_EXCLUSIVE spans cannot have a zero length
E/SpannableStringBuilder( 6485): SPAN_EXCLUSIVE_EXCLUSIVE spans cannot have a zero length
E/SpannableStringBuilder( 6485): SPAN_EXCLUSIVE_EXCLUSIVE spans cannot have a zero length
E/SpannableStringBuilder( 6485): SPAN_EXCLUSIVE_EXCLUSIVE spans cannot have a zero length
D/dalvikvm( 1546): GC_CONCURRENT freed 1878K, 65% free 3900K/11028K, paused 2ms+5ms, total 40ms
D/dalvikvm( 1546): WAIT_FOR_CONCURRENT_GC blocked 34ms
D/dalvikvm( 7010): GC_FOR_ALLOC freed 3801K, 41% free 6606K/11028K, paused 114ms, total 122ms
D/WifiStateMachine( 1042): handleMessage: E msg.what=151572
D/WifiStateMachine( 1042): processMsg: ConnectedState
D/WifiStateMachine( 1042): processMsg: L2ConnectedState
D/WifiStateMachine( 1042): handleMessage: X
D/audio_hw_primary(  265): out_set_parameters: enter: usecase(1: low-latency-playback) kvpairs: routing=2
V/msm8974_platform(  265): platform_get_output_snd_device: enter: output devices(0x2)
V/msm8974_platform(  265): platform_get_output_snd_device: exit: snd_device(speaker)
I/ActivityManager( 1042): START u0 {cmp=me.sahiljain.tripTracker/.addTrip.AddATripFourthWindow} from pid 6485
W/ContextImpl( 1299): Calling a method in the system process without a qualified user: android.app.ContextImpl.sendBroadcast:1252 android.content.ContextWrapper.sendBroadcast:365 com.motorola.motocare.util.TriggerHelper$TriggerBuilder.send:76 com.motorola.motocare.internal.frameworkevents.PauseResumeTrigger.handleFrameworkEvent:53 com.motorola.motocare.internal.frameworkevents.FwEventMonitor$FrameworkListener.processFrameworkEvent:114 
I/SFPerfTracer(  259):       trigger: frame rate (-27.825%)	(43.305 fps)	(23.092 ms) 	(3 drops)	(13 frames)
I/SFPerfTracer(  259):      triggers: (rate: 7:185) (compose: 0:10) (post: 0:0) (render: 0:11) (13:632 frames) (14:2639)
D/SFPerfTracer(  259):        layers: (5:10) (FocusedStackFrame: 0:40)* (StatusBar: 13:688) (NavigationBar: 0:135) (com.android.systemui.ImageWallpaper: 0:13)* (DimLayer: 0:69) (DimLayer: 0:8)* (me.sahiljain.tripTracker/me.sahiljain.tripTracker.addTrip.AddATripThirdWindow: 0:51) (me.sahiljain.tripTracker/me.sahiljain.tripTracker.addTrip.AddATripThirdWindow: 2:20) 
W/ActivityManager( 1042): Activity pause timeout for ActivityRecord{423e3200 u0 me.sahiljain.tripTracker/.addTrip.AddATripThirdWindow t5}
W/ContextImpl( 1299): Calling a method in the system process without a qualified user: android.app.ContextImpl.sendBroadcast:1252 android.content.ContextWrapper.sendBroadcast:365 com.motorola.motocare.util.TriggerHelper$TriggerBuilder.send:76 com.motorola.motocare.internal.frameworkevents.PauseResumeTrigger.handleFrameworkEvent:53 com.motorola.motocare.internal.frameworkevents.FwEventMonitor$FrameworkListener.processFrameworkEvent:114 
D/dalvikvm( 7010): GC_FOR_ALLOC freed 654K, 31% free 7622K/11028K, paused 21ms, total 23ms
D/WifiStateMachine( 1042): handleMessage: E msg.what=151572
D/WifiStateMachine( 1042): processMsg: ConnectedState
D/WifiStateMachine( 1042): processMsg: L2ConnectedState
D/WifiStateMachine( 1042): handleMessage: X
I/SFPerfTracer(  259):      triggers: (rate: 0:0) (216 sw vsyncs) (0 skipped) (26:2171 vsyncs) (28:3305)
D/WifiStateMachine( 1042): handleMessage: E msg.what=131155
D/WifiStateMachine( 1042): processMsg: ConnectedState
D/WifiStateMachine( 1042): processMsg: L2ConnectedState
D/WifiStateMachine( 1042): handleMessage: X
D/dalvikvm( 7010): GC_FOR_ALLOC freed 106K, 23% free 8537K/11028K, paused 34ms, total 37ms
I/dalvikvm-heap( 7010): Grow heap (frag case) to 11.380MB for 1024768-byte allocation
I/LaunchCheckinHandler( 1042): Displayed me.sahiljain.tripTracker/.addTrip.AddATripFourthWindow,wp,ca,658
I/ActivityManager( 1042): Displayed me.sahiljain.tripTracker/.addTrip.AddATripFourthWindow: +658ms
I/ActivityManager( 1042): Killing 6614:com.android.launcher/u0a28 (adj 15): empty #9
W/ContextImpl( 1299): Calling a method in the system process without a qualified user: android.app.ContextImpl.sendBroadcast:1252 android.content.ContextWrapper.sendBroadcast:365 com.motorola.motocare.util.TriggerHelper$TriggerBuilder.send:76 com.motorola.motocare.internal.frameworkevents.ProcessKillTrigger.sendTrigger:147 com.motorola.motocare.internal.frameworkevents.ProcessKillTrigger.handleFrameworkEvent:164 
D/WifiStateMachine( 1042): handleMessage: E msg.what=151572
D/WifiStateMachine( 1042): processMsg: ConnectedState
D/WifiStateMachine( 1042): processMsg: L2ConnectedState
D/WifiStateMachine( 1042): handleMessage: X
D/audio_hw_primary(  265): out_set_parameters: enter: usecase(1: low-latency-playback) kvpairs: routing=2
V/msm8974_platform(  265): platform_get_output_snd_device: enter: output devices(0x2)
V/msm8974_platform(  265): platform_get_output_snd_device: exit: snd_device(speaker)
I/ActivityManager( 1042): START u0 {act=android.intent.action.PICK dat=content://com.android.contacts/contacts cmp=com.android.contacts/.activities.ContactSelectionActivity} from pid 6485
W/ContextImpl( 1299): Calling a method in the system process without a qualified user: android.app.ContextImpl.sendBroadcast:1252 android.content.ContextWrapper.sendBroadcast:365 com.motorola.motocare.util.TriggerHelper$TriggerBuilder.send:76 com.motorola.motocare.internal.frameworkevents.PauseResumeTrigger.handleFrameworkEvent:53 com.motorola.motocare.internal.frameworkevents.FwEventMonitor$FrameworkListener.processFrameworkEvent:114 
I/ActivityManager( 1042): Start proc com.android.contacts for activity com.android.contacts/.activities.ContactSelectionActivity: pid=7069 uid=10009 gids={50009, 3003, 1028, 1015, 1023}
W/ContextImpl( 1299): Calling a method in the system process without a qualified user: android.app.ContextImpl.sendBroadcast:1252 android.content.ContextWrapper.sendBroadcast:365 com.motorola.motocare.util.TriggerHelper$TriggerBuilder.send:76 com.motorola.motocare.internal.frameworkevents.PauseResumeTrigger.handleFrameworkEvent:53 com.motorola.motocare.internal.frameworkevents.FwEventMonitor$FrameworkListener.processFrameworkEvent:114 
I/ContactsIntentResolver( 7069): Called with action: android.intent.action.PICK
D/AccountTypeManager( 7069): Registering external account type=org.telegram.messenger, packageName=org.telegram.messenger
W/ResourceType( 7069): getEntry failing because entryIndex 148 is beyond type entryCount 97
W/ResourceType( 7069): Failure getting entry for 0x7f020094 (t=1 e=148) in package 0 (error -2147483647)
D/AccountTypeManager( 7069): Registering external account type=com.whatsapp, packageName=com.whatsapp
W/ResourceType( 7069): getEntry failing because entryIndex 1392 is beyond type entryCount 97
W/ResourceType( 7069): Failure getting entry for 0x7f020570 (t=1 e=1392) in package 0 (error -2147483647)
D/AccountTypeManager( 7069): Registering external account type=com.facebook.auth.login, packageName=com.facebook.katana
I/ContactPhotoManager( 7069): Cache adj: 1.0
W/ResourceType( 7069): getEntry failing because entryIndex 2347 is beyond type entryCount 97
W/ResourceType( 7069): Failure getting entry for 0x7f02092b (t=1 e=2347) in package 0 (error -2147483647)
W/ResourceType( 7069): getEntry failing because entryIndex 2439 is beyond type entryCount 97
W/ResourceType( 7069): Failure getting entry for 0x7f020987 (t=1 e=2439) in package 0 (error -2147483647)
D/AccountTypeManager( 7069): Registering external account type=com.motorola.contacts.preloaded, packageName=com.motorola.contacts.preloadcontacts
D/AccountTypeManager( 7069): Registering 1 extension packages
I/Adreno-EGL( 7069): <qeglDrvAPI_eglInitialize:410>: EGL 1.4 QUALCOMM build: AU_LINUX_ANDROID_LNX.LA.3.5.1_RB1.04.04.02.048.018_msm8610_LNX.LA.3.5.1_RB1__release_AU ()
I/Adreno-EGL( 7069): OpenGL ES Shader Compiler Version: E031.24.00.08
I/Adreno-EGL( 7069): Build Date: 03/07/14 Fri
I/Adreno-EGL( 7069): Local Branch: 
I/Adreno-EGL( 7069): Remote Branch: quic/LNX.LA.3.5.1_RB1.1
I/Adreno-EGL( 7069): Local Patches: NONE
I/Adreno-EGL( 7069): Reconstruct Branch: AU_LINUX_ANDROID_LNX.LA.3.5.1_RB1.04.04.02.048.018 + f2fd134 +  NOTHING
E/ExternalAccountType( 7069): Unsupported attribute readOnly
D/OpenGLRenderer( 7069): Enabling debug mode 0
I/GAV2    ( 7010): Thread[GAThread,5,main]: No campaign data found.
D/AccountTypeManager( 7069): Registering extension package account type=com.google, dataSet=plus, packageName=com.google.android.apps.plus
I/AccountTypeManager( 7069): Loaded meta-data for 7 account types, 3 accounts in 315ms(wall) 145ms(cpu)
I/LaunchCheckinHandler( 1042): Displayed com.android.contacts/.activities.ContactSelectionActivity,cp,ca,694
I/ActivityManager( 1042): Displayed com.android.contacts/.activities.ContactSelectionActivity: +695ms
I/SBar.MSimNetwCntrl( 1131): onSignalStrengthsChanged[0]:SignalStrength: 22 0 -120 -160 -120 -1 -1 99 2147483647 2147483647 2147483647 2147483647 2147483647 gsm|lte 0 -108 -1 false 4 4 0 0 0 99 99 99 4 level=4
D/SBar.MSimNetwCntrl( 1131): updateTelephonySignalStrength[0]: iconList[iconLevel]=7f020299/zz_moto_stat_sys_signal_4_fully_wide iconLevel=4 mMSimMobileInetCondition=1 mMSimMobileInetConditionSB=1
D/SBar.MSimNetwCntrl( 1131): updateDataIcon[0]: subscription=0
D/SBar.MSimNetwCntrl( 1131): updateDataIcon[0]: dataSub=0
D/SBar.MSimNetwCntrl( 1131): updateDataIcon[0]: SimState=READY
I/SBar.MSimNetwCntrl( 1131): notifySignalsChangedCallbacks[0]: isEmergencyOnly(0)=false enabled=true sim=(none)="(empty)" signal=zz_moto_stat_sys_signal_4_fully_wide="Phone signal full." roaming=(none)="Not roaming."
I/SBar.MSimNetwCntrl( 1131):  type=(none)="3.5G" activity=(none)="(empty)"
I/SBar.MSimNetwCntrl( 1131):  slot=1="1" network="Vodafone IN"
D/WifiStateMachine( 1042): handleMessage: E msg.what=151572
D/WifiStateMachine( 1042): processMsg: ConnectedState
D/WifiStateMachine( 1042): processMsg: L2ConnectedState
D/WifiStateMachine( 1042): handleMessage: X
W/View    ( 7069): requestLayout() improperly called by android.widget.TextView{4232e0d0 V.ED.... ......ID 12,0-468,45} during layout: running second layout pass
W/View    ( 7069): requestLayout() improperly called by android.widget.TextView{4234b598 V.ED.... ......ID 12,90-360,123 #7f0c000e app:id/cliv_name_textview} during layout: running second layout pass
W/View    ( 7069): requestLayout() improperly called by android.widget.TextView{4234ffe8 V.ED.... ......ID 12,43-360,76 #7f0c000e app:id/cliv_name_textview} during layout: running second layout pass
W/View    ( 7069): requestLayout() improperly called by android.widget.TextView{42351820 V.ED.... ......ID 12,43-360,76 #7f0c000e app:id/cliv_name_textview} during layout: running second layout pass
W/View    ( 7069): requestLayout() improperly called by android.widget.TextView{42353578 V.ED.... ......ID 12,43-360,76 #7f0c000e app:id/cliv_name_textview} during layout: running second layout pass
W/View    ( 7069): requestLayout() improperly called by android.widget.TextView{42354e48 V.ED.... ......ID 12,43-360,76 #7f0c000e app:id/cliv_name_textview} during layout: running second layout pass
W/View    ( 7069): requestLayout() improperly called by android.widget.TextView{42356a88 V.ED.... ......ID 12,43-360,76 #7f0c000e app:id/cliv_name_textview} during layout: running second layout pass
W/View    ( 7069): requestLayout() improperly called by android.widget.TextView{42358538 V.ED.... ......ID 12,43-360,76 #7f0c000e app:id/cliv_name_textview} during layout: running second layout pass
I/SFPerfTracer(  259):      triggers: (rate: 7:185) (compose: 0:10) (post: 0:0) (render: 0:11) (0:698 frames) (1:2739)
D/SFPerfTracer(  259):        layers: (3:13) (FocusedStackFrame: 0:49)* (StatusBar: 1:726) (NavigationBar: 0:135) (com.android.systemui.ImageWallpaper: 0:13)* (DimLayer: 0:81)* (DimLayer: 0:12)* (me.sahiljain.tripTracker/me.sahiljain.tripTracker.addTrip.AddATripThirdWindow: 0:71)* (me.sahiljain.tripTracker/me.sahiljain.tripTracker.addTrip.AddATripThirdWindow: 0:33)* (me.sahiljain.tripTracker/me.sahiljain.tripTracker.addTrip.AddATripFourthWindow: 0:53)* (Starting com.android.contacts: 0:35)* (com.android.contacts/com.android.contacts.activities.ContactSelectionActivity: 0:7) 
I/ActivityManager( 1042): Process com.whatsapp (pid 2136) has died.
W/ActivityManager( 1042): Scheduling restart of crashed service com.whatsapp/.messaging.MessageService in 1000ms
W/ActivityManager( 1042): Scheduling restart of crashed service com.whatsapp/.ExternalMediaManager in 10999ms
V/AlarmManager( 1042): sending alarm Alarm{42d79f70 type 2 com.google.android.gms}
V/AlarmManager( 1042): sending alarm Alarm{42d6dd78 type 2 com.google.android.gms}
D/WifiService( 1042): acquireWifiLockLocked: WifiLock{NlpWifiLock type=2 binder=android.os.BinderProxy@42b68658}
D/WifiStateMachine( 1042): handleMessage: E msg.what=131143
D/WifiStateMachine( 1042): processMsg: ConnectedState
D/WifiStateMachine( 1042): processMsg: L2ConnectedState
I/wpa_supplicant( 1128): wlan0: CTRL-EVENT-SCAN-STARTED 
D/MDMCTBK (  349): reply_len: 40 reply is = IFNAME=wlan0 <3>CTRL-EVENT-SCAN-STARTED 
D/MDMCTBK (  349): Event received = CTRL-EVENT-SCAN-STARTED 
D/WifiStateMachine( 1042): handleMessage: X
D/WifiStateMachine( 1042): handleMessage: E msg.what=151572
D/WifiStateMachine( 1042): processMsg: ConnectedState
D/WifiStateMachine( 1042): processMsg: L2ConnectedState
D/TCMD    (  393): NL - Read 56 bytes from update socket.
D/TCMD    (  393): NL - message type is RTM_NEWLINK
D/TCMD    (  393): Listening for incoming client connection request
D/MDMCTBK (  349): reply_len: 40 reply is = IFNAME=wlan0 <3>CTRL-EVENT-SCAN-RESULTS 
D/MDMCTBK (  349): Event received = CTRL-EVENT-SCAN-RESULTS 
D/WifiStateMachine( 1042): handleMessage: X
D/WifiStateMachine( 1042): handleMessage: E msg.what=131155
D/WifiStateMachine( 1042): processMsg: ConnectedState
D/WifiStateMachine( 1042): processMsg: L2ConnectedState
D/WifiStateMachine( 1042): handleMessage: X
D/WifiStateMachine( 1042): handleMessage: E msg.what=147461
D/WifiStateMachine( 1042): processMsg: ConnectedState
D/WifiStateMachine( 1042): processMsg: L2ConnectedState
D/WifiStateMachine( 1042): processMsg: ConnectModeState
D/WifiStateMachine( 1042): processMsg: DriverStartedState
D/WifiStateMachine( 1042): processMsg: SupplicantStartedState
D/WifiStateMachine( 1042): handleMessage: X
D/WifiService( 1042): releaseWifiLockLocked: WifiLock{NlpWifiLock type=2 binder=android.os.BinderProxy@42b68658}
I/SFPerfTracer(  259):      triggers: (rate: 0:0) (216 sw vsyncs) (0 skipped) (6:2261 vsyncs) (8:3410)
D/dalvikvm( 6485): GC_FOR_ALLOC freed 1686K, 11% free 14233K/15988K, paused 45ms, total 46ms
I/ActivityManager( 1042): Start proc com.whatsapp for service com.whatsapp/.messaging.MessageService: pid=7096 uid=10117 gids={50117, 3002, 3003, 1028, 1015}
D/dalvikvm( 1042): GC_EXPLICIT freed 1316K, 24% free 15448K/20084K, paused 10ms+13ms, total 170ms
E/dalvikvm( 7096): Could not find class 'com.amazon.device.messaging.ADM', referenced from method com.whatsapp.App.av
W/dalvikvm( 7096): VFY: unable to resolve new-instance 1189 (Lcom/amazon/device/messaging/ADM;) in Lcom/whatsapp/App;
D/dalvikvm( 7096): VFY: replacing opcode 0x22 at 0x0000
E/dalvikvm( 7096): Could not find class 'com.amazon.device.messaging.ADM', referenced from method com.whatsapp.App.t
W/dalvikvm( 7096): VFY: unable to resolve new-instance 1189 (Lcom/amazon/device/messaging/ADM;) in Lcom/whatsapp/App;
D/dalvikvm( 7096): VFY: replacing opcode 0x22 at 0x000e
D/WifiStateMachine( 1042): handleMessage: E msg.what=151572
D/WifiStateMachine( 1042): processMsg: ConnectedState
D/WifiStateMachine( 1042): processMsg: L2ConnectedState
D/WifiStateMachine( 1042): handleMessage: X
D/dalvikvm( 7096): DexOpt: unable to opt direct call 0x2075 at 0x04 in Lcom/whatsapp/App;.av
D/dalvikvm( 7096): DexOpt: unable to opt direct call 0x2075 at 0x10 in Lcom/whatsapp/App;.t
W/dalvikvm( 7096): Unable to resolve superclass of Lcom/whatsapp/adm/ADMMessageHandler; (1190)
W/dalvikvm( 7096): Link of class 'Lcom/whatsapp/adm/ADMMessageHandler;' failed
E/dalvikvm( 7096): Could not find class 'com.whatsapp.adm.ADMMessageHandler', referenced from method com.whatsapp.vw.f
W/dalvikvm( 7096): VFY: unable to resolve new-instance 2839 (Lcom/whatsapp/adm/ADMMessageHandler;) in Lcom/whatsapp/vw;
D/dalvikvm( 7096): VFY: replacing opcode 0x22 at 0x0027
W/dalvikvm( 7096): Unable to resolve superclass of Lcom/whatsapp/adm/ADMMessageHandler; (1190)
W/dalvikvm( 7096): Link of class 'Lcom/whatsapp/adm/ADMMessageHandler;' failed
E/dalvikvm( 7096): Could not find class 'com.whatsapp.adm.ADMMessageHandler', referenced from method com.whatsapp.vw.f
W/dalvikvm( 7096): VFY: unable to resolve new-instance 2839 (Lcom/whatsapp/adm/ADMMessageHandler;) in Lcom/whatsapp/vw;
D/dalvikvm( 7096): VFY: replacing opcode 0x22 at 0x0040
W/dalvikvm( 7096): Unable to resolve superclass of Lcom/whatsapp/adm/ADMMessageHandler; (1190)
W/dalvikvm( 7096): Link of class 'Lcom/whatsapp/adm/ADMMessageHandler;' failed
D/dalvikvm( 7096): DexOpt: unable to opt direct call 0x6231 at 0x2b in Lcom/whatsapp/vw;.f
W/dalvikvm( 7096): Unable to resolve superclass of Lcom/whatsapp/adm/ADMMessageHandler; (1190)
W/dalvikvm( 7096): Link of class 'Lcom/whatsapp/adm/ADMMessageHandler;' failed
D/dalvikvm( 7096): DexOpt: unable to opt direct call 0x6231 at 0x44 in Lcom/whatsapp/vw;.f
I/dalvikvm( 7096): Could not find method android.os.PowerManager.isPowerSaveMode, referenced from method com.whatsapp.BatteryReceiver.a
W/dalvikvm( 7096): VFY: unable to resolve virtual method 1506: Landroid/os/PowerManager;.isPowerSaveMode ()Z
D/dalvikvm( 7096): VFY: replacing opcode 0x6e at 0x000d
D/Event   ( 7096): No subscribers registered for event class com.whatsapp.ah3
D/Event   ( 7096): No subscribers registered for event class de.greenrobot.event.a
I/WhatsApp( 7096): LL_I W [1:main]App.java:1142 ntp update processed; device time: Thu May 07 22:12:17 GMT+05:30 2015 ntp time: Thu May 07 22:12:17 GMT+05:30 2015
