W/PackageManager( 1042): Not granting permission android.permission.BIND_APPWIDGET to package com.teslacoilsw.launcher (protectionLevel=18 flags=0xc8be44)
W/PackageManager( 1042): Unknown permission com.htc.launcher.permission.READ_SETTINGS in package com.teslacoilsw.launcher
W/PackageManager( 1042): Unknown permission com.cyanogenmod.trebuchet.permission.READ_SETTINGS in package com.teslacoilsw.launcher
W/PackageManager( 1042): Unknown permission org.adw.launcher.permission.READ_SETTINGS in package com.teslacoilsw.launcher
W/PackageManager( 1042): Unknown permission org.adwfreak.launcher.permission.READ_SETTINGS in package com.teslacoilsw.launcher
W/PackageManager( 1042): Unknown permission com.anddoes.launcher.permission.READ_SETTINGS in package com.teslacoilsw.launcher
W/PackageManager( 1042): Unknown permission com.android.launcher3.permission.READ_SETTINGS in package com.teslacoilsw.launcher
W/PackageManager( 1042): Not granting permission com.google.android.launcher.permission.READ_SETTINGS to package com.teslacoilsw.launcher because it was previously installed without
W/PackageManager( 1042): Unknown permission com.motorola.permission.ACCESS_WIFI_AUTONOMOUS in package com.motorola.motocit
W/PackageManager( 1042): Unknown permission com.motorola.driveactivator.ACCESS_CIDBLOCK in package com.motorola.motocit
W/PackageManager( 1042): Unknown permission android.permission.BODY_SENSORS in package com.motorola.motocit
W/PackageManager( 1042): Unknown permission android.permission.REGISTER_CONNECTION_MANAGER in package com.google.android.talk
W/PackageManager( 1042): Unknown permission com.motorola.permission.SET_NAVBAR_BACKGROUNDCOLOR in package com.motorola.MotGallery2
W/PackageManager( 1042): Unknown permission com.motorola.blast.permission.TRIGGER_BLAST_ACTION in package com.motorola.MotGallery2
W/PackageManager( 1042): Unknown permission android.permission.INSTALL_SHORTCUT in package com.whatsapp
W/PackageManager( 1042): Unknown permission android.permission.STORAGE in package com.whatsapp
W/PackageManager( 1042): Unknown permission com.sec.android.provider.badge.permission.READ in package com.whatsapp
W/PackageManager( 1042): Unknown permission com.sec.android.provider.badge.permission.WRITE in package com.whatsapp
W/PackageManager( 1042): Unknown permission com.motorola.permission.CONNMO_SETTINGS in package com.motorola.android.dm.service
W/PackageManager( 1042): Not granting permission android.permission.CHANGE_CONFIGURATION to package com.surpax.ledflashlight.panel (protectionLevel=50 flags=0x8be44)
W/PackageManager( 1042): Not granting permission android.permission.WRITE_SECURE_SETTINGS to package com.motorola.camera (protectionLevel=50 flags=0x40c8bec5)
W/PackageManager( 1042): Unknown permission com.motorola.audiomonitor.permission.BROADCAST_RECEIVER in package com.motorola.camera
W/PackageManager( 1042): Unknown permission com.motorola.permission.SET_NAVBAR_BACKGROUNDCOLOR in package com.motorola.camera
W/PackageManager( 1042): Unknown permission android.permission.MMS_PUSH in package org.codeaurora.bluetooth
W/PackageManager( 1042): Unknown permission com.motorola.blur.service.email.Permissions.ACTION_SEND in package com.motorola.setup
W/PackageManager( 1042): Unknown permission com.motorola.blur.contacts.permission.SOCIAL_CONTACT_WRITE in package com.motorola.setup
W/PackageManager( 1042): Unknown permission com.motorola.blur.contacts.permission.SOCIAL_CONTACT_READ in package com.motorola.setup
W/PackageManager( 1042): Unknown permission android.permission.READ_OWNER_DATA in package com.motorola.setup
W/PackageManager( 1042): Unknown permission android.permission.WRITE_OWNER_DATA in package com.motorola.setup
W/PackageManager( 1042): Unknown permission com.motorola.blur.service.email.Permissions.INTERACT in package com.motorola.setup
W/PackageManager( 1042): Unknown permission com.motorola.digitalpersonalization.permission.READ_CREDENTIALS in package com.motorola.setup
W/PackageManager( 1042): Unknown permission com.motorola.setupwizard.controller.permission.UPDATE_CONTROLLER in package com.motorola.setup
W/PackageManager( 1042): Unknown permission com.motorola.setup.permission.REPORT_BUA_SYNC_STATUS in package com.motorola.setup
W/PackageManager( 1042): Not granting permission android.permission.BATTERY_STATS to package com.facebook.orca (protectionLevel=18 flags=0x8c3e44)
W/PackageManager( 1042): Unknown permission com.sec.android.provider.badge.permission.READ in package com.facebook.orca
W/PackageManager( 1042): Unknown permission com.sec.android.provider.badge.permission.WRITE in package com.facebook.orca
W/PackageManager( 1042): Unknown permission com.htc.launcher.permission.READ_SETTINGS in package com.facebook.orca
W/PackageManager( 1042): Unknown permission com.htc.launcher.permission.UPDATE_SHORTCUT in package com.facebook.orca
W/PackageManager( 1042): Unknown permission com.sonyericsson.home.permission.BROADCAST_BADGE in package com.facebook.orca
W/PackageManager( 1042): Unknown permission com.facebook.home.permission.WRITE_BADGES in package com.facebook.orca
W/PackageManager( 1042): Unknown permission com.nokia.pushnotifications.permission.RECEIVE in package com.facebook.orca
W/PackageManager( 1042): Unknown permission com.amazon.device.messaging.permission.RECEIVE in package com.facebook.orca
W/PackageManager( 1042): Unknown permission com.swiftkey.swiftkeyconfigurator.READCONFIG in package com.touchtype.swiftkey
W/PackageManager( 1042): Unknown permission com.swiftkey.languageprovider.READLANG in package com.touchtype.swiftkey
W/PackageManager( 1042): Unknown permission com.qualcomm.permission.ACCESS_LOCATION_API in package com.qualcomm.location
W/PackageManager( 1042): Not granting permission com.android.gallery3d.filtershow.permission.READ to package com.google.android.apps.plus (protectionLevel=2 flags=0xd8bec5)
W/PackageManager( 1042): Not granting permission com.android.gallery3d.filtershow.permission.WRITE to package com.google.android.apps.plus (protectionLevel=2 flags=0xd8bec5)
W/PackageManager( 1042): Unknown permission com.google.android.gallery3d.permission.PICASA_STORE in package com.google.android.apps.plus
W/PackageManager( 1042): Unknown permission android.permission.REAL_GET_TASKS in package com.android.vending
W/PackageManager( 1042): Not granting permission android.permission.SEND_DOWNLOAD_COMPLETED_INTENTS to package com.android.vending (protectionLevel=2 flags=0x408abec5)
W/PackageManager( 1042): Unknown permission android.permission.SEND_SMS_NO_CONFIRMATION in package com.android.vending
W/PackageManager( 1042): Not granting permission android.permission.FORCE_STOP_PACKAGES to package com.android.vending (protectionLevel=18 flags=0x408abec5)
W/PackageManager( 1042): Unknown permission com.motorola.digitalpersonalization.permission.READ_CREDENTIALS in package com.motorola.ccc.cce
W/PackageManager( 1042): Unknown permission com.google.android.email.permission.READ_ATTACHMENT in package com.google.android.gm
W/PackageManager( 1042): Unknown permission com.google.android.email.permission.ACCESS_PROVIDER in package com.google.android.gm
W/PackageManager( 1042): Not granting permission android.permission.MANAGE_DOCUMENTS to package com.google.android.youtube (protectionLevel=2 flags=0x983ec5)
W/PackageManager( 1042): Not granting permission android.permission.DEVICE_POWER to package com.android.deskclock (protectionLevel=2 flags=0x40c8be45)
W/PackageManager( 1042): Not granting permission android.permission.READ_DREAM_STATE to package com.google.android.gsf (protectionLevel=2 flags=0x40883e45)
W/PackageManager( 1042): Unknown permission motorola.sprint.permission.READ_OMADM_RUNTIME_DATA in package com.android.keyguard
W/PackageManager( 1042): Unknown permission motorola.sprint.permission.WRITE_OMADM_RUNTIME_DATA in package com.android.keyguard
W/PackageManager( 1042): Unknown permission com.motorola.fingerprintsensor.permission.FINGERPRINT_SENSOR in package com.android.keyguard
W/PackageManager( 1042): Unknown permission com.chrome.permission.DEVICE_EXTRAS in package com.android.chrome
W/PackageManager( 1042): Unknown permission com.sec.enterprise.knox.MDM_CONTENT_PROVIDER in package com.android.chrome
D/dalvikvm( 5188): GC_CONCURRENT freed 7305K, 51% free 7413K/14864K, paused 4ms+4ms, total 60ms
D/dalvikvm( 5188): WAIT_FOR_CONCURRENT_GC blocked 26ms
I/ActivityManager( 1042): Force stopping me.sahiljain.locationstat appid=10244 user=0: pkg removed
D/dalvikvm(16577): GC_EXPLICIT freed 1571K, 71% free 3276K/11076K, paused 3ms+3ms, total 26ms
I/InputReader( 1042): Reconfiguring input devices.  changes=0x00000010
I/InputReader( 1042): Reconfiguring input devices.  changes=0x00000010
I/ActivityManager( 1042): Start proc com.android.launcher for broadcast com.android.launcher/com.android.launcher2.PackageChangedReceiver: pid=5325 uid=10028 gids={50028, 1028}
I/InputReader( 1042): Reconfiguring input devices.  changes=0x00000010
D/WifiStateMachine( 1042): handleMessage: E msg.what=151572
D/WifiStateMachine( 1042): processMsg: ConnectedState
D/WifiStateMachine( 1042): processMsg: L2ConnectedState
D/WifiStateMachine( 1042): handleMessage: X
I/PackageManager( 1042): Adding preferred activity ComponentInfo{com.android.mms/com.android.mms.ui.ComposeMessageActivity} for user 0 :
I/PackageManager( 1042):   Action: "android.intent.action.SENDTO"
I/PackageManager( 1042):   Category: "android.intent.category.DEFAULT"
I/PackageManager( 1042):   Scheme: "sms"
I/PackageManager( 1042): Adding preferred activity ComponentInfo{com.android.mms/com.android.mms.ui.ComposeMessageActivity} for user 0 :
I/PackageManager( 1042):   Action: "android.intent.action.SENDTO"
I/PackageManager( 1042):   Category: "android.intent.category.DEFAULT"
I/PackageManager( 1042):   Scheme: "smsto"
I/PackageManager( 1042): Adding preferred activity ComponentInfo{com.android.mms/com.android.mms.ui.ComposeMessageActivity} for user 0 :
I/PackageManager( 1042):   Action: "android.intent.action.SENDTO"
I/PackageManager( 1042):   Category: "android.intent.category.DEFAULT"
I/PackageManager( 1042):   Scheme: "mms"
I/PackageManager( 1042): Adding preferred activity ComponentInfo{com.android.mms/com.android.mms.ui.ComposeMessageActivity} for user 0 :
I/PackageManager( 1042):   Action: "android.intent.action.SENDTO"
I/PackageManager( 1042):   Category: "android.intent.category.DEFAULT"
I/PackageManager( 1042):   Scheme: "mmsto"
I/PackageManager( 1042): Adding preferred activity ComponentInfo{com.android.mms/com.android.mms.ui.ComposeMessageActivity} for user 0 :
I/PackageManager( 1042):   Action: "android.intent.action.SENDTO"
I/PackageManager( 1042):   Category: "android.intent.category.DEFAULT"
I/PackageManager( 1042):   Scheme: "sms"
I/ActivityManager( 1042): Start proc com.motorola.MotGallery2 for broadcast com.motorola.MotGallery2/com.android.gallery3d.app.PackagesMonitor: pid=5339 uid=10032 gids={50032, 3003, 1028, 1015}
D/dalvikvm(  263): GC_EXPLICIT freed 42K, 75% free 2783K/11076K, paused 2ms+2ms, total 21ms
D/dalvikvm(  263): GC_EXPLICIT freed <1K, 75% free 2783K/11076K, paused 1ms+2ms, total 17ms
I/PackageManager( 1042): Adding preferred activity ComponentInfo{com.android.mms/com.android.mms.ui.ComposeMessageActivity} for user 0 :
I/PackageManager( 1042):   Action: "android.intent.action.SENDTO"
I/PackageManager( 1042):   Category: "android.intent.category.DEFAULT"
I/PackageManager( 1042):   Scheme: "smsto"
D/dalvikvm(  263): GC_EXPLICIT freed <1K, 75% free 2783K/11076K, paused 1ms+2ms, total 18ms
I/PackageManager( 1042): Adding preferred activity ComponentInfo{com.android.mms/com.android.mms.ui.ComposeMessageActivity} for user 0 :
I/PackageManager( 1042):   Action: "android.intent.action.SENDTO"
I/PackageManager( 1042):   Category: "android.intent.category.DEFAULT"
I/PackageManager( 1042):   Scheme: "mms"
I/PackageManager( 1042): Adding preferred activity ComponentInfo{com.android.mms/com.android.mms.ui.ComposeMessageActivity} for user 0 :
I/PackageManager( 1042):   Action: "android.intent.action.SENDTO"
I/PackageManager( 1042):   Category: "android.intent.category.DEFAULT"
I/PackageManager( 1042):   Scheme: "mmsto"
I/PackageManager( 1042): Adding preferred activity ComponentInfo{com.android.mms/com.android.mms.ui.ComposeMessageActivity} for user 0 :
I/PackageManager( 1042):   Action: "android.intent.action.SENDTO"
I/PackageManager( 1042):   Category: "android.intent.category.DEFAULT"
I/PackageManager( 1042):   Scheme: "sms"
D/dalvikvm( 1250): GC_CONCURRENT freed 1929K, 41% free 6574K/11076K, paused 2ms+4ms, total 31ms
I/PackageManager( 1042): Adding preferred activity ComponentInfo{com.android.mms/com.android.mms.ui.ComposeMessageActivity} for user 0 :
I/PackageManager( 1042):   Action: "android.intent.action.SENDTO"
I/PackageManager( 1042):   Category: "android.intent.category.DEFAULT"
I/PackageManager( 1042):   Scheme: "smsto"
D/dalvikvm( 1042): GC_EXPLICIT freed 4868K, 28% free 24472K/33868K, paused 10ms+31ms, total 563ms
I/PackageManager( 1042): Adding preferred activity ComponentInfo{com.android.mms/com.android.mms.ui.ComposeMessageActivity} for user 0 :
I/PackageManager( 1042):   Action: "android.intent.action.SENDTO"
I/PackageManager( 1042):   Category: "android.intent.category.DEFAULT"
I/PackageManager( 1042):   Scheme: "mms"
I/ActivityManager( 1042): Process com.android.calendar (pid 4890) has died.
I/PackageManager( 1042): Adding preferred activity ComponentInfo{com.android.mms/com.android.mms.ui.ComposeMessageActivity} for user 0 :
I/PackageManager( 1042):   Action: "android.intent.action.SENDTO"
I/PackageManager( 1042):   Category: "android.intent.category.DEFAULT"
I/PackageManager( 1042):   Scheme: "mmsto"
D/AndroidRuntime( 5242): Shutting down VM
D/jdwp    ( 5242): Got wake-up signal, bailing out of select
D/dalvikvm( 5242): Debugger has detached; object registry had 1 entries
I/PackageManager( 1042): Adding preferred activity ComponentInfo{com.android.mms/com.android.mms.ui.ComposeMessageActivity} for user 0 :
I/PackageManager( 1042):   Action: "android.intent.action.SENDTO"
I/PackageManager( 1042):   Category: "android.intent.category.DEFAULT"
I/PackageManager( 1042):   Scheme: "sms"
D/WifiStateMachine( 1042): handleMessage: E msg.what=151572
D/WifiStateMachine( 1042): processMsg: ConnectedState
D/WifiStateMachine( 1042): processMsg: L2ConnectedState
D/WifiStateMachine( 1042): handleMessage: X
I/PackageManager( 1042): Adding preferred activity ComponentInfo{com.android.mms/com.android.mms.ui.ComposeMessageActivity} for user 0 :
I/PackageManager( 1042):   Action: "android.intent.action.SENDTO"
I/PackageManager( 1042):   Category: "android.intent.category.DEFAULT"
I/PackageManager( 1042):   Scheme: "smsto"
I/ActivityManager( 1042): Start proc com.android.keychain for broadcast com.android.keychain/.KeyChainBroadcastReceiver: pid=5356 uid=1000 gids={41000, 1028, 1015, 3002, 3001, 3003, 1021, 3004, 3005, 1000, 3009, 1023, 1010, 1004, 2002, 3006}
I/PackageManager( 1042): Adding preferred activity ComponentInfo{com.android.mms/com.android.mms.ui.ComposeMessageActivity} for user 0 :
I/PackageManager( 1042):   Action: "android.intent.action.SENDTO"
I/PackageManager( 1042):   Category: "android.intent.category.DEFAULT"
I/PackageManager( 1042):   Scheme: "mms"
D/BackupManagerService( 1042): Received broadcast Intent { act=android.intent.action.PACKAGE_REMOVED dat=package:me.sahiljain.locationstat flg=0x4000010 (has extras) }
I/PackageManager( 1042): Adding preferred activity ComponentInfo{com.android.mms/com.android.mms.ui.ComposeMessageActivity} for user 0 :
I/PackageManager( 1042):   Action: "android.intent.action.SENDTO"
I/PackageManager( 1042):   Category: "android.intent.category.DEFAULT"
I/PackageManager( 1042):   Scheme: "mmsto"
I/PackageManager( 1042): Adding preferred activity ComponentInfo{com.android.mms/com.android.mms.ui.ComposeMessageActivity} for user 0 :
I/PackageManager( 1042):   Action: "android.intent.action.SENDTO"
I/PackageManager( 1042):   Category: "android.intent.category.DEFAULT"
I/PackageManager( 1042):   Scheme: "sms"
D/BackupManagerService( 1042): Received broadcast Intent { act=android.intent.action.PACKAGE_ADDED dat=package:me.sahiljain.locationstat flg=0x4000010 (has extras) }
V/BackupManagerService( 1042): removePackageParticipantsLocked: uid=10244 #1
V/BackupManagerService( 1042): addPackageParticipantsLocked: #1
I/PackageManager( 1042): Adding preferred activity ComponentInfo{com.android.mms/com.android.mms.ui.ComposeMessageActivity} for user 0 :
I/PackageManager( 1042):   Action: "android.intent.action.SENDTO"
I/PackageManager( 1042):   Category: "android.intent.category.DEFAULT"
I/PackageManager( 1042):   Scheme: "smsto"
I/ActivityManager( 1042): Process com.google.android.partnersetup (pid 5154) has died.
I/Choreographer( 3236): Skipped 69 frames!  The application may be doing too much work on its main thread.
D/AndroidRuntime( 5370): 
D/AndroidRuntime( 5370): >>>>>> AndroidRuntime START com.android.internal.os.RuntimeInit <<<<<<
D/AndroidRuntime( 5370): CheckJNI is OFF
I/PackageManager( 1042): Adding preferred activity ComponentInfo{com.android.mms/com.android.mms.ui.ComposeMessageActivity} for user 0 :
I/PackageManager( 1042):   Action: "android.intent.action.SENDTO"
I/PackageManager( 1042):   Category: "android.intent.category.DEFAULT"
I/PackageManager( 1042):   Scheme: "mms"
D/dalvikvm( 5370): Trying to load lib libjavacore.so 0x0
D/dalvikvm( 5370): Added shared lib libjavacore.so 0x0
W/ContextImpl( 5356): Calling a method in the system process without a qualified user: android.app.ContextImpl.startService:1608 android.content.ContextWrapper.startService:494 android.content.ContextWrapper.startService:494 com.android.keychain.KeyChainBroadcastReceiver.onReceive:12 android.app.ActivityThread.handleReceiver:2434 
D/dalvikvm( 5370): Trying to load lib libnativehelper.so 0x0
D/dalvikvm( 5370): Added shared lib libnativehelper.so 0x0
D/dalvikvm( 5370): No JNI_OnLoad found in libnativehelper.so 0x0, skipping init
I/PackageManager( 1042): Adding preferred activity ComponentInfo{com.android.mms/com.android.mms.ui.ComposeMessageActivity} for user 0 :
I/PackageManager( 1042):   Action: "android.intent.action.SENDTO"
I/PackageManager( 1042):   Category: "android.intent.category.DEFAULT"
I/PackageManager( 1042):   Scheme: "mmsto"
D/dalvikvm( 5370): Note: class Landroid/app/ActivityManagerNative; has 181 unimplemented (abstract) methods
I/PackageManager( 1042): Adding preferred activity ComponentInfo{com.android.mms/com.android.mms.ui.ComposeMessageActivity} for user 0 :
I/PackageManager( 1042):   Action: "android.intent.action.SENDTO"
I/PackageManager( 1042):   Category: "android.intent.category.DEFAULT"
I/PackageManager( 1042):   Scheme: "sms"
I/PackageManager( 1042): Adding preferred activity ComponentInfo{com.android.mms/com.android.mms.ui.ComposeMessageActivity} for user 0 :
I/PackageManager( 1042):   Action: "android.intent.action.SENDTO"
I/PackageManager( 1042):   Category: "android.intent.category.DEFAULT"
I/PackageManager( 1042):   Scheme: "smsto"
I/PackageManager( 1042): Adding preferred activity ComponentInfo{com.android.mms/com.android.mms.ui.ComposeMessageActivity} for user 0 :
I/PackageManager( 1042):   Action: "android.intent.action.SENDTO"
I/PackageManager( 1042):   Category: "android.intent.category.DEFAULT"
I/PackageManager( 1042):   Scheme: "mms"
I/ActivityManager( 1042): Start proc com.android.vending for broadcast com.android.vending/com.google.android.finsky.receivers.PackageMonitorReceiver$RegisteredReceiver: pid=5378 uid=10036 gids={50036, 3003, 1028, 1015}
I/PackageManager( 1042): Adding preferred activity ComponentInfo{com.android.mms/com.android.mms.ui.ComposeMessageActivity} for user 0 :
I/PackageManager( 1042):   Action: "android.intent.action.SENDTO"
I/PackageManager( 1042):   Category: "android.intent.category.DEFAULT"
I/PackageManager( 1042):   Scheme: "mmsto"
E/memtrack( 5370): Couldn't load memtrack module (No such file or directory)
E/android.os.Debug( 5370): failed to load memtrack module: -2
D/AndroidRuntime( 5370): Calling main entry com.android.commands.am.Am
I/ActivityManager( 1042): Process com.google.android.googlequicksearchbox:search (pid 5137) has died.
D/WifiService( 1042): Client connection lost with reason: 4
I/ActivityManager( 1042): Force stopping me.sahiljain.locationstat appid=10244 user=-1: set debug app
I/ActivityManager( 1042): START u0 {act=android.intent.action.MAIN cat=[android.intent.category.LAUNCHER] flg=0x10000000 cmp=me.sahiljain.locationstat/me.sahiljain.tripTracker.main.TabMainActivity} from pid 5370
D/WifiStateMachine( 1042): handleMessage: E msg.what=151572
D/WifiStateMachine( 1042): processMsg: ConnectedState
D/WifiStateMachine( 1042): processMsg: L2ConnectedState
W/ContextImpl( 1260): Calling a method in the system process without a qualified user: android.app.ContextImpl.sendBroadcast:1252 android.content.ContextWrapper.sendBroadcast:365 com.motorola.motocare.util.TriggerHelper$TriggerBuilder.send:76 com.motorola.motocare.internal.frameworkevents.PauseResumeTrigger.handleFrameworkEvent:53 com.motorola.motocare.internal.frameworkevents.FwEventMonitor$FrameworkListener.processFrameworkEvent:114 
D/AndroidRuntime( 5370): Shutting down VM
D/jdwp    ( 5370): Got wake-up signal, bailing out of select
D/dalvikvm( 5370): Debugger has detached; object registry had 1 entries
D/dalvikvm( 5407): Late-enabling CheckJNI
I/ActivityManager( 1042): Start proc me.sahiljain.locationstat for activity me.sahiljain.locationstat/me.sahiljain.tripTracker.main.TabMainActivity: pid=5407 uid=10244 gids={50244, 3003, 1028, 1015}
D/WifiStateMachine( 1042): handleMessage: X
W/ContextImpl( 1260): Calling a method in the system process without a qualified user: android.app.ContextImpl.sendBroadcast:1252 android.content.ContextWrapper.sendBroadcast:365 com.motorola.motocare.util.TriggerHelper$TriggerBuilder.send:76 com.motorola.motocare.internal.frameworkevents.PauseResumeTrigger.handleFrameworkEvent:53 com.motorola.motocare.internal.frameworkevents.FwEventMonitor$FrameworkListener.processFrameworkEvent:114 
W/ActivityThread( 5407): Application me.sahiljain.locationstat is waiting for the debugger on port 8100...
I/System.out( 5407): Sending WAIT chunk
I/dalvikvm( 5407): Debugger is active
D/WifiStateMachine( 1042): handleMessage: E msg.what=131155
D/WifiStateMachine( 1042): processMsg: ConnectedState
D/WifiStateMachine( 1042): processMsg: L2ConnectedState
D/WifiStateMachine( 1042): handleMessage: X
I/System.out( 5407): Debugger has connected
I/System.out( 5407): waiting for debugger to settle...
I/SFPerfTracer(  262):      triggers: (rate: 394:15039) (compose: 0:152) (post: 0:6) (render: 1:654) (15:195593 frames) (16:546165)
D/SFPerfTracer(  262):        layers: (5:11) (DimLayer: 0:73)* (DimLayer: 0:4)* (FocusedStackFrame: 0:7446)* (StatusBar: 15:63149) (NavigationBar: 2:59350) (com.android.systemui.ImageWallpaper: 0:3817)* (DimLayer: 0:2400)* (DimLayer: 0:1746) (com.whatsapp/com.whatsapp.Conversation: 14:108) (com.whatsapp/com.whatsapp.MediaView: 14:180) (Starting me.sahiljain.locationstat: 0:3)* 
W/ViewRootImpl( 1042): Dropping event due to no window focus: KeyEvent { action=ACTION_DOWN, keyCode=KEYCODE_BACK, scanCode=0, metaState=0, flags=0x48, repeatCount=0, eventTime=277967887, downTime=277967887, deviceId=-1, source=0x101 }
I/System.out( 5407): waiting for debugger to settle...
I/SFPerfTracer(  262):      triggers: (rate: 0:5) (1247211 sw vsyncs) (0 skipped) (5:555819 vsyncs) (7:1938882)
D/SBar.MSimNetwCntrl( 1120): updateTelephonySignalStrength[0]: iconList[iconLevel]=7f020299/zz_moto_stat_sys_signal_4_fully_wide iconLevel=4 mMSimMobileInetCondition=1 mMSimMobileInetConditionSB=1
D/SBar.MSimNetwCntrl( 1120): updateDataIcon[0]: subscription=0
D/SBar.MSimNetwCntrl( 1120): updateDataIcon[0]: dataSub=0
D/SBar.MSimNetwCntrl( 1120): updateDataIcon[0]: SimState=READY
D/audio_hw_primary(  268): out_set_parameters: enter: usecase(1: low-latency-playback) kvpairs: routing=2
V/msm8974_platform(  268): platform_get_output_snd_device: enter: output devices(0x2)
V/msm8974_platform(  268): platform_get_output_snd_device: exit: snd_device(speaker)
D/audio_hw_primary(  268): select_devices: out_snd_device(2: speaker) in_snd_device(0: )
D/hardware_info(  268): hw_info_append_hw_type : device_name = speaker
V/msm8974_platform(  268): platform_send_audio_calibration: sending audio calibration for snd_device(2) acdb_id(14)
I/SBar.MSimNetwCntrl( 1120): notifySignalsChangedCallbacks[0]: isEmergencyOnly(0)=false enabled=true sim=(none)="(empty)" signal=zz_moto_stat_sys_signal_4_fully_wide="Phone signal full." roaming=(none)="Not roaming."
I/SBar.MSimNetwCntrl( 1120):  type=(none)="3.5G" activity=(none)="(empty)"
I/SBar.MSimNetwCntrl( 1120):  slot=1="1" network="Vodafone IN"
I/System.out( 5407): waiting for debugger to settle...
D/WifiStateMachine( 1042): handleMessage: E msg.what=151572
D/WifiStateMachine( 1042): processMsg: ConnectedState
D/WifiStateMachine( 1042): processMsg: L2ConnectedState
D/WifiStateMachine( 1042): handleMessage: X
I/System.out( 5407): waiting for debugger to settle...
D/Finsky  ( 5378): [1] FinskyApp.onCreate: Initializing network with DFE https://android.clients.google.com/fdfe/
I/System.out( 5407): waiting for debugger to settle...
D/dalvikvm( 3236): GC_CONCURRENT freed 2125K, 35% free 7230K/11076K, paused 7ms+14ms, total 91ms
D/Finsky  ( 5378): [1] DailyHygiene.goMakeHygieneIfDirty: No need to run daily hygiene.
W/Settings( 5378): Setting download_manager_max_bytes_over_mobile has moved from android.provider.Settings.Secure to android.provider.Settings.Global.
W/Settings( 5378): Setting download_manager_recommended_max_bytes_over_mobile has moved from android.provider.Settings.Secure to android.provider.Settings.Global.
D/SBar.MSimNetwCntrl( 1120): updateTelephonySignalStrength[0]: iconList[iconLevel]=7f020299/zz_moto_stat_sys_signal_4_fully_wide iconLevel=4 mMSimMobileInetCondition=1 mMSimMobileInetConditionSB=1
D/SBar.MSimNetwCntrl( 1120): updateDataIcon[0]: subscription=0
D/SBar.MSimNetwCntrl( 1120): updateDataIcon[0]: dataSub=0
D/SBar.MSimNetwCntrl( 1120): updateDataIcon[0]: SimState=READY
I/SBar.MSimNetwCntrl( 1120): notifySignalsChangedCallbacks[0]: isEmergencyOnly(0)=false enabled=true sim=(none)="(empty)" signal=zz_moto_stat_sys_signal_4_fully_wide="Phone signal full." roaming=(none)="Not roaming."
I/SBar.MSimNetwCntrl( 1120):  type=(none)="3.5G" activity=(none)="(empty)"
I/SBar.MSimNetwCntrl( 1120):  slot=1="1" network="Vodafone IN"
I/dalvikvm( 5378): Could not find method com.google.android.play.layout.PlayCardViewBase.setTransitionName, referenced from method com.google.android.finsky.utils.PlayCardUtils.bindCard
W/dalvikvm( 5378): VFY: unable to resolve virtual method 42705: Lcom/google/android/play/layout/PlayCardViewBase;.setTransitionName (Ljava/lang/String;)V
D/dalvikvm( 5378): VFY: replacing opcode 0x6e at 0x00d9
I/dalvikvm( 5378): Could not find method com.google.android.play.layout.PlayCardViewBase.setTransitionGroup, referenced from method com.google.android.finsky.utils.PlayCardUtils.bindCard
W/dalvikvm( 5378): VFY: unable to resolve virtual method 42704: Lcom/google/android/play/layout/PlayCardViewBase;.setTransitionGroup (Z)V
D/dalvikvm( 5378): VFY: replacing opcode 0x6e at 0x0246
I/System.out( 5407): waiting for debugger to settle...
I/dalvikvm( 5378): Could not find method android.view.View.getTransitionName, referenced from method com.google.android.finsky.navigationmanager.NavigationManager.showPage
W/dalvikvm( 5378): VFY: unable to resolve virtual method 9352: Landroid/view/View;.getTransitionName ()Ljava/lang/String;
D/dalvikvm( 5378): VFY: replacing opcode 0x6e at 0x001a
I/ActivityManager( 1042): Start proc com.google.android.apps.plus for broadcast com.google.android.apps.plus/.service.PackagesMediaMonitor: pid=5443 uid=10082 gids={50082, 3003, 3002, 1028, 1015}
D/Finsky  ( 5378): [1] 2.run: Loaded library for account: [ddtnh7oBZJG2FUz0g5o9IUJ7ccI]
D/Finsky  ( 5378): [1] 2.run: Finished loading 1 libraries.
I/ActivityManager( 1042): Process com.android.launcher (pid 5325) has died.
I/System.out( 5407): waiting for debugger to settle...
D/Finsky  ( 5378): [1] GmsCoreHelper.cleanupNlp: result=false type=4
D/Finsky  ( 5378): [1] RestoreTracker.stopServiceIfDone: Restore complete with 0 success and 0 failed.
E/dalvikvm( 5443): Could not find class 'android.app.Notification$Action$Builder', referenced from method b.a
W/dalvikvm( 5443): VFY: unable to resolve new-instance 302 (Landroid/app/Notification$Action$Builder;) in Lb;
D/dalvikvm( 5443): VFY: replacing opcode 0x22 at 0x0000
I/System.out( 5407): debugger has settled (1420)
E/dalvikvm( 5443): Could not find class 'android.graphics.drawable.RippleDrawable', referenced from method b.a
W/dalvikvm( 5443): VFY: unable to resolve new-instance 462 (Landroid/graphics/drawable/RippleDrawable;) in Lb;
D/dalvikvm( 5443): VFY: replacing opcode 0x22 at 0x000b
D/WifiStateMachine( 1042): handleMessage: E msg.what=151572
D/WifiStateMachine( 1042): processMsg: ConnectedState
D/WifiStateMachine( 1042): processMsg: L2ConnectedState
D/WifiStateMachine( 1042): handleMessage: X
W/dalvikvm( 5443): VFY: unable to find class referenced in signature (Lzt;)
W/dalvikvm( 5443): VFY: unable to find class referenced in signature (Lzt;)
W/dalvikvm( 5443): VFY: unable to find class referenced in signature (Lzt;)
W/dalvikvm( 5443): VFY: unable to find class referenced in signature (Lzt;)
W/dalvikvm( 5443): VFY: unable to find class referenced in signature (Lzt;)
W/dalvikvm( 5443): VFY: unable to find class referenced in signature (Lzt;)
W/dalvikvm( 5443): VFY: unable to find class referenced in signature (Lzt;)
E/dalvikvm( 5443): Could not find class 'android.app.Notification$Action$Builder', referenced from method b.a
W/dalvikvm( 5443): VFY: unable to resolve new-instance 302 (Landroid/app/Notification$Action$Builder;) in Lb;
D/dalvikvm( 5443): VFY: replacing opcode 0x22 at 0x0000
W/dalvikvm( 5443): Unable to resolve superclass of Lar; (689)
W/dalvikvm( 5443): Link of class 'Lar;' failed
E/dalvikvm( 5443): Could not find class 'ar', referenced from method b.a
W/dalvikvm( 5443): VFY: unable to resolve new-instance 999 (Lar;) in Lb;
D/dalvikvm( 5443): VFY: replacing opcode 0x22 at 0x0006
W/dalvikvm( 5443): Unable to resolve superclass of Lat; (689)
W/dalvikvm( 5443): Link of class 'Lat;' failed
E/dalvikvm( 5443): Could not find class 'at', referenced from method b.a
W/dalvikvm( 5443): VFY: unable to resolve new-instance 1053 (Lat;) in Lb;
D/dalvikvm( 5443): VFY: replacing opcode 0x22 at 0x002a
I/dalvikvm( 5443): Could not find method android.view.ViewGroup.isTransitionGroup, referenced from method b.a
W/dalvikvm( 5443): VFY: unable to resolve virtual method 4388: Landroid/view/ViewGroup;.isTransitionGroup ()Z
D/dalvikvm( 5443): VFY: replacing opcode 0x6e at 0x000c
I/dalvikvm( 5443): Could not find method android.view.View.getTransitionName, referenced from method b.a
W/dalvikvm( 5443): VFY: unable to resolve virtual method 4205: Landroid/view/View;.getTransitionName ()Ljava/lang/String;
D/dalvikvm( 5443): VFY: replacing opcode 0x6e at 0x0006
W/dalvikvm( 5443): VFY: unable to find class referenced in signature ([Landroid/app/RemoteInput;)
E/dalvikvm( 5443): Could not find class 'android.app.RemoteInput[]', referenced from method b.a
W/dalvikvm( 5443): VFY: unable to resolve new-array 12606 ([Landroid/app/RemoteInput;) in Lb;
D/dalvikvm( 5443): VFY: replacing opcode 0x23 at 0x0005
D/dalvikvm( 5443): DexOpt: unable to opt direct call 0x0530 at 0x0e in Lb;.a
D/dalvikvm( 5443): DexOpt: unable to opt direct call 0x08a4 at 0x0e in Lb;.a
D/dalvikvm( 5443): DexOpt: unable to opt direct call 0x0530 at 0x0e in Lb;.a
W/dalvikvm( 5443): Unable to resolve superclass of Lar; (689)
W/dalvikvm( 5443): Link of class 'Lar;' failed
D/dalvikvm( 5443): DexOpt: unable to opt direct call 0x177c at 0x08 in Lb;.a
W/dalvikvm( 5443): Unable to resolve superclass of Lat; (689)
W/dalvikvm( 5443): Link of class 'Lat;' failed
D/dalvikvm( 5443): DexOpt: unable to opt direct call 0x1846 at 0x2c in Lb;.a
D/dalvikvm( 5443): DexOpt: unable to opt direct call 0x0587 at 0x13 in Lb;.a
I/ActivityManager( 1042): Process com.motorola.MotGallery2 (pid 5339) has died.
D/dalvikvm( 5443): Trying to load lib /data/app-lib/com.google.android.apps.plus-2/libcrashreporterer.so 0x41913f70
D/dalvikvm( 5443): Added shared lib /data/app-lib/com.google.android.apps.plus-2/libcrashreporterer.so 0x41913f70
E/NetworkScheduler.SchedulerReceiver(11425): Invalid parameter app
E/NetworkScheduler.SchedulerReceiver(11425): Invalid package name : Perhaps you didn't include a PendingIntent in the extras?
I/ActivityManager( 1042): Start proc com.google.android.apps.docs for broadcast com.google.android.apps.docs/.receivers.AppPackageAddRemoveReceiver: pid=5473 uid=10057 gids={50057, 3003, 1028, 1015}
D/PackageBroadcastService( 5266): Received broadcast action=android.intent.action.PACKAGE_REMOVED and uri=me.sahiljain.locationstat
I/dalvikvm( 5443): Could not find method android.content.Context.getDrawable, referenced from method c.a
W/dalvikvm( 5443): VFY: unable to resolve virtual method 1545: Landroid/content/Context;.getDrawable (I)Landroid/graphics/drawable/Drawable;
D/dalvikvm( 5443): VFY: replacing opcode 0x6e at 0x0006
I/ActivityManager( 1042): Process com.android.keychain (pid 5356) has died.
I/ConfigService(11425): onCreate
I/ConfigService(11425): onBind for Intent { act=com.google.android.gms.config.UPDATE pkg=com.google.android.gms } action com.google.android.gms.config.UPDATE
I/ConfigService(11425): onBind returning update interface
I/dalvikvm( 5266): Could not find method android.content.pm.PackageManager.getPackageInstaller, referenced from method com.google.android.gms.common.ff.a
W/dalvikvm( 5266): VFY: unable to resolve virtual method 479: Landroid/content/pm/PackageManager;.getPackageInstaller ()Landroid/content/pm/PackageInstaller;
D/dalvikvm( 5266): VFY: replacing opcode 0x6e at 0x000d
I/ConfigService(11425): onBind for Intent { act=com.google.android.gms.config.START pkg=com.google.android.gms } action com.google.android.gms.config.START
I/ConfigService(11425): onBind returning service broker
I/ConfigFetchService( 5266): onStartCommand Intent { act=android.intent.action.PACKAGE_REMOVED dat=package:me.sahiljain.locationstat cmp=com.google.android.gms/.config.ConfigFetchService (has extras) }
I/dalvikvm( 5407): Could not find method android.view.ViewGroup.onNestedScrollAccepted, referenced from method android.support.v7.internal.widget.ActionBarOverlayLayout.onNestedScrollAccepted
W/dalvikvm( 5407): VFY: unable to resolve virtual method 11952: Landroid/view/ViewGroup;.onNestedScrollAccepted (Landroid/view/View;Landroid/view/View;I)V
D/dalvikvm( 5407): VFY: replacing opcode 0x6f at 0x0000
I/dalvikvm( 5407): Could not find method android.view.ViewGroup.onStopNestedScroll, referenced from method android.support.v7.internal.widget.ActionBarOverlayLayout.onStopNestedScroll
W/dalvikvm( 5407): VFY: unable to resolve virtual method 11958: Landroid/view/ViewGroup;.onStopNestedScroll (Landroid/view/View;)V
D/dalvikvm( 5407): VFY: replacing opcode 0x6f at 0x0000
I/dalvikvm( 5407): Could not find method android.support.v7.internal.widget.ActionBarOverlayLayout.stopNestedScroll, referenced from method android.support.v7.internal.widget.ActionBarOverlayLayout.setHideOnContentScrollEnabled
W/dalvikvm( 5407): VFY: unable to resolve virtual method 9584: Landroid/support/v7/internal/widget/ActionBarOverlayLayout;.stopNestedScroll ()V
D/dalvikvm( 5407): VFY: replacing opcode 0x6e at 0x000e
I/ConfigFetchService( 5266): service connected
I/dalvikvm( 5407): Could not find method android.content.res.TypedArray.getChangingConfigurations, referenced from method android.support.v7.internal.widget.TintTypedArray.getChangingConfigurations
W/dalvikvm( 5407): VFY: unable to resolve virtual method 592: Landroid/content/res/TypedArray;.getChangingConfigurations ()I
D/dalvikvm( 5407): VFY: replacing opcode 0x6e at 0x0002
I/dalvikvm( 5407): Could not find method android.content.res.TypedArray.getType, referenced from method android.support.v7.internal.widget.TintTypedArray.getType
W/dalvikvm( 5407): VFY: unable to resolve virtual method 614: Landroid/content/res/TypedArray;.getType (I)I
D/dalvikvm( 5407): VFY: replacing opcode 0x6e at 0x0002
I/dalvikvm( 5266): Could not find method android.os.UserHandle.isOwner, referenced from method com.google.android.gms.icing.service.v.d
W/dalvikvm( 5266): VFY: unable to resolve virtual method 1360: Landroid/os/UserHandle;.isOwner ()Z
D/dalvikvm( 5266): VFY: replacing opcode 0x6e at 0x0018
D/WifiStateMachine( 1042): handleMessage: E msg.what=151572
D/WifiStateMachine( 1042): processMsg: ConnectedState
D/WifiStateMachine( 1042): processMsg: L2ConnectedState
D/WifiStateMachine( 1042): handleMessage: X
D/dalvikvm( 5266): Trying to load lib /data/app-lib/com.google.android.gms-1/libAppDataSearch.so 0x4191d260
D/dalvikvm( 5266): Added shared lib /data/app-lib/com.google.android.gms-1/libAppDataSearch.so 0x4191d260
D/dalvikvm( 5266): No JNI_OnLoad found in /data/app-lib/com.google.android.gms-1/libAppDataSearch.so 0x4191d260, skipping init
I/dalvikvm( 5473): Could not find method android.app.Activity.finishAfterTransition, referenced from method r.c_
W/dalvikvm( 5473): VFY: unable to resolve virtual method 2773: Landroid/app/Activity;.finishAfterTransition ()V
D/dalvikvm( 5473): VFY: replacing opcode 0x6e at 0x0006
I/dalvikvm( 5407): Could not find method com.shamanland.fab.FloatingActionButton.setElevation, referenced from method com.shamanland.fab.FloatingActionButton.initAttrs
W/dalvikvm( 5407): VFY: unable to resolve virtual method 46367: Lcom/shamanland/fab/FloatingActionButton;.setElevation (F)V
D/dalvikvm( 5407): VFY: replacing opcode 0x6e at 0x0046
I/dalvikvm( 5407): Could not find method com.shamanland.fab.FloatingActionButton.setElevation, referenced from method com.shamanland.fab.FloatingActionButton.updateBackground
W/dalvikvm( 5407): VFY: unable to resolve virtual method 46367: Lcom/shamanland/fab/FloatingActionButton;.setElevation (F)V
D/dalvikvm( 5407): VFY: replacing opcode 0x6e at 0x004e
D/WifiStateMachine( 1042): handleMessage: E msg.what=131155
D/WifiStateMachine( 1042): processMsg: ConnectedState
D/WifiStateMachine( 1042): processMsg: L2ConnectedState
D/WifiStateMachine( 1042): handleMessage: X
V/GmsNetworkLocationProvi(11534): onSetRequest: ProviderRequestUnbundled, reportLocation is true and interval is 1
V/GmsNetworkLocationProvi(11534): SET-REQUEST
V/GmsNetworkLocationProvi(11534): in Handler: ProviderRequestUnbundled, reportLocation is true and interval is 20000
D/WifiService( 1042): acquireWifiLockLocked: WifiLock{NlpWifiLock type=2 binder=android.os.BinderProxy@42447b50}
D/WifiStateMachine( 1042): handleMessage: E msg.what=131143
D/WifiStateMachine( 1042): processMsg: ConnectedState
D/WifiStateMachine( 1042): processMsg: L2ConnectedState
I/wpa_supplicant(10830): wlan0: CTRL-EVENT-SCAN-STARTED 
D/MDMCTBK (  364): reply_len: 40 reply is = IFNAME=wlan0 <3>CTRL-EVENT-SCAN-STARTED 
D/MDMCTBK (  364): Event received = CTRL-EVENT-SCAN-STARTED 
D/WifiStateMachine( 1042): handleMessage: X
D/SBar.MSimNetwCntrl( 1120): updateTelephonySignalStrength[0]: iconList[iconLevel]=7f020299/zz_moto_stat_sys_signal_4_fully_wide iconLevel=4 mMSimMobileInetCondition=1 mMSimMobileInetConditionSB=1
D/SBar.MSimNetwCntrl( 1120): updateDataIcon[0]: subscription=0
D/SBar.MSimNetwCntrl( 1120): updateDataIcon[0]: dataSub=0
D/SBar.MSimNetwCntrl( 1120): updateDataIcon[0]: SimState=READY
I/SBar.MSimNetwCntrl( 1120): notifySignalsChangedCallbacks[0]: isEmergencyOnly(0)=false enabled=true sim=(none)="(empty)" signal=zz_moto_stat_sys_signal_4_fully_wide="Phone signal full." roaming=(none)="Not roaming."
I/SBar.MSimNetwCntrl( 1120):  type=(none)="3.5G" activity=(none)="(empty)"
I/SBar.MSimNetwCntrl( 1120):  slot=1="1" network="Vodafone IN"
D/dalvikvm( 5188): GC_CONCURRENT freed 7967K, 52% free 7574K/15704K, paused 4ms+84ms, total 302ms
I/Icing   ( 5266): Storage manager: low false usage 3.96MB avail 311.66MB capacity 1.84GB
I/Adreno-EGL( 5407): <qeglDrvAPI_eglInitialize:410>: EGL 1.4 QUALCOMM build: AU_LINUX_ANDROID_LNX.LA.3.5.1_RB1.04.04.02.048.018_msm8610_LNX.LA.3.5.1_RB1__release_AU ()
I/Adreno-EGL( 5407): OpenGL ES Shader Compiler Version: E031.24.00.08
I/Adreno-EGL( 5407): Build Date: 03/07/14 Fri
I/Adreno-EGL( 5407): Local Branch: 
I/Adreno-EGL( 5407): Remote Branch: quic/LNX.LA.3.5.1_RB1.1
I/Adreno-EGL( 5407): Local Patches: NONE
I/Adreno-EGL( 5407): Reconstruct Branch: AU_LINUX_ANDROID_LNX.LA.3.5.1_RB1.04.04.02.048.018 + f2fd134 +  NOTHING
D/OpenGLRenderer( 5407): Enabling debug mode 0
W/Icing   ( 5266): Received bad json for section weights override -- ignoring.
W/Icing   ( 5266): Received bad json for corpus scoring config -- ignoring.
W/Icing   ( 5266): Received bad json for corpus context scoring override -- ignoring.
I/dalvikvm( 5266): Could not find method android.os.UserHandle.isOwner, referenced from method com.google.android.gms.icing.impl.a.f.a
W/dalvikvm( 5266): VFY: unable to resolve virtual method 1360: Landroid/os/UserHandle;.isOwner ()Z
D/dalvikvm( 5266): VFY: replacing opcode 0x6e at 0x0015
D/TCMD    (  602): NL - Read 56 bytes from update socket.
D/TCMD    (  602): NL - message type is RTM_NEWLINK
D/TCMD    (  602): Listening for incoming client connection request
D/MDMCTBK (  364): reply_len: 40 reply is = IFNAME=wlan0 <3>CTRL-EVENT-BSS-REMOVED 2
D/MDMCTBK (  364): Event received = CTRL-EVENT-BSS-REMOVED 2
D/MDMCTBK (  364): reply_len: 40 reply is = IFNAME=wlan0 <3>CTRL-EVENT-SCAN-RESULTS 
D/MDMCTBK (  364): Event received = CTRL-EVENT-SCAN-RESULTS 
D/WifiStateMachine( 1042): handleMessage: E msg.what=147461
D/WifiStateMachine( 1042): processMsg: ConnectedState
D/WifiStateMachine( 1042): processMsg: L2ConnectedState
D/WifiStateMachine( 1042): processMsg: ConnectModeState
D/WifiStateMachine( 1042): processMsg: DriverStartedState
D/WifiStateMachine( 1042): processMsg: SupplicantStartedState
D/WifiStateMachine( 1042): handleMessage: X
I/LaunchCheckinHandler( 1042): Displayed me.sahiljain.locationstat/me.sahiljain.tripTracker.main.TabMainActivity,cp,ca,3906
I/ActivityManager( 1042): Displayed me.sahiljain.locationstat/me.sahiljain.tripTracker.main.TabMainActivity: +3s910ms
D/WifiStateMachine( 1042): handleMessage: E msg.what=151572
D/WifiStateMachine( 1042): processMsg: ConnectedState
D/WifiStateMachine( 1042): processMsg: L2ConnectedState
D/WifiStateMachine( 1042): handleMessage: X
D/hardware_info(  268): hw_info_append_hw_type : device_name = speaker
D/LocationFilter(11534): Forcing stable location. Original location:Location[fused 19.134847,72.868428 acc=25 et=+6d5h3m36s155ms] because connected WiFi network is the same, bssid=ec:22:80:55:dc:d8
D/WifiService( 1042): releaseWifiLockLocked: WifiLock{NlpWifiLock type=2 binder=android.os.BinderProxy@42447b50}
W/SyncWapiModule( 5473): isPlayServicesEnabled=
W/SyncWapiModule( 5473): isPlayServicesEnabled=
W/GAV2    ( 5473): Thread[main,5,main]: Need to call initialize() and be in fallback mode to start dispatch.
I/ActivityManager( 1042): Start proc com.google.android.googlequicksearchbox:search for broadcast com.google.android.googlequicksearchbox/com.google.android.search.core.icingsync.IcingCorporaChangedReceiver: pid=5518 uid=10043 gids={50043, 3003, 3001, 1028, 3002, 1015}
I/SFPerfTracer(  262):      triggers: (rate: 0:5) (1247211 sw vsyncs) (0 skipped) (13:555897 vsyncs) (15:1938983)
I/SFPerfTracer(  262):      triggers: (rate: 394:15042) (compose: 0:152) (post: 0:6) (render: 1:654) (0:195665 frames) (1:546265)
D/SFPerfTracer(  262):        layers: (3:13) (DimLayer: 0:73)* (DimLayer: 0:4)* (FocusedStackFrame: 0:7449)* (StatusBar: 0:63156) (NavigationBar: 0:59375) (com.android.systemui.ImageWallpaper: 0:3817)* (DimLayer: 0:2423)* (DimLayer: 0:1747)* (com.whatsapp/com.whatsapp.Conversation: 0:109)* (com.whatsapp/com.whatsapp.MediaView: 0:181)* (Starting me.sahiljain.locationstat: 0:32)* (Waiting For Debugger: me.sahiljain.locationstat: 0:50)* (me.sahiljain.locationstat/me.sahiljain.tripTracker.main.TabMainActivity: 1:9) 
I/ActivityManager( 1042): Start proc com.facebook.katana:dash for broadcast com.facebook.katana/com.facebook.dash.receivers.DashPackageUninstallReceiver: pid=5540 uid=10121 gids={50121, 1028, 1015, 3003}
W/GAV2    ( 5473): Thread[main,5,main]: dispatch call queued.  Need to call GAServiceManager.getInstance().initialize().
I/ActivityManager( 1042): Process com.android.vending (pid 5378) has died.
D/WifiStateMachine( 1042): handleMessage: E msg.what=151572
D/WifiStateMachine( 1042): processMsg: ConnectedState
D/WifiStateMachine( 1042): processMsg: L2ConnectedState
D/WifiStateMachine( 1042): handleMessage: X
I/ActivityManager( 1042): Process com.android.defcontainer (pid 5286) has died.
W/dalvikvm( 5540): VFY: unable to resolve static field 27745 (a) in Lcom/facebook/katana/app/WorkAppTypes;
D/dalvikvm( 5540): VFY: replacing opcode 0x62 at 0x0013
W/dalvikvm( 5540): VFY: unable to resolve static field 27746 (b) in Lcom/facebook/katana/app/WorkAppTypes;
D/dalvikvm( 5540): VFY: replacing opcode 0x62 at 0x001d
E/dalvikvm( 5540): Could not find class 'com.facebook.katana.app.WallpaperFacebookApplicationImpl', referenced from method com.facebook.katana.app.FacebookApplication.a
W/dalvikvm( 5540): VFY: unable to resolve new-instance 427 (Lcom/facebook/katana/app/WallpaperFacebookApplicationImpl;) in Lcom/facebook/katana/app/FacebookApplication;
D/dalvikvm( 5540): VFY: replacing opcode 0x22 at 0x00a9
D/dalvikvm( 5540): DexOpt: unable to opt direct call 0x05a5 at 0xab in Lcom/facebook/katana/app/FacebookApplication;.a
D/SBar.MSimNetwCntrl( 1120): updateTelephonySignalStrength[0]: iconList[iconLevel]=7f020299/zz_moto_stat_sys_signal_4_fully_wide iconLevel=4 mMSimMobileInetCondition=1 mMSimMobileInetConditionSB=1
D/SBar.MSimNetwCntrl( 1120): updateDataIcon[0]: subscription=0
D/SBar.MSimNetwCntrl( 1120): updateDataIcon[0]: dataSub=0
D/SBar.MSimNetwCntrl( 1120): updateDataIcon[0]: SimState=READY
I/SBar.MSimNetwCntrl( 1120): notifySignalsChangedCallbacks[0]: isEmergencyOnly(0)=false enabled=true sim=(none)="(empty)" signal=zz_moto_stat_sys_signal_4_fully_wide="Phone signal full." roaming=(none)="Not roaming."
I/SBar.MSimNetwCntrl( 1120):  type=(none)="3.5G" activity=(none)="(empty)"
I/SBar.MSimNetwCntrl( 1120):  slot=1="1" network="Vodafone IN"
D/CatchMeIfYouCan( 5540): Process (dash) ca: '/data/data/com.facebook.katana/app_cmiyc/0C66B38F48468E96F8008B6D5A2AE33B4A60265E01'
D/CatchMeIfYouCan( 5540): Process (dash) fc: '/data/data/com.facebook.katana/app_cmiyc/0C66B38F48468E96F8008B6D5A2AE33B4A60265E02'
D/CatchMeIfYouCan( 5540): Process (dash) cp: '('dash', 6, 60000, silent [true], restart [true], logout [true])'
D/ACRA    ( 5540): ACRA is enabled for com.facebook.katana, intializing...
D/ACRA    ( 5540): Looking for error files in /data/data/com.facebook.katana/app_acra-reports
D/ACRA    ( 5540): Looking for error files in /data/data/com.facebook.katana/app_minidumps
D/dalvikvm( 5540): Trying to load lib /data/app-lib/com.facebook.katana-1/libgnustl_shared.so 0x41913e08
D/dalvikvm( 5540): Added shared lib /data/app-lib/com.facebook.katana-1/libgnustl_shared.so 0x41913e08
D/dalvikvm( 5540): No JNI_OnLoad found in /data/app-lib/com.facebook.katana-1/libgnustl_shared.so 0x41913e08, skipping init
D/dalvikvm( 5540): Trying to load lib /data/app-lib/com.facebook.katana-1/libfb_breakpad_client.so 0x41913e08
D/dalvikvm( 5540): Added shared lib /data/app-lib/com.facebook.katana-1/libfb_breakpad_client.so 0x41913e08
D/dalvikvm( 5540): No JNI_OnLoad found in /system/lib/libstdc++.so 0x41913e08, skipping init
D/dalvikvm( 5540): Trying to load lib /data/app-lib/com.facebook.katana-1/libsigmux.so 0x41913e08
D/dalvikvm( 5540): Added shared lib /data/app-lib/com.facebook.katana-1/libsigmux.so 0x41913e08
D/dalvikvm( 5540): No JNI_OnLoad found in /data/app-lib/com.facebook.katana-1/libsigmux.so 0x41913e08, skipping init
D/dalvikvm( 5540): Trying to load lib /data/app-lib/com.facebook.katana-1/libdistract.so 0x41913e08
D/dalvikvm( 5540): Added shared lib /data/app-lib/com.facebook.katana-1/libdistract.so 0x41913e08
D/dalvikvm( 5540): No JNI_OnLoad found in /data/app-lib/com.facebook.katana-1/libdistract.so 0x41913e08, skipping init
D/dalvikvm( 5540): Trying to load lib /data/app-lib/com.facebook.katana-1/libfb_dalvik-internals.so 0x41913e08
D/dalvikvm( 5540): Added shared lib /data/app-lib/com.facebook.katana-1/libfb_dalvik-internals.so 0x41913e08
V/DexLibLoader( 5540): about to lock: /data/data/com.facebook.katana/mdex_lock
V/DexLibLoader( 5540): locking /data/data/com.facebook.katana/mdex_lock took 14 ms
V/DexLibLoader( 5540): Secondary program dex metadata: secondary-1.dex.jar.xz 8522c4c425a7af0326ad8f3066c1fd9dd64cdae4 secondary.dex01.Canary
V/DexLibLoader( 5540): Secondary program dex metadata: secondary-2.dex.jar.xz a07d020bb32a170915bbac247ac963f06e2b7fac secondary.dex02.Canary
V/DexLibLoader( 5540): Secondary program dex metadata: secondary-3.dex.jar.xz a32e2f6b637d17daabd5b7cc33d5c19f3134f5a3 secondary.dex03.Canary
V/DexLibLoader( 5540): Secondary program dex metadata: secondary-4.dex.jar.xz 069ab3424d22a7a8c9412d566a35a30de7de1d30 secondary.dex04.Canary
V/DexLibLoader( 5540): Secondary program dex metadata: secondary-5.dex.jar.xz bad2d7234e204d47e16700e11bbfcdcc1abdb187 secondary.dex05.Canary
V/DexLibLoader( 5540): Secondary program dex metadata: secondary-6.dex.jar.xz e749c3a986b2f3d70da31368aaf0f1d6e8d8c712 secondary.dex06.Canary
V/DexLibLoader( 5540): Secondary program dex metadata: secondary-7.dex.jar.xz 3b6a9536aa0e74b5afac63e075f8bb40ee81ae7d secondary.dex07.Canary
V/DexLibLoader( 5540): directory "/data/data/com.facebook.katana/app_secondary_program_dex" contains "program-8522c4c425a7af0326ad8f3066c1fd9dd64cdae48bae0e56.dex.jar" as expected
