W/ContextImpl( 1260): Calling a method in the system process without a qualified user: android.app.ContextImpl.sendBroadcast:1252 android.content.ContextWrapper.sendBroadcast:365 com.motorola.motocare.util.TriggerHelper$TriggerBuilder.send:76 com.motorola.motocare.internal.frameworkevents.ProcessKillTrigger.sendTrigger:147 com.motorola.motocare.internal.frameworkevents.ProcessKillTrigger.handleLmkKill:337 
W/ContextImpl( 1260): Calling a method in the system process without a qualified user: android.app.ContextImpl.sendBroadcast:1252 android.content.ContextWrapper.sendBroadcast:365 com.motorola.motocare.util.TriggerHelper$TriggerBuilder.send:76 com.motorola.motocare.internal.frameworkevents.ProcessKillTrigger.sendTrigger:147 com.motorola.motocare.internal.frameworkevents.ProcessKillTrigger.handleLmkKill:337 
W/ContextImpl( 1260): Calling a method in the system process without a qualified user: android.app.ContextImpl.sendBroadcast:1252 android.content.ContextWrapper.sendBroadcast:365 com.motorola.motocare.util.TriggerHelper$TriggerBuilder.send:76 com.motorola.motocare.internal.frameworkevents.ProcessKillTrigger.sendTrigger:147 com.motorola.motocare.internal.frameworkevents.ProcessKillTrigger.handleLmkKill:337 
W/ContextImpl( 1260): Calling a method in the system process without a qualified user: android.app.ContextImpl.sendBroadcast:1252 android.content.ContextWrapper.sendBroadcast:365 com.motorola.motocare.util.TriggerHelper$TriggerBuilder.send:76 com.motorola.motocare.internal.frameworkevents.ProcessKillTrigger.sendTrigger:147 com.motorola.motocare.internal.frameworkevents.ProcessKillTrigger.handleLmkKill:337 
W/ContextImpl( 1260): Calling a method in the system process without a qualified user: android.app.ContextImpl.sendBroadcast:1252 android.content.ContextWrapper.sendBroadcast:365 com.motorola.motocare.util.TriggerHelper$TriggerBuilder.send:76 com.motorola.motocare.internal.frameworkevents.ProcessKillTrigger.sendTrigger:147 com.motorola.motocare.internal.frameworkevents.ProcessKillTrigger.handleLmkKill:337 
W/ContextImpl( 1260): Calling a method in the system process without a qualified user: android.app.ContextImpl.sendBroadcast:1252 android.content.ContextWrapper.sendBroadcast:365 com.motorola.motocare.util.TriggerHelper$TriggerBuilder.send:76 com.motorola.motocare.internal.frameworkevents.ProcessKillTrigger.sendTrigger:147 com.motorola.motocare.internal.frameworkevents.ProcessKillTrigger.handleLmkKill:337 
W/ContextImpl( 1260): Calling a method in the system process without a qualified user: android.app.ContextImpl.sendBroadcast:1252 android.content.ContextWrapper.sendBroadcast:365 com.motorola.motocare.util.TriggerHelper$TriggerBuilder.send:76 com.motorola.motocare.internal.frameworkevents.ProcessKillTrigger.sendTrigger:147 com.motorola.motocare.internal.frameworkevents.ProcessKillTrigger.handleLmkKill:337 
W/ContextImpl( 1260): Calling a method in the system process without a qualified user: android.app.ContextImpl.sendBroadcast:1252 android.content.ContextWrapper.sendBroadcast:365 com.motorola.motocare.util.TriggerHelper$TriggerBuilder.send:76 com.motorola.motocare.internal.frameworkevents.ProcessKillTrigger.sendTrigger:147 com.motorola.motocare.internal.frameworkevents.ProcessKillTrigger.handleLmkKill:337 
W/ContextImpl( 1260): Calling a method in the system process without a qualified user: android.app.ContextImpl.sendBroadcast:1252 android.content.ContextWrapper.sendBroadcast:365 com.motorola.motocare.util.TriggerHelper$TriggerBuilder.send:76 com.motorola.motocare.internal.frameworkevents.ProcessKillTrigger.sendTrigger:147 com.motorola.motocare.internal.frameworkevents.ProcessKillTrigger.handleLmkKill:337 
W/ContextImpl( 1260): Calling a method in the system process without a qualified user: android.app.ContextImpl.sendBroadcast:1252 android.content.ContextWrapper.sendBroadcast:365 com.motorola.motocare.util.TriggerHelper$TriggerBuilder.send:76 com.motorola.motocare.internal.frameworkevents.ProcessKillTrigger.sendTrigger:147 com.motorola.motocare.internal.frameworkevents.ProcessKillTrigger.handleLmkKill:337 
W/ContextImpl( 1260): Calling a method in the system process without a qualified user: android.app.ContextImpl.sendBroadcast:1252 android.content.ContextWrapper.sendBroadcast:365 com.motorola.motocare.util.TriggerHelper$TriggerBuilder.send:76 com.motorola.motocare.internal.frameworkevents.ProcessKillTrigger.sendTrigger:147 com.motorola.motocare.internal.frameworkevents.ProcessKillTrigger.handleLmkKill:337 
W/ContextImpl( 1260): Calling a method in the system process without a qualified user: android.app.ContextImpl.sendBroadcast:1252 android.content.ContextWrapper.sendBroadcast:365 com.motorola.motocare.util.TriggerHelper$TriggerBuilder.send:76 com.motorola.motocare.internal.frameworkevents.ProcessKillTrigger.sendTrigger:147 com.motorola.motocare.internal.frameworkevents.ProcessKillTrigger.handleLmkKill:337 
V/AlarmManager( 1042): sending alarm Alarm{4277dcc8 type 2 com.google.android.gms}
D/WifiService( 1042): acquireWifiLockLocked: WifiLock{NlpWifiLock type=2 binder=android.os.BinderProxy@42295138}
D/WifiService( 1042): releaseWifiLockLocked: WifiLock{NlpWifiLock type=2 binder=android.os.BinderProxy@42295138}
V/AlarmManager( 1042): sending alarm Alarm{423b7430 type 2 com.google.android.gms}
V/AlarmManager( 1042): sending alarm Alarm{423b25c0 type 0 com.google.android.gms}
D/WifiService( 1042): acquireWifiLockLocked: WifiLock{NlpWifiLock type=2 binder=android.os.BinderProxy@42295138}
D/WifiService( 1042): releaseWifiLockLocked: WifiLock{NlpWifiLock type=2 binder=android.os.BinderProxy@42295138}
V/AlarmManager( 1042): sending alarm Alarm{41cb2e40 type 2 com.google.android.gms}
D/WifiService( 1042): acquireWifiLockLocked: WifiLock{NlpWifiLock type=2 binder=android.os.BinderProxy@42295138}
D/WifiService( 1042): releaseWifiLockLocked: WifiLock{NlpWifiLock type=2 binder=android.os.BinderProxy@42295138}
V/AlarmManager( 1042): sending alarm Alarm{424fea28 type 3 android}
V/AlarmManager( 1042): sending alarm Alarm{424f2ab8 type 2 com.google.android.talk}
V/AlarmManager( 1042): sending alarm Alarm{424ec818 type 2 com.google.android.gms}
V/AlarmManager( 1042): sending alarm Alarm{424eaf28 type 2 com.facebook.katana}
D/WifiService( 1042): acquireWifiLockLocked: WifiLock{NlpWifiLock type=2 binder=android.os.BinderProxy@42636d88}
I/ActivityManager( 1042): Process com.motorola.MotGallery2 (pid 3156) has died.
V/AlarmManager( 1042): sending alarm Alarm{425be3f8 type 2 com.google.android.gms}
D/WifiService( 1042): releaseWifiLockLocked: WifiLock{NlpWifiLock type=2 binder=android.os.BinderProxy@42636d88}
D/ConnectivityService( 1042): handleInetConditionHoldEnd: net=1, condition=100, published condition=100
V/AlarmManager( 1042): sending alarm Alarm{41d39af0 type 2 com.google.android.gms}
D/WifiService( 1042): acquireWifiLockLocked: WifiLock{NlpWifiLock type=2 binder=android.os.BinderProxy@42636d88}
D/WifiService( 1042): releaseWifiLockLocked: WifiLock{NlpWifiLock type=2 binder=android.os.BinderProxy@42636d88}
V/AlarmManager( 1042): sending alarm Alarm{4254b488 type 2 com.google.android.gms}
D/WifiService( 1042): acquireWifiLockLocked: WifiLock{NlpWifiLock type=2 binder=android.os.BinderProxy@42636d88}
D/WifiService( 1042): releaseWifiLockLocked: WifiLock{NlpWifiLock type=2 binder=android.os.BinderProxy@42636d88}
V/AlarmManager( 1042): sending alarm Alarm{42897f30 type 3 android}
V/AlarmManager( 1042): sending alarm Alarm{428902f0 type 2 com.google.android.gms}
D/WifiService( 1042): acquireWifiLockLocked: WifiLock{NlpWifiLock type=2 binder=android.os.BinderProxy@42636d88}
W/ContextImpl( 1260): Calling a method in the system process without a qualified user: android.app.ContextImpl.sendBroadcast:1252 android.content.ContextWrapper.sendBroadcast:365 com.motorola.motocare.util.TriggerHelper$TriggerBuilder.send:76 com.motorola.motocare.internal.frameworkevents.ProcessKillTrigger.sendTrigger:147 com.motorola.motocare.internal.frameworkevents.ProcessKillTrigger.handleLmkKill:337 
D/WifiService( 1042): releaseWifiLockLocked: WifiLock{NlpWifiLock type=2 binder=android.os.BinderProxy@42636d88}
V/AlarmManager( 1042): sending alarm Alarm{424d0490 type 2 com.google.android.gms}
D/WifiService( 1042): acquireWifiLockLocked: WifiLock{NlpWifiLock type=2 binder=android.os.BinderProxy@42636d88}
D/WifiService( 1042): releaseWifiLockLocked: WifiLock{NlpWifiLock type=2 binder=android.os.BinderProxy@42636d88}
V/AlarmManager( 1042): sending alarm Alarm{41f003a0 type 2 com.google.android.gms}
V/AlarmManager( 1042): sending alarm Alarm{41f079c8 type 2 com.google.android.gms}
D/WifiService( 1042): acquireWifiLockLocked: WifiLock{NlpWifiLock type=2 binder=android.os.BinderProxy@42636d88}
D/WifiService( 1042): releaseWifiLockLocked: WifiLock{NlpWifiLock type=2 binder=android.os.BinderProxy@42636d88}
V/AlarmManager( 1042): sending alarm Alarm{42130eb8 type 3 android}
V/AlarmManager( 1042): sending alarm Alarm{42129c08 type 1 com.android.deskclock}
I/ActivityManager( 1042): Start proc com.android.deskclock for broadcast com.android.deskclock/com.android.alarmclock.DigitalAppWidgetProvider: pid=3918 uid=10014 gids={50014, 1028}
I/ActivityManager( 1042): Process com.google.android.apps.cloudprint (pid 3643) has died.
V/AlarmManager( 1042): sending alarm Alarm{42110ca0 type 2 com.google.android.gms}
D/WifiService( 1042): acquireWifiLockLocked: WifiLock{NlpWifiLock type=2 binder=android.os.BinderProxy@426846f0}
D/WifiService( 1042): releaseWifiLockLocked: WifiLock{NlpWifiLock type=2 binder=android.os.BinderProxy@426846f0}
V/AlarmManager( 1042): sending alarm Alarm{42767e48 type 2 com.google.android.gms}
D/WifiService( 1042): acquireWifiLockLocked: WifiLock{NlpWifiLock type=2 binder=android.os.BinderProxy@426846f0}
D/WifiService( 1042): releaseWifiLockLocked: WifiLock{NlpWifiLock type=2 binder=android.os.BinderProxy@426846f0}
V/AlarmManager( 1042): sending alarm Alarm{424d6e98 type 2 com.google.android.gms}
D/WifiService( 1042): acquireWifiLockLocked: WifiLock{NlpWifiLock type=2 binder=android.os.BinderProxy@426846f0}
D/WifiService( 1042): releaseWifiLockLocked: WifiLock{NlpWifiLock type=2 binder=android.os.BinderProxy@426846f0}
V/AlarmManager( 1042): sending alarm Alarm{422deda8 type 3 android}
W/ContextImpl( 1260): Calling a method in the system process without a qualified user: android.app.ContextImpl.sendBroadcast:1252 android.content.ContextWrapper.sendBroadcast:365 com.motorola.motocare.util.TriggerHelper$TriggerBuilder.send:76 com.motorola.motocare.internal.frameworkevents.ProcessKillTrigger.sendTrigger:147 com.motorola.motocare.internal.frameworkevents.ProcessKillTrigger.handleLmkKill:337 
V/AlarmManager( 1042): sending alarm Alarm{422e0b08 type 2 com.google.android.gms}
D/WifiService( 1042): acquireWifiLockLocked: WifiLock{NlpWifiLock type=2 binder=android.os.BinderProxy@426846f0}
D/WifiService( 1042): releaseWifiLockLocked: WifiLock{NlpWifiLock type=2 binder=android.os.BinderProxy@426846f0}
V/AlarmManager( 1042): sending alarm Alarm{41bb8758 type 2 com.google.android.gms}
D/WifiService( 1042): acquireWifiLockLocked: WifiLock{NlpWifiLock type=2 binder=android.os.BinderProxy@426846f0}
D/WifiService( 1042): releaseWifiLockLocked: WifiLock{NlpWifiLock type=2 binder=android.os.BinderProxy@426846f0}
V/AlarmManager( 1042): sending alarm Alarm{42593760 type 2 com.whatsapp}
V/AlarmManager( 1042): sending alarm Alarm{42593558 type 2 android}
V/AlarmManager( 1042): sending alarm Alarm{4259c2c0 type 2 com.google.android.gms}
D/ConnectivityService( 1042): Sampling interval elapsed, updating statistics ..
D/ConnectivityService( 1042): Done.
D/ConnectivityService( 1042): Setting timer for 720seconds
D/WifiService( 1042): acquireWifiLockLocked: WifiLock{NlpWifiLock type=2 binder=android.os.BinderProxy@426846f0}
D/WifiService( 1042): releaseWifiLockLocked: WifiLock{NlpWifiLock type=2 binder=android.os.BinderProxy@426846f0}
V/AlarmManager( 1042): sending alarm Alarm{4279afe0 type 3 android}
V/AlarmManager( 1042): sending alarm Alarm{4279ae98 type 2 com.google.android.gms}
V/AlarmManager( 1042): sending alarm Alarm{42787cb8 type 2 com.google.android.gms}
D/WifiService( 1042): acquireWifiLockLocked: WifiLock{NlpWifiLock type=2 binder=android.os.BinderProxy@42337a20}
D/WifiService( 1042): releaseWifiLockLocked: WifiLock{NlpWifiLock type=2 binder=android.os.BinderProxy@42337a20}
D/ConnectivityService( 1042): handleInetConditionHoldEnd: net=1, condition=100, published condition=100
V/AlarmManager( 1042): sending alarm Alarm{422fac68 type 2 com.whatsapp}
V/AlarmManager( 1042): sending alarm Alarm{422f7d68 type 2 com.google.android.gms}
D/WifiService( 1042): acquireWifiLockLocked: WifiLock{NlpWifiLock type=2 binder=android.os.BinderProxy@42337a20}
D/WifiService( 1042): releaseWifiLockLocked: WifiLock{NlpWifiLock type=2 binder=android.os.BinderProxy@42337a20}
V/AlarmManager( 1042): sending alarm Alarm{41ec8868 type 2 com.google.android.gms}
D/WifiService( 1042): acquireWifiLockLocked: WifiLock{NlpWifiLock type=2 binder=android.os.BinderProxy@42337a20}
D/WifiService( 1042): releaseWifiLockLocked: WifiLock{NlpWifiLock type=2 binder=android.os.BinderProxy@42337a20}
V/AlarmManager( 1042): sending alarm Alarm{42634118 type 3 android}
V/AlarmManager( 1042): sending alarm Alarm{42626070 type 2 com.google.android.gms}
D/WifiService( 1042): acquireWifiLockLocked: WifiLock{NlpWifiLock type=2 binder=android.os.BinderProxy@42337a20}
D/WifiService( 1042): releaseWifiLockLocked: WifiLock{NlpWifiLock type=2 binder=android.os.BinderProxy@42337a20}
V/AlarmManager( 1042): sending alarm Alarm{42443690 type 2 com.google.android.gms}
D/WifiService( 1042): acquireWifiLockLocked: WifiLock{NlpWifiLock type=2 binder=android.os.BinderProxy@42337a20}
D/WifiService( 1042): releaseWifiLockLocked: WifiLock{NlpWifiLock type=2 binder=android.os.BinderProxy@42337a20}
V/AlarmManager( 1042): sending alarm Alarm{4252c5e8 type 2 com.google.android.gms}
D/WifiService( 1042): acquireWifiLockLocked: WifiLock{NlpWifiLock type=2 binder=android.os.BinderProxy@42337a20}
D/WifiService( 1042): releaseWifiLockLocked: WifiLock{NlpWifiLock type=2 binder=android.os.BinderProxy@42337a20}
V/AlarmManager( 1042): sending alarm Alarm{4262e7a0 type 3 android}
V/AlarmManager( 1042): sending alarm Alarm{42631d78 type 2 com.google.android.gms}
D/WifiService( 1042): acquireWifiLockLocked: WifiLock{NlpWifiLock type=2 binder=android.os.BinderProxy@43188888}
D/WifiService( 1042): releaseWifiLockLocked: WifiLock{NlpWifiLock type=2 binder=android.os.BinderProxy@43188888}
V/AlarmManager( 1042): sending alarm Alarm{429c5570 type 2 com.google.android.gms}
D/WifiService( 1042): acquireWifiLockLocked: WifiLock{NlpWifiLock type=2 binder=android.os.BinderProxy@43188888}
D/WifiService( 1042): releaseWifiLockLocked: WifiLock{NlpWifiLock type=2 binder=android.os.BinderProxy@43188888}
I/PowerManagerService( 1042): Waking up from sleep...
I/WindowManager( 1042): Lock screen displayed!
D/DisplayPowerController( 1042): Unblocked screen on after 536201838 ms
I/SFPerfTracer(  262):      triggers: (rate: 0:5) (1247066 sw vsyncs) (0 skipped) (0:553886 vsyncs) (147:1936309)
I/ActivityManager( 1042): Process com.cleartrip.android (pid 3657) has died.
I/ActivityManager( 1042): Process com.android.defcontainer (pid 3118) has died.
W/ContextImpl( 1260): Calling a method in the system process without a qualified user: android.app.ContextImpl.sendBroadcast:1252 android.content.ContextWrapper.sendBroadcast:365 com.motorola.motocare.util.TriggerHelper$TriggerBuilder.send:76 com.motorola.motocare.internal.frameworkevents.PauseResumeTrigger.handleFrameworkEvent:53 com.motorola.motocare.internal.frameworkevents.FwEventMonitor$FrameworkListener.processFrameworkEvent:114 
D/UsbDeviceManager( 1042): MSG_USER_PRESENT
I/SFPerfTracer(  262):       trigger: frame rate (-34.225%)	(39.465 fps)	(25.339 ms) 	(7 drops)	(22 frames)
I/SFPerfTracer(  262):      triggers: (rate: 392:15008) (compose: 0:151) (post: 0:6) (render: 1:652) (22:194874 frames) (23:544758)
D/SFPerfTracer(  262):        layers: (4:13) (DimLayer: 0:73)* (DimLayer: 0:4)* (FocusedStackFrame: 0:7404)* (StatusBar: 1:62870) (NavigationBar: 0:59131) (com.android.systemui.ImageWallpaper: 0:3808) (DimLayer: 0:2373)* (DimLayer: 0:1729)* (Starting me.sahiljain.locationstat: 0:32)* (Waiting For Debugger: me.sahiljain.locationstat: 0:45)* (me.sahiljain.locationstat/me.sahiljain.tripTracker.main.TabMainActivity: 0:20)* (ElectronBeam: 0:22)* (Keyguard: 22:27) 
D/WifiService( 1042): acquireWifiLockLocked: WifiLock{NlpWifiLock type=2 binder=android.os.BinderProxy@43188888}
W/InputMethodManagerService( 1042): Window already focused, ignoring focus gain of: com.android.internal.view.IInputMethodClient$Stub$Proxy@421a7a48 attribute=android.view.inputmethod.EditorInfo@41f04e00, token = android.os.BinderProxy@422bcc38
D/WifiService( 1042): releaseWifiLockLocked: WifiLock{NlpWifiLock type=2 binder=android.os.BinderProxy@43188888}
I/ActivityManager( 1042): START u0 {cmp=me.sahiljain.locationstat/me.sahiljain.tripTracker.addTrip.AddATripFirstWindow} from pid 3253
W/ContextImpl( 1260): Calling a method in the system process without a qualified user: android.app.ContextImpl.sendBroadcast:1252 android.content.ContextWrapper.sendBroadcast:365 com.motorola.motocare.util.TriggerHelper$TriggerBuilder.send:76 com.motorola.motocare.internal.frameworkevents.PauseResumeTrigger.handleFrameworkEvent:53 com.motorola.motocare.internal.frameworkevents.FwEventMonitor$FrameworkListener.processFrameworkEvent:114 
W/ContextImpl( 1260): Calling a method in the system process without a qualified user: android.app.ContextImpl.sendBroadcast:1252 android.content.ContextWrapper.sendBroadcast:365 com.motorola.motocare.util.TriggerHelper$TriggerBuilder.send:76 com.motorola.motocare.internal.frameworkevents.PauseResumeTrigger.handleFrameworkEvent:53 com.motorola.motocare.internal.frameworkevents.FwEventMonitor$FrameworkListener.processFrameworkEvent:114 
W/ContextImpl( 1260): Calling a method in the system process without a qualified user: android.app.ContextImpl.startService:1608 android.content.ContextWrapper.startService:494 android.content.ContextWrapper.startService:494 com.motorola.motocare.internal.batterystats.BatteryStatsAction.onReceive:33 android.app.ActivityThread.handleReceiver:2434 
I/SFPerfTracer(  262):      triggers: (rate: 0:5) (1247066 sw vsyncs) (0 skipped) (105:553994 vsyncs) (107:1936442)
I/LaunchCheckinHandler( 1042): Displayed me.sahiljain.locationstat/me.sahiljain.tripTracker.addTrip.AddATripFirstWindow,wp,ca,900
I/ActivityManager( 1042): START u0 {cmp=me.sahiljain.locationstat/me.sahiljain.tripTracker.addTrip.AddATripSecondWindow} from pid 3253
W/ContextImpl( 1260): Calling a method in the system process without a qualified user: android.app.ContextImpl.sendBroadcast:1252 android.content.ContextWrapper.sendBroadcast:365 com.motorola.motocare.util.TriggerHelper$TriggerBuilder.send:76 com.motorola.motocare.internal.frameworkevents.PauseResumeTrigger.handleFrameworkEvent:53 com.motorola.motocare.internal.frameworkevents.FwEventMonitor$FrameworkListener.processFrameworkEvent:114 
W/ContextImpl( 1260): Calling a method in the system process without a qualified user: android.app.ContextImpl.sendBroadcast:1252 android.content.ContextWrapper.sendBroadcast:365 com.motorola.motocare.util.TriggerHelper$TriggerBuilder.send:76 com.motorola.motocare.internal.frameworkevents.PauseResumeTrigger.handleFrameworkEvent:53 com.motorola.motocare.internal.frameworkevents.FwEventMonitor$FrameworkListener.processFrameworkEvent:114 
I/SFPerfTracer(  262):      triggers: (rate: 392:15008) (compose: 0:151) (post: 0:6) (render: 1:652) (17:194959 frames) (18:544864)
D/SFPerfTracer(  262):        layers: (4:11) (DimLayer: 0:73)* (DimLayer: 0:4)* (FocusedStackFrame: 0:7411)* (StatusBar: 0:62886) (NavigationBar: 0:59158) (com.android.systemui.ImageWallpaper: 0:3809)* (DimLayer: 0:2373)* (DimLayer: 1:1736) (me.sahiljain.locationstat/me.sahiljain.tripTracker.main.TabMainActivity: 0:67)* (Keyguard: 0:40)* (me.sahiljain.locationstat/me.sahiljain.tripTracker.addTrip.AddATripFirstWindow: 17:59) 
I/SFPerfTracer(  262):      triggers: (rate: 0:5) (1247066 sw vsyncs) (0 skipped) (320:554353 vsyncs) (322:1936807)
W/ActivityManager( 1042): Launch timeout has expired, giving up wake lock!
I/LaunchCheckinHandler( 1042): cleanup(): cleared. Last call was 10134 ms ago
I/ActivityManager( 1042): Start proc com.google.android.inputmethod.latin for service com.google.android.inputmethod.latin/com.android.inputmethod.latin.spellcheck.AndroidSpellCheckerService: pid=4137 uid=10069 gids={50069, 3003, 1028, 1015}
D/WifiService( 1042): acquireWifiLockLocked: WifiLock{NlpWifiLock type=2 binder=android.os.BinderProxy@43188888}
V/AlarmManager( 1042): sending alarm Alarm{42299c50 type 2 com.google.android.gms}
D/WifiService( 1042): releaseWifiLockLocked: WifiLock{NlpWifiLock type=2 binder=android.os.BinderProxy@43188888}
I/SFPerfTracer(  262):      triggers: (rate: 0:5) (1247066 sw vsyncs) (0 skipped) (0:554397 vsyncs) (1:1936908)
I/ActivityManager( 1042): START u0 {cmp=me.sahiljain.locationstat/me.sahiljain.tripTracker.addTrip.AddATripThirdWindow} from pid 3253
W/ContextImpl( 1260): Calling a method in the system process without a qualified user: android.app.ContextImpl.sendBroadcast:1252 android.content.ContextWrapper.sendBroadcast:365 com.motorola.motocare.util.TriggerHelper$TriggerBuilder.send:76 com.motorola.motocare.internal.frameworkevents.PauseResumeTrigger.handleFrameworkEvent:53 com.motorola.motocare.internal.frameworkevents.FwEventMonitor$FrameworkListener.processFrameworkEvent:114 
W/ContextImpl( 1260): Calling a method in the system process without a qualified user: android.app.ContextImpl.sendBroadcast:1252 android.content.ContextWrapper.sendBroadcast:365 com.motorola.motocare.util.TriggerHelper$TriggerBuilder.send:76 com.motorola.motocare.internal.frameworkevents.PauseResumeTrigger.handleFrameworkEvent:53 com.motorola.motocare.internal.frameworkevents.FwEventMonitor$FrameworkListener.processFrameworkEvent:114 
V/AlarmManager( 1042): sending alarm Alarm{428fa2d8 type 2 com.google.android.gms}
D/WifiService( 1042): acquireWifiLockLocked: WifiLock{NlpWifiLock type=2 binder=android.os.BinderProxy@4228ed00}
I/LaunchCheckinHandler( 1042): Displayed me.sahiljain.locationstat/me.sahiljain.tripTracker.addTrip.AddATripThirdWindow,wp,ca,932
V/AlarmManager( 1042): sending alarm Alarm{4276c170 type 3 android}
I/SFPerfTracer(  262):      triggers: (rate: 392:15009) (compose: 0:151) (post: 0:6) (render: 1:652) (15:194983 frames) (16:544964)
D/SFPerfTracer(  262):        layers: (5:11) (DimLayer: 0:73)* (DimLayer: 0:4)* (FocusedStackFrame: 0:7415)* (StatusBar: 2:62897) (NavigationBar: 0:59158) (com.android.systemui.ImageWallpaper: 0:3809)* (DimLayer: 0:2373)* (DimLayer: 0:1738) (me.sahiljain.locationstat/me.sahiljain.tripTracker.addTrip.AddATripFirstWindow: 0:62)* (me.sahiljain.locationstat/me.sahiljain.tripTracker.addTrip.AddATripSecondWindow: 16:77) (me.sahiljain.locationstat/me.sahiljain.tripTracker.addTrip.AddATripThirdWindow: 16:27) 
D/WifiService( 1042): releaseWifiLockLocked: WifiLock{NlpWifiLock type=2 binder=android.os.BinderProxy@4228ed00}
I/SFPerfTracer(  262):      triggers: (rate: 0:5) (1247066 sw vsyncs) (0 skipped) (0:554478 vsyncs) (1:1937009)
I/ActivityManager( 1042): START u0 {cmp=me.sahiljain.locationstat/me.sahiljain.tripTracker.addTrip.AddATripFourthWindow} from pid 3253
W/ContextImpl( 1260): Calling a method in the system process without a qualified user: android.app.ContextImpl.sendBroadcast:1252 android.content.ContextWrapper.sendBroadcast:365 com.motorola.motocare.util.TriggerHelper$TriggerBuilder.send:76 com.motorola.motocare.internal.frameworkevents.PauseResumeTrigger.handleFrameworkEvent:53 com.motorola.motocare.internal.frameworkevents.FwEventMonitor$FrameworkListener.processFrameworkEvent:114 
W/ContextImpl( 1260): Calling a method in the system process without a qualified user: android.app.ContextImpl.sendBroadcast:1252 android.content.ContextWrapper.sendBroadcast:365 com.motorola.motocare.util.TriggerHelper$TriggerBuilder.send:76 com.motorola.motocare.internal.frameworkevents.PauseResumeTrigger.handleFrameworkEvent:53 com.motorola.motocare.internal.frameworkevents.FwEventMonitor$FrameworkListener.processFrameworkEvent:114 
I/LaunchCheckinHandler( 1042): Displayed me.sahiljain.locationstat/me.sahiljain.tripTracker.addTrip.AddATripFourthWindow,wp,ca,1255
V/AlarmManager( 1042): sending alarm Alarm{42448a38 type 2 com.whatsapp}
V/AlarmManager( 1042): sending alarm Alarm{42447810 type 2 com.google.android.gms}
I/SFPerfTracer(  262):      triggers: (rate: 0:5) (1247066 sw vsyncs) (0 skipped) (95:554591 vsyncs) (97:1937146)
V/AlarmManager( 1042): sending alarm Alarm{424467c8 type 2 com.google.android.gms}
D/WifiService( 1042): acquireWifiLockLocked: WifiLock{NlpWifiLock type=2 binder=android.os.BinderProxy@4228ed00}
D/WifiService( 1042): releaseWifiLockLocked: WifiLock{NlpWifiLock type=2 binder=android.os.BinderProxy@4228ed00}
I/SFPerfTracer(  262):      triggers: (rate: 392:15009) (compose: 0:151) (post: 0:6) (render: 1:652) (2:195024 frames) (3:545065)
D/SFPerfTracer(  262):        layers: (3:13) (DimLayer: 0:73)* (DimLayer: 0:4)* (FocusedStackFrame: 0:7420)* (StatusBar: 0:62903) (NavigationBar: 0:59158) (com.android.systemui.ImageWallpaper: 0:3809)* (DimLayer: 0:2373)* (DimLayer: 0:1741)* (me.sahiljain.locationstat/me.sahiljain.tripTracker.addTrip.AddATripSecondWindow: 0:81)* (me.sahiljain.locationstat/me.sahiljain.tripTracker.addTrip.AddATripThirdWindow: 0:86)* (me.sahiljain.locationstat/me.sahiljain.tripTracker.addTrip.AddATripFourthWindow: 0:51) (PopupWindow:423e63c8: 2:2)* (SurfaceView: 2:2)* 
I/SFPerfTracer(  262):      triggers: (rate: 0:5) (1247066 sw vsyncs) (0 skipped) (0:554644 vsyncs) (1:1937247)
V/AlarmManager( 1042): sending alarm Alarm{421df788 type 2 com.google.android.gms}
I/SFPerfTracer(  262):      triggers: (rate: 392:15010) (compose: 0:151) (post: 0:6) (render: 1:652) (0:195065 frames) (1:545165)
D/SFPerfTracer(  262):        layers: (3:14) (DimLayer: 0:73)* (DimLayer: 0:4)* (FocusedStackFrame: 0:7420)* (StatusBar: 0:62905) (NavigationBar: 1:59174) (com.android.systemui.ImageWallpaper: 0:3809)* (DimLayer: 0:2373)* (DimLayer: 0:1741)* (me.sahiljain.locationstat/me.sahiljain.tripTracker.addTrip.AddATripFourthWindow: 0:76) (PopupWindow:423e63c8: 0:20)* (SurfaceView: 0:17)* (InputMethod: 0:52)* (PopupWindow:41f673c0: 0:3)* (PopupWindow:41f673c0: 0:3)* 
I/SFPerfTracer(  262):      triggers: (rate: 0:5) (1247066 sw vsyncs) (0 skipped) (5:554709 vsyncs) (7:1937349)
I/ActivityManager( 1042): START u0 {flg=0x4000000 cmp=me.sahiljain.locationstat/me.sahiljain.tripTracker.main.TabMainActivity} from pid 3253
W/ContextImpl( 1260): Calling a method in the system process without a qualified user: android.app.ContextImpl.sendBroadcast:1252 android.content.ContextWrapper.sendBroadcast:365 com.motorola.motocare.util.TriggerHelper$TriggerBuilder.send:76 com.motorola.motocare.internal.frameworkevents.PauseResumeTrigger.handleFrameworkEvent:53 com.motorola.motocare.internal.frameworkevents.FwEventMonitor$FrameworkListener.processFrameworkEvent:114 
W/ActivityManager( 1042): Activity pause timeout for ActivityRecord{4243db18 u0 me.sahiljain.locationstat/me.sahiljain.tripTracker.addTrip.AddATripFourthWindow t364 f}
W/ContextImpl( 1260): Calling a method in the system process without a qualified user: android.app.ContextImpl.sendBroadcast:1252 android.content.ContextWrapper.sendBroadcast:365 com.motorola.motocare.util.TriggerHelper$TriggerBuilder.send:76 com.motorola.motocare.internal.frameworkevents.PauseResumeTrigger.handleFrameworkEvent:53 com.motorola.motocare.internal.frameworkevents.FwEventMonitor$FrameworkListener.processFrameworkEvent:114 
D/WifiService( 1042): acquireWifiLockLocked: WifiLock{NlpWifiLock type=2 binder=android.os.BinderProxy@4228ed00}
I/LaunchCheckinHandler( 1042): Displayed me.sahiljain.locationstat/me.sahiljain.tripTracker.main.TabMainActivity,wp,ca,983
D/WifiService( 1042): releaseWifiLockLocked: WifiLock{NlpWifiLock type=2 binder=android.os.BinderProxy@4228ed00}
I/SFPerfTracer(  262):      triggers: (rate: 0:5) (1247066 sw vsyncs) (0 skipped) (108:554818 vsyncs) (110:1937464)
V/AlarmManager( 1042): sending alarm Alarm{42421e60 type 2 com.google.android.gms}
I/SFPerfTracer(  262):      triggers: (rate: 392:15010) (compose: 0:151) (post: 0:6) (render: 1:652) (0:195115 frames) (1:545265)
D/SFPerfTracer(  262):        layers: (3:11) (DimLayer: 0:73)* (DimLayer: 0:4)* (FocusedStackFrame: 0:7426)* (StatusBar: 0:62909) (NavigationBar: 0:59188) (com.android.systemui.ImageWallpaper: 0:3809)* (DimLayer: 0:2400)* (DimLayer: 0:1741)* (me.sahiljain.locationstat/me.sahiljain.tripTracker.addTrip.AddATripFourthWindow: 0:108)* (me.sahiljain.locationstat/me.sahiljain.tripTracker.addTrip.AddATripFourthWindow: 0:46)* (me.sahiljain.locationstat/me.sahiljain.tripTracker.main.TabMainActivity: 1:24) 
W/ContextImpl( 1260): Calling a method in the system process without a qualified user: android.app.ContextImpl.sendBroadcast:1252 android.content.ContextWrapper.sendBroadcast:365 com.motorola.motocare.util.TriggerHelper$TriggerBuilder.send:76 com.motorola.motocare.internal.frameworkevents.PauseResumeTrigger.handleFrameworkEvent:53 com.motorola.motocare.internal.frameworkevents.FwEventMonitor$FrameworkListener.processFrameworkEvent:114 
W/ContextImpl( 1260): Calling a method in the system process without a qualified user: android.app.ContextImpl.sendBroadcast:1252 android.content.ContextWrapper.sendBroadcast:365 com.motorola.motocare.util.TriggerHelper$TriggerBuilder.send:76 com.motorola.motocare.internal.frameworkevents.PauseResumeTrigger.handleFrameworkEvent:53 com.motorola.motocare.internal.frameworkevents.FwEventMonitor$FrameworkListener.processFrameworkEvent:114 
I/SFPerfTracer(  262):      triggers: (rate: 0:5) (1247066 sw vsyncs) (0 skipped) (55:554911 vsyncs) (57:1937575)
I/ActivityManager( 1042): START u0 {act=android.intent.action.MAIN cat=[android.intent.category.LAUNCHER] flg=0x10200000 cmp=me.sahiljain.locationstat/me.sahiljain.tripTracker.main.TabMainActivity bnds=[270,184][406,330]} from pid 3236
W/ContextImpl( 1260): Calling a method in the system process without a qualified user: android.app.ContextImpl.sendBroadcast:1252 android.content.ContextWrapper.sendBroadcast:365 com.motorola.motocare.util.TriggerHelper$TriggerBuilder.send:76 com.motorola.motocare.internal.frameworkevents.PauseResumeTrigger.handleFrameworkEvent:53 com.motorola.motocare.internal.frameworkevents.FwEventMonitor$FrameworkListener.processFrameworkEvent:114 
W/ContextImpl( 1260): Calling a method in the system process without a qualified user: android.app.ContextImpl.sendBroadcast:1252 android.content.ContextWrapper.sendBroadcast:365 com.motorola.motocare.util.TriggerHelper$TriggerBuilder.send:76 com.motorola.motocare.internal.frameworkevents.PauseResumeTrigger.handleFrameworkEvent:53 com.motorola.motocare.internal.frameworkevents.FwEventMonitor$FrameworkListener.processFrameworkEvent:114 
I/SFPerfTracer(  262):      triggers: (rate: 392:15010) (compose: 0:151) (post: 0:6) (render: 1:652) (15:195167 frames) (16:545377)
D/SFPerfTracer(  262):        layers: (5:11) (DimLayer: 0:73)* (DimLayer: 0:4)* (FocusedStackFrame: 0:7430)* (StatusBar: 13:62946) (NavigationBar: 13:59242) (com.android.systemui.ImageWallpaper: 0:3811) (DimLayer: 0:2400)* (DimLayer: 0:1741)* (me.sahiljain.locationstat/me.sahiljain.tripTracker.main.TabMainActivity: 0:86)* (com.teslacoilsw.launcher/com.android.launcher2.Launcher: 0:21) (Starting me.sahiljain.locationstat: 16:20) 
I/LaunchCheckinHandler( 1042): Displayed me.sahiljain.locationstat/me.sahiljain.tripTracker.main.TabMainActivity,wp,ca,678
W/ProcessCpuTracker( 1042): Skipping unknown process pid 4423
W/ProcessCpuTracker( 1042): Skipping unknown process pid 4424
W/ProcessCpuTracker( 1042): Skipping unknown process pid 4426
W/ProcessCpuTracker( 1042): Skipping unknown process pid 4427
I/SFPerfTracer(  262):      triggers: (rate: 0:5) (1247066 sw vsyncs) (0 skipped) (9:554992 vsyncs) (11:1937681)
V/AlarmManager( 1042): sending alarm Alarm{428e34d8 type 2 com.google.android.gms}
I/SFPerfTracer(  262):      triggers: (rate: 0:5) (1247066 sw vsyncs) (0 skipped) (17:555091 vsyncs) (19:1937798)
V/AlarmManager( 1042): sending alarm Alarm{424205f8 type 2 com.whatsapp}
V/AlarmManager( 1042): sending alarm Alarm{424359f8 type 2 com.google.android.gms}
D/WifiService( 1042): acquireWifiLockLocked: WifiLock{NlpWifiLock type=2 binder=android.os.BinderProxy@424b3c38}
D/WifiService( 1042): releaseWifiLockLocked: WifiLock{NlpWifiLock type=2 binder=android.os.BinderProxy@424b3c38}
W/ContextImpl( 1260): Calling a method in the system process without a qualified user: android.app.ContextImpl.sendBroadcast:1252 android.content.ContextWrapper.sendBroadcast:365 com.motorola.motocare.util.TriggerHelper$TriggerBuilder.send:76 com.motorola.motocare.internal.frameworkevents.ProcessKillTrigger.sendTrigger:147 com.motorola.motocare.internal.frameworkevents.ProcessKillTrigger.handleLmkKill:337 
W/ContextImpl( 1260): Calling a method in the system process without a qualified user: android.app.ContextImpl.sendBroadcast:1252 android.content.ContextWrapper.sendBroadcast:365 com.motorola.motocare.util.TriggerHelper$TriggerBuilder.send:76 com.motorola.motocare.internal.frameworkevents.ProcessKillTrigger.sendTrigger:147 com.motorola.motocare.internal.frameworkevents.ProcessKillTrigger.handleLmkKill:337 
I/PowerManagerService( 1042): Going to sleep due to screen timeout...
I/SFPerfTracer(  262):      triggers: (rate: 392:15010) (compose: 0:151) (post: 0:6) (render: 1:652) (22:195197 frames) (23:545483)
D/SFPerfTracer(  262):        layers: (4:11) (DimLayer: 0:73)* (DimLayer: 0:4)* (FocusedStackFrame: 0:7432)* (StatusBar: 0:62969) (NavigationBar: 0:59245) (com.android.systemui.ImageWallpaper: 0:3812)* (DimLayer: 0:2400)* (DimLayer: 0:1741)* (Starting me.sahiljain.locationstat: 0:33)* (me.sahiljain.locationstat/me.sahiljain.tripTracker.main.TabMainActivity: 0:47) (ElectronBeam: 23:25) 
W/ContextImpl( 1260): Calling a method in the system process without a qualified user: android.app.ContextImpl.sendBroadcast:1252 android.content.ContextWrapper.sendBroadcast:365 com.motorola.motocare.util.TriggerHelper$TriggerBuilder.send:76 com.motorola.motocare.internal.frameworkevents.PauseResumeTrigger.handleFrameworkEvent:53 com.motorola.motocare.internal.frameworkevents.FwEventMonitor$FrameworkListener.processFrameworkEvent:114 
V/AlarmManager( 1042): sending alarm Alarm{424b4fc8 type 2 com.google.android.gms}
V/AlarmManager( 1042): sending alarm Alarm{424b0408 type 0 com.facebook.katana}
V/AlarmManager( 1042): sending alarm Alarm{424ae5a0 type 0 com.facebook.orca}
D/WifiService( 1042): acquireWifiLockLocked: WifiLock{NlpWifiLock type=2 binder=android.os.BinderProxy@424b3c38}
V/AlarmManager( 1042): sending alarm Alarm{424ae0a0 type 3 android}
W/ContextImpl( 1260): Calling a method in the system process without a qualified user: android.app.ContextImpl.startService:1608 android.content.ContextWrapper.startService:494 android.content.ContextWrapper.startService:494 com.motorola.motocare.internal.batterystats.BatteryStatsAction.onReceive:33 android.app.ActivityThread.handleReceiver:2434 
D/WifiService( 1042): releaseWifiLockLocked: WifiLock{NlpWifiLock type=2 binder=android.os.BinderProxy@424b3c38}
V/AlarmManager( 1042): sending alarm Alarm{4230c4c8 type 2 com.android.keyguard}
V/AlarmManager( 1042): sending alarm Alarm{42308c28 type 2 com.google.android.gms}
D/ConnectivityService( 1042): handleInetConditionHoldEnd: net=1, condition=100, published condition=100
V/AlarmManager( 1042): sending alarm Alarm{422124a0 type 2 com.whatsapp}
V/AlarmManager( 1042): sending alarm Alarm{424dd758 type 2 com.motorola.targetnotif}
V/AlarmManager( 1042): sending alarm Alarm{424c0f18 type 2 com.google.android.gms}
D/WifiService( 1042): acquireWifiLockLocked: WifiLock{NlpWifiLock type=2 binder=android.os.BinderProxy@424b3c38}
D/WifiService( 1042): releaseWifiLockLocked: WifiLock{NlpWifiLock type=2 binder=android.os.BinderProxy@424b3c38}
V/AlarmManager( 1042): sending alarm Alarm{4279e750 type 2 com.google.android.gms}
V/AlarmManager( 1042): sending alarm Alarm{425f4b98 type 2 com.google.android.gms}
D/WifiService( 1042): acquireWifiLockLocked: WifiLock{NlpWifiLock type=2 binder=android.os.BinderProxy@424b3c38}
D/WifiService( 1042): releaseWifiLockLocked: WifiLock{NlpWifiLock type=2 binder=android.os.BinderProxy@424b3c38}
V/AlarmManager( 1042): sending alarm Alarm{421a2cd8 type 2 com.google.android.gms}
D/WifiService( 1042): acquireWifiLockLocked: WifiLock{NlpWifiLock type=2 binder=android.os.BinderProxy@424b3c38}
V/AlarmManager( 1042): sending alarm Alarm{4219eb28 type 3 android}
D/WifiService( 1042): releaseWifiLockLocked: WifiLock{NlpWifiLock type=2 binder=android.os.BinderProxy@424b3c38}
V/AlarmManager( 1042): sending alarm Alarm{41901b98 type 2 com.google.android.gms}
D/WifiService( 1042): acquireWifiLockLocked: WifiLock{NlpWifiLock type=2 binder=android.os.BinderProxy@424b3c38}
D/WifiService( 1042): releaseWifiLockLocked: WifiLock{NlpWifiLock type=2 binder=android.os.BinderProxy@424b3c38}
V/AlarmManager( 1042): sending alarm Alarm{4242ba80 type 2 com.google.android.gms}
D/WifiService( 1042): acquireWifiLockLocked: WifiLock{NlpWifiLock type=2 binder=android.os.BinderProxy@424b3c38}
D/WifiService( 1042): releaseWifiLockLocked: WifiLock{NlpWifiLock type=2 binder=android.os.BinderProxy@424b3c38}
V/AlarmManager( 1042): sending alarm Alarm{4192f730 type 3 com.whatsapp}
V/AlarmManager( 1042): sending alarm Alarm{42815c48 type 2 com.facebook.katana}
V/AlarmManager( 1042): sending alarm Alarm{42815c98 type 2 com.facebook.orca}
V/AlarmManager( 1042): sending alarm Alarm{42593128 type 2 com.facebook.orca}
V/AlarmManager( 1042): sending alarm Alarm{42186340 type 2 com.google.android.gms}
D/WifiService( 1042): acquireWifiLockLocked: WifiLock{NlpWifiLock type=2 binder=android.os.BinderProxy@424b3c38}
V/AlarmManager( 1042): sending alarm Alarm{421817f8 type 3 android}
D/WifiService( 1042): releaseWifiLockLocked: WifiLock{NlpWifiLock type=2 binder=android.os.BinderProxy@424b3c38}
V/AlarmManager( 1042): sending alarm Alarm{427fc5e8 type 2 com.google.android.gms}
D/WifiService( 1042): acquireWifiLockLocked: WifiLock{NlpWifiLock type=2 binder=android.os.BinderProxy@4233df68}
D/WifiService( 1042): releaseWifiLockLocked: WifiLock{NlpWifiLock type=2 binder=android.os.BinderProxy@4233df68}
V/AlarmManager( 1042): sending alarm Alarm{4251e598 type 2 com.google.android.gms}
D/WifiService( 1042): acquireWifiLockLocked: WifiLock{NlpWifiLock type=2 binder=android.os.BinderProxy@4233df68}
D/WifiService( 1042): releaseWifiLockLocked: WifiLock{NlpWifiLock type=2 binder=android.os.BinderProxy@4233df68}
D/ConnectivityService( 1042): handleInetConditionHoldEnd: net=1, condition=100, published condition=100
I/ActivityManager( 1042): Process com.truecaller (pid 31903) has died.
W/ActivityManager( 1042): Scheduling restart of crashed service com.truecaller/.service.CallStateService in 1000ms
W/ActivityManager( 1042): Scheduling restart of crashed service com.truecaller/.service.ClipboardService in 11000ms
F/ProcessStats( 1042): Starting service ServiceState{422b1d60 com.truecaller.service.ClipboardService pkg=com.truecaller proc=422b1d60} without owner
F/ProcessStats( 1042): Starting service ServiceState{4211c160 com.truecaller.service.CallStateService pkg=com.truecaller proc=4211c160} without owner
F/ProcessStats( 1042): Starting service ServiceState{422b1d60 com.truecaller.service.ClipboardService pkg=com.truecaller proc=422b1d60} without owner
F/ProcessStats( 1042): Starting service ServiceState{4211c160 com.truecaller.service.CallStateService pkg=com.truecaller proc=4211c160} without owner
I/ActivityManager( 1042): Start proc com.truecaller for service com.truecaller/.service.CallStateService: pid=4723 uid=10097 gids={50097, 3003, 1028, 1015, 3002, 3001}
V/AlarmManager( 1042): sending alarm Alarm{4197e7c8 type 3 android}
I/ActivityManager( 1042): Process com.android.vending (pid 3438) has died.
V/AlarmManager( 1042): sending alarm Alarm{4197d1b0 type 3 android}
V/AlarmManager( 1042): sending alarm Alarm{4197b5b0 type 2 com.google.android.gms}
V/AlarmManager( 1042): sending alarm Alarm{4197aa20 type 2 com.whatsapp}
D/MobileDataStateTracker( 1042): default: setPolicyDataEnable(enabled=true)
D/WifiService( 1042): acquireWifiLockLocked: WifiLock{NlpWifiLock type=2 binder=android.os.BinderProxy@41ffe8a0}
D/WifiService( 1042): releaseWifiLockLocked: WifiLock{NlpWifiLock type=2 binder=android.os.BinderProxy@41ffe8a0}
V/AlarmManager( 1042): sending alarm Alarm{42522658 type 0 com.google.android.gms}
I/ActivityManager( 1042): Waited long enough for: ServiceRecord{426249f0 u0 com.truecaller/.service.PhoneCacheService}
I/ActivityManager( 1042): Process com.android.deskclock (pid 3918) has died.
I/ActivityManager( 1042): Process com.aiteam.bluetoothtogglewidget (pid 31948) has died.
W/ActivityManager( 1042): Scheduling restart of crashed service com.aiteam.bluetoothtogglewidget/.BluetoothToggleService in 1000ms
I/ActivityManager( 1042): Start proc com.aiteam.bluetoothtogglewidget for service com.aiteam.bluetoothtogglewidget/.BluetoothToggleService: pid=4791 uid=10115 gids={50115, 3002, 3001, 1028, 1015}
V/NotificationService( 1042): notifications are disabled by AppOps for com.facebook.katana
E/NotificationService( 1042): Suppressing notification from package com.facebook.katana by user request.
V/AlarmManager( 1042): sending alarm Alarm{42520dc0 type 2 com.google.android.gms}
D/WifiService( 1042): acquireWifiLockLocked: WifiLock{NlpWifiLock type=2 binder=android.os.BinderProxy@41e8c7d0}
D/WifiService( 1042): releaseWifiLockLocked: WifiLock{NlpWifiLock type=2 binder=android.os.BinderProxy@41e8c7d0}
V/AlarmManager( 1042): sending alarm Alarm{42672140 type 2 com.whatsapp}
V/AlarmManager( 1042): sending alarm Alarm{42677528 type 2 com.google.android.gms}
D/WifiService( 1042): acquireWifiLockLocked: WifiLock{NlpWifiLock type=2 binder=android.os.BinderProxy@41e8c7d0}
D/WifiService( 1042): releaseWifiLockLocked: WifiLock{NlpWifiLock type=2 binder=android.os.BinderProxy@41e8c7d0}
W/ContextImpl( 1260): Calling a method in the system process without a qualified user: android.app.ContextImpl.sendBroadcast:1252 android.content.ContextWrapper.sendBroadcast:365 com.motorola.motocare.util.TriggerHelper$TriggerBuilder.send:76 com.motorola.motocare.internal.frameworkevents.ProcessKillTrigger.sendTrigger:147 com.motorola.motocare.internal.frameworkevents.ProcessKillTrigger.handleLmkKill:337 
W/ContextImpl( 1260): Calling a method in the system process without a qualified user: android.app.ContextImpl.sendBroadcast:1252 android.content.ContextWrapper.sendBroadcast:365 com.motorola.motocare.util.TriggerHelper$TriggerBuilder.send:76 com.motorola.motocare.internal.frameworkevents.ProcessKillTrigger.sendTrigger:147 com.motorola.motocare.internal.frameworkevents.ProcessKillTrigger.handleLmkKill:337 
W/ContextImpl( 1260): Calling a method in the system process without a qualified user: android.app.ContextImpl.sendBroadcast:1252 android.content.ContextWrapper.sendBroadcast:365 com.motorola.motocare.util.TriggerHelper$TriggerBuilder.send:76 com.motorola.motocare.internal.frameworkevents.ProcessKillTrigger.sendTrigger:147 com.motorola.motocare.internal.frameworkevents.ProcessKillTrigger.handleLmkKill:337 
W/ContextImpl( 1260): Calling a method in the system process without a qualified user: android.app.ContextImpl.sendBroadcast:1252 android.content.ContextWrapper.sendBroadcast:365 com.motorola.motocare.util.TriggerHelper$TriggerBuilder.send:76 com.motorola.motocare.internal.frameworkevents.ProcessKillTrigger.sendTrigger:147 com.motorola.motocare.internal.frameworkevents.ProcessKillTrigger.handleLmkKill:337 
V/AlarmManager( 1042): sending alarm Alarm{41967e78 type 3 android}
V/AlarmManager( 1042): sending alarm Alarm{41967f70 type 2 com.google.android.gms}
D/WifiService( 1042): acquireWifiLockLocked: WifiLock{NlpWifiLock type=2 binder=android.os.BinderProxy@41e8c7d0}
D/WifiService( 1042): releaseWifiLockLocked: WifiLock{NlpWifiLock type=2 binder=android.os.BinderProxy@41e8c7d0}
V/AlarmManager( 1042): sending alarm Alarm{4279f398 type 2 com.google.android.googlequicksearchbox}
V/AlarmManager( 1042): sending alarm Alarm{4279e750 type 0 android}
V/BackupManagerService( 1042): Running a backup pass
V/BackupManagerService( 1042): clearing pending backups
V/PerformBackupTask( 1042): Beginning backup of 2 targets
I/ActivityManager( 1042): Start proc com.android.providers.calendar for content provider com.android.providers.calendar/.CalendarProvider2: pid=4854 uid=10007 gids={50007, 3003, 1028, 1015}
D/PerformBackupTask( 1042): invokeAgentForBackup on @pm@
I/PerformBackupTask( 1042): no backup data written; not calling transport
D/PerformBackupTask( 1042): starting agent for backup of BackupRequest{pkg=com.google.android.googlequicksearchbox}
I/ActivityManager( 1042): Start proc com.google.android.googlequicksearchbox for backup com.google.android.googlequicksearchbox/com.android.launcher3.LauncherBackupAgentHelper: pid=4874 uid=10043 gids={50043, 3003, 3001, 1028, 3002, 1015}
D/BackupManagerService( 1042): awaiting agent for ApplicationInfo{42833658 com.google.android.googlequicksearchbox}
D/BackupManagerService( 1042): agentConnected pkg=com.google.android.googlequicksearchbox agent=android.os.BinderProxy@422cd928
I/BackupManagerService( 1042): got agent android.app.IBackupAgent$Stub$Proxy@4263ba70
D/PerformBackupTask( 1042): invokeAgentForBackup on com.google.android.googlequicksearchbox
D/BackupManagerService( 1042): Now staging backup of com.google.android.googlequicksearchbox
I/PerformBackupTask( 1042): no backup data written; not calling transport
D/PerformBackupTask( 1042): starting agent for backup of BackupRequest{pkg=android}
D/BackupManagerService( 1042): awaiting agent for ApplicationInfo{41d42198 android}
D/BackupManagerService( 1042): agentConnected pkg=android agent=android.app.backup.BackupAgent$BackupServiceBinder@42329e00
I/BackupManagerService( 1042): got agent android.app.backup.BackupAgent$BackupServiceBinder@42329e00
D/PerformBackupTask( 1042): invokeAgentForBackup on android
I/ActivityManager( 1042): Process com.google.android.inputmethod.latin (pid 4137) has died.
I/ActivityManager( 1042): Start proc com.android.calendar for broadcast com.android.calendar/.alerts.AlertReceiver: pid=4890 uid=10006 gids={50006, 3003}
I/ActivityManager( 1042): Start proc com.motorola.context for broadcast com.motorola.context/.publisher.calendar.CalendarReceiver: pid=4910 uid=10010 gids={50010, 3001, 3002, 3003}
I/ActivityManager( 1042): Process com.google.android.gms (pid 2479) has died.
I/PerformBackupTask( 1042): Backup pass finished.
--------- beginning of /dev/log/main
I/GlobalDismissManager( 4890): no sender configured
D/AlertService( 4890): Beginning updateAlertNotification
D/AlertService( 4890): No fired or scheduled alerts
D/AlertService( 4890): Scheduling next alarm with AlarmScheduler. sEventReminderReceived: null
D/AlarmScheduler( 4890): Query result count for events starting within 1 week: 3
V/AlarmManager( 1042): sending alarm Alarm{4220e048 type 2 com.motorola.ccc.cce}
D/CCE     ( 2433): Registering with Alarm Manager to restart CCE
W/BroadcastQueue( 1042): Permission Denial: broadcasting Intent { act=com.motorola.ccc.cce.alarmintent flg=0x14 (has extras) } from com.motorola.ccc.cce (pid=-1, uid=10000) is not exported from uid 10112 due to receiver com.motorola.targetnotif/com.motorola.blur.service.blur.StartupReceiver
V/AlarmManager( 1042): sending alarm Alarm{4220dcf8 type 2 com.google.android.gms}
D/WifiService( 1042): acquireWifiLockLocked: WifiLock{NlpWifiLock type=2 binder=android.os.BinderProxy@41e8c7d0}
D/WifiStateMachine( 1042): handleMessage: E msg.what=131143
D/WifiStateMachine( 1042): processMsg: ConnectedState
D/WifiStateMachine( 1042): processMsg: L2ConnectedState
I/wpa_supplicant(10830): wlan0: CTRL-EVENT-SCAN-STARTED 
D/MDMCTBK (  364): reply_len: 40 reply is = IFNAME=wlan0 <3>CTRL-EVENT-SCAN-STARTED 
D/MDMCTBK (  364): Event received = CTRL-EVENT-SCAN-STARTED 
D/WifiStateMachine( 1042): handleMessage: X
D/MDMCTBK (  364): reply_len: 40 reply is = IFNAME=wlan0 <3>CTRL-EVENT-BSS-REMOVED 2
D/MDMCTBK (  364): Event received = CTRL-EVENT-BSS-REMOVED 2
D/MDMCTBK (  364): reply_len: 40 reply is = IFNAME=wlan0 <3>CTRL-EVENT-SCAN-RESULTS 
D/MDMCTBK (  364): Event received = CTRL-EVENT-SCAN-RESULTS 
D/WifiStateMachine( 1042): handleMessage: E msg.what=147461
D/WifiStateMachine( 1042): processMsg: ConnectedState
D/WifiStateMachine( 1042): processMsg: L2ConnectedState
D/WifiStateMachine( 1042): processMsg: ConnectModeState
D/WifiStateMachine( 1042): processMsg: DriverStartedState
D/WifiStateMachine( 1042): processMsg: SupplicantStartedState
D/TCMD    (  602): NL - Read 56 bytes from update socket.
D/TCMD    (  602): NL - message type is RTM_NEWLINK
D/TCMD    (  602): Listening for incoming client connection request
D/WifiStateMachine( 1042): handleMessage: X
D/LocationFilter(11534): Forcing stable location. Original location:Location[fused 19.134833,72.868453 acc=38 et=+6d5h2m23s881ms] because connected WiFi network is the same, bssid=ec:22:80:55:dc:d8
D/WifiService( 1042): releaseWifiLockLocked: WifiLock{NlpWifiLock type=2 binder=android.os.BinderProxy@41e8c7d0}
V/AlarmManager( 1042): sending alarm Alarm{4250fab0 type 2 com.google.android.gms}
D/WifiService( 1042): acquireWifiLockLocked: WifiLock{NlpWifiLock type=2 binder=android.os.BinderProxy@41e8c7d0}
D/WifiStateMachine( 1042): handleMessage: E msg.what=131143
D/WifiStateMachine( 1042): processMsg: ConnectedState
D/WifiStateMachine( 1042): processMsg: L2ConnectedState
I/wpa_supplicant(10830): wlan0: CTRL-EVENT-SCAN-STARTED 
