I/ActivityManager( 1042): Start proc com.android.providers.calendar for content provider com.android.providers.calendar/.CalendarProvider2: pid=2800 uid=10007 gids={50007, 3003, 1028, 1015}
I/ActivityManager( 1042): Start proc com.motorola.context for broadcast com.motorola.context/.publisher.calendar.CalendarReceiver: pid=2826 uid=10010 gids={50010, 3001, 3002, 3003}
I/ActivityManager( 1042): Process com.google.android.apps.plus (pid 2627) has died.
W/ActivityManager( 1042): Activity destroy timeout for ActivityRecord{4243db18 u0 me.sahiljain.locationstat/me.sahiljain.tripTracker.addTrip.AddATripThirdWindow t363 f}
W/ActivityManager( 1042): Activity destroy timeout for ActivityRecord{4247d4c0 u0 me.sahiljain.locationstat/me.sahiljain.tripTracker.addTrip.AddATripFourthWindow t363 f}
V/AlarmManager( 1042): sending alarm Alarm{427ffa08 type 2 com.google.android.gms}
V/AlarmManager( 1042): sending alarm Alarm{427f89d0 type 2 com.facebook.orca}
D/WifiService( 1042): acquireWifiLockLocked: WifiLock{NlpWifiLock type=2 binder=android.os.BinderProxy@4285d5b8}
D/WifiService( 1042): releaseWifiLockLocked: WifiLock{NlpWifiLock type=2 binder=android.os.BinderProxy@4285d5b8}
I/PowerManagerService( 1042): Going to sleep due to screen timeout...
I/SFPerfTracer(  262):      triggers: (rate: 0:5) (1246864 sw vsyncs) (0 skipped) (23:553496 vsyncs) (25:1935594)
I/SFPerfTracer(  262):      triggers: (rate: 391:14989) (compose: 0:150) (post: 0:6) (render: 1:649) (22:194731 frames) (23:544415)
D/SFPerfTracer(  262):        layers: (5:11) (DimLayer: 0:73)* (DimLayer: 0:4)* (FocusedStackFrame: 0:7395)* (StatusBar: 0:62811) (NavigationBar: 0:59085) (com.android.systemui.ImageWallpaper: 0:3804)* (DimLayer: 0:2347) (DimLayer: 0:1729)* (me.sahiljain.locationstat/me.sahiljain.tripTracker.addTrip.AddATripThirdWindow: 0:131)* (Application Error: me.sahiljain.locationstat: 0:33) (ElectronBeam: 23:25) 
W/ContextImpl( 1260): Calling a method in the system process without a qualified user: android.app.ContextImpl.sendBroadcast:1252 android.content.ContextWrapper.sendBroadcast:365 com.motorola.motocare.util.TriggerHelper$TriggerBuilder.send:76 com.motorola.motocare.internal.frameworkevents.PauseResumeTrigger.handleFrameworkEvent:53 com.motorola.motocare.internal.frameworkevents.FwEventMonitor$FrameworkListener.processFrameworkEvent:114 
W/ActivityManager( 1042): Activity pause timeout for ActivityRecord{41ab7988 u0 me.sahiljain.locationstat/me.sahiljain.tripTracker.addTrip.AddATripSecondWindow t363}
I/PowerManagerService( 1042): Waking up from sleep...
I/WindowManager( 1042): No lock screen! windowToken=null
D/DisplayPowerController( 1042): Unblocked screen on after 535646606 ms
W/ContextImpl( 1260): Calling a method in the system process without a qualified user: android.app.ContextImpl.sendBroadcast:1252 android.content.ContextWrapper.sendBroadcast:365 com.motorola.motocare.util.TriggerHelper$TriggerBuilder.send:76 com.motorola.motocare.internal.frameworkevents.PauseResumeTrigger.handleFrameworkEvent:53 com.motorola.motocare.internal.frameworkevents.FwEventMonitor$FrameworkListener.processFrameworkEvent:114 
W/ContextImpl( 1260): Calling a method in the system process without a qualified user: android.app.ContextImpl.startService:1608 android.content.ContextWrapper.startService:494 android.content.ContextWrapper.startService:494 com.motorola.motocare.internal.batterystats.BatteryStatsAction.onReceive:33 android.app.ActivityThread.handleReceiver:2434 
I/ActivityManager( 1042): Process me.sahiljain.locationstat (pid 2602) has died.
I/WindowState( 1042): WIN DEATH: Window{4266ae18 u0 me.sahiljain.locationstat/me.sahiljain.tripTracker.addTrip.AddATripSecondWindow}
W/ActivityManager( 1042): Service crashed 2 times, stopping: ServiceRecord{42825b48 u0 me.sahiljain.locationstat/.notificationService.NotificationService}
I/WindowState( 1042): WIN DEATH: Window{4276a530 u0 me.sahiljain.locationstat/me.sahiljain.tripTracker.addTrip.AddATripThirdWindow}
I/ActivityManager( 1042): Start proc me.sahiljain.locationstat for activity me.sahiljain.locationstat/me.sahiljain.tripTracker.addTrip.AddATripSecondWindow: pid=2929 uid=10244 gids={50244, 3003, 1028, 1015}
W/ContextImpl( 1260): Calling a method in the system process without a qualified user: android.app.ContextImpl.sendBroadcast:1252 android.content.ContextWrapper.sendBroadcast:365 com.motorola.motocare.util.TriggerHelper$TriggerBuilder.send:76 com.motorola.motocare.internal.frameworkevents.PauseResumeTrigger.handleFrameworkEvent:53 com.motorola.motocare.internal.frameworkevents.FwEventMonitor$FrameworkListener.processFrameworkEvent:114 
W/ContextImpl( 1260): Calling a method in the system process without a qualified user: android.app.ContextImpl.startService:1608 android.content.ContextWrapper.startService:494 android.content.ContextWrapper.startService:494 com.motorola.motocare.internal.batterystats.BatteryStatsAction.onReceive:33 android.app.ActivityThread.handleReceiver:2434 
W/ActivityThread( 2929): ClassLoader.loadClass: The class loader returned by Thread.getContextClassLoader() may fail for processes that host multiple applications. You should explicitly specify a context class loader. For example: Thread.setContextClassLoader(getClass().getClassLoader());
V/AlarmManager( 1042): sending alarm Alarm{425faf18 type 2 com.android.keyguard}
W/InputMethodManagerService( 1042): Got RemoteException sending setActive(false) notification to pid 2602 uid 10244
D/WifiService( 1042): acquireWifiLockLocked: WifiLock{NlpWifiLock type=2 binder=android.os.BinderProxy@4285d5b8}
V/AlarmManager( 1042): sending alarm Alarm{42593200 type 2 com.google.android.gms}
I/SFPerfTracer(  262):      triggers: (rate: 0:5) (1246919 sw vsyncs) (0 skipped) (17:553522 vsyncs) (19:1935697)
D/WifiService( 1042): releaseWifiLockLocked: WifiLock{NlpWifiLock type=2 binder=android.os.BinderProxy@4285d5b8}
V/AlarmManager( 1042): sending alarm Alarm{4297efa8 type 2 com.google.android.gms}
D/WifiService( 1042): acquireWifiLockLocked: WifiLock{NlpWifiLock type=2 binder=android.os.BinderProxy@4285d5b8}
D/WifiService( 1042): releaseWifiLockLocked: WifiLock{NlpWifiLock type=2 binder=android.os.BinderProxy@4285d5b8}
I/SFPerfTracer(  262):      triggers: (rate: 0:5) (1246919 sw vsyncs) (0 skipped) (17:553606 vsyncs) (19:1935804)
I/ActivityManager( 1042): START u0 {act=android.intent.action.MAIN cat=[android.intent.category.HOME] flg=0x10200000 cmp=com.teslacoilsw.launcher/com.android.launcher2.Launcher} from pid 1042
W/ContextImpl( 1260): Calling a method in the system process without a qualified user: android.app.ContextImpl.sendBroadcast:1252 android.content.ContextWrapper.sendBroadcast:365 com.motorola.motocare.util.TriggerHelper$TriggerBuilder.send:76 com.motorola.motocare.internal.frameworkevents.PauseResumeTrigger.handleFrameworkEvent:53 com.motorola.motocare.internal.frameworkevents.FwEventMonitor$FrameworkListener.processFrameworkEvent:114 
W/ContextImpl( 1260): Calling a method in the system process without a qualified user: android.app.ContextImpl.sendBroadcast:1252 android.content.ContextWrapper.sendBroadcast:365 com.motorola.motocare.util.TriggerHelper$TriggerBuilder.send:76 com.motorola.motocare.internal.frameworkevents.PauseResumeTrigger.handleFrameworkEvent:53 com.motorola.motocare.internal.frameworkevents.FwEventMonitor$FrameworkListener.processFrameworkEvent:114 
I/LaunchCheckinHandler( 1042): Displayed com.teslacoilsw.launcher/com.android.launcher2.Launcher,wp,wa,354
I/SFPerfTracer(  262):      triggers: (rate: 391:14991) (compose: 0:151) (post: 0:6) (render: 1:650) (13:194757 frames) (14:544527)
D/SFPerfTracer(  262):        layers: (3:14) (DimLayer: 0:73)* (DimLayer: 0:4)* (FocusedStackFrame: 0:7399)* (StatusBar: 0:62823) (NavigationBar: 9:59102) (com.android.systemui.ImageWallpaper: 1:3805)* (DimLayer: 0:2355)* (DimLayer: 0:1729)* (me.sahiljain.locationstat/me.sahiljain.tripTracker.addTrip.AddATripThirdWindow: 0:131)* (Application Error: me.sahiljain.locationstat: 0:44)* (ElectronBeam: 0:27)* (Starting me.sahiljain.locationstat: 0:17)* (me.sahiljain.locationstat/me.sahiljain.tripTracker.addTrip.AddATripSecondWindow: 0:52) (com.teslacoilsw.launcher/com.android.launcher2.Launcher: 14:14)* 
I/SFPerfTracer(  262):      triggers: (rate: 0:5) (1246919 sw vsyncs) (0 skipped) (48:553705 vsyncs) (50:1935911)
W/ContextImpl( 1260): Calling a method in the system process without a qualified user: android.app.ContextImpl.sendBroadcast:1252 android.content.ContextWrapper.sendBroadcast:365 com.motorola.motocare.util.TriggerHelper$TriggerBuilder.send:76 com.motorola.motocare.internal.frameworkevents.ProcessKillTrigger.sendTrigger:147 com.motorola.motocare.internal.frameworkevents.ProcessKillTrigger.handleLmkKill:337 
W/ContextImpl( 1260): Calling a method in the system process without a qualified user: android.app.ContextImpl.sendBroadcast:1252 android.content.ContextWrapper.sendBroadcast:365 com.motorola.motocare.util.TriggerHelper$TriggerBuilder.send:76 com.motorola.motocare.internal.frameworkevents.ProcessKillTrigger.sendTrigger:147 com.motorola.motocare.internal.frameworkevents.ProcessKillTrigger.handleLmkKill:337 
W/ContextImpl( 1260): Calling a method in the system process without a qualified user: android.app.ContextImpl.sendBroadcast:1252 android.content.ContextWrapper.sendBroadcast:365 com.motorola.motocare.util.TriggerHelper$TriggerBuilder.send:76 com.motorola.motocare.internal.frameworkevents.ProcessKillTrigger.sendTrigger:147 com.motorola.motocare.internal.frameworkevents.ProcessKillTrigger.handleLmkKill:337 
V/AlarmManager( 1042): sending alarm Alarm{424f2880 type 2 com.google.android.gms}
D/WifiService( 1042): acquireWifiLockLocked: WifiLock{NlpWifiLock type=2 binder=android.os.BinderProxy@42616088}
D/WifiService( 1042): releaseWifiLockLocked: WifiLock{NlpWifiLock type=2 binder=android.os.BinderProxy@42616088}
I/ActivityManager( 1042): Start proc com.android.defcontainer for service com.android.defcontainer/.DefaultContainerService: pid=3118 uid=10012 gids={50012, 1028, 1015, 1023, 2001, 1035}
W/ActivityManager( 1042): No content provider found for permission revoke: file:///data/local/tmp/me.sahiljain.locationstat
W/ActivityManager( 1042): No content provider found for permission revoke: file:///data/local/tmp/me.sahiljain.locationstat
I/PackageManager( 1042): Copying native libraries to /data/app-lib/vmdl582254014
I/ActivityManager( 1042): Force stopping me.sahiljain.locationstat appid=10244 user=-1: uninstall pkg
I/ActivityManager( 1042): Killing 2929:me.sahiljain.locationstat/u0a244 (adj 7): stop me.sahiljain.locationstat
W/ContextImpl( 1260): Calling a method in the system process without a qualified user: android.app.ContextImpl.sendBroadcast:1252 android.content.ContextWrapper.sendBroadcast:365 com.motorola.motocare.util.TriggerHelper$TriggerBuilder.send:76 com.motorola.motocare.internal.frameworkevents.ProcessKillTrigger.sendTrigger:147 com.motorola.motocare.internal.frameworkevents.ProcessKillTrigger.handleFrameworkEvent:164 
I/ActivityManager( 1042):   Force finishing activity ActivityRecord{41933b20 u0 me.sahiljain.locationstat/me.sahiljain.tripTracker.main.TabMainActivity t363}
I/ActivityManager( 1042):   Force finishing activity ActivityRecord{41a8b908 u0 me.sahiljain.locationstat/me.sahiljain.tripTracker.addTrip.AddATripFirstWindow t363}
I/ActivityManager( 1042):   Force finishing activity ActivityRecord{41ab7988 u0 me.sahiljain.locationstat/me.sahiljain.tripTracker.addTrip.AddATripSecondWindow t363}
I/WindowState( 1042): WIN DEATH: Window{429028c0 u0 me.sahiljain.locationstat/me.sahiljain.tripTracker.addTrip.AddATripSecondWindow}
I/PackageManager( 1042): Package me.sahiljain.locationstat codePath changed from /data/app/me.sahiljain.locationstat-2.apk to /data/app/me.sahiljain.locationstat-1.apk; Retaining data and using new
I/ActivityManager( 1042): Force stopping me.sahiljain.locationstat appid=10244 user=-1: update pkg
W/PackageManager( 1042): Code path for pkg : me.sahiljain.locationstat changing from /data/app/me.sahiljain.locationstat-2.apk to /data/app/me.sahiljain.locationstat-1.apk
W/PackageManager( 1042): Resource path for pkg : me.sahiljain.locationstat changing from /data/app/me.sahiljain.locationstat-2.apk to /data/app/me.sahiljain.locationstat-1.apk
W/PackageManager( 1042): Unknown permission com.motorola.permission.AAB_LAUNCH_BROADCAST_PERMISSION in package com.android.contacts
W/PackageManager( 1042): Unknown permission com.android.smspush.WAPPUSH_MANAGER_BIND in package com.android.phone
W/PackageManager( 1042): Unknown permission com.motorola.permission.BROADCAST_MIP_ERROR in package com.android.phone
W/PackageManager( 1042): Unknown permission android.permission.SYSTEM_ERROR_WINDOW in package com.motorola.demomode
W/PackageManager( 1042): Unknown permission android.permission.SYSTEM_OVERLAY_WINDOW in package com.motorola.demomode
W/PackageManager( 1042): Unknown permission android.permission.WRITE_SDCARD in package com.motorola.demomode
W/PackageManager( 1042): Unknown permission com.motorola.android.permission.PORTALAPP_LOCAL in package com.motorola.demomode
W/PackageManager( 1042): Unknown permission com.motorola.audiomonitor.permission.RETAILMODE in package com.motorola.demomode
W/PackageManager( 1042): Unknown permission com.motorola.audiomonitor.permission.STATE_CONTROL in package com.motorola.demomode
W/PackageManager( 1042): Unknown permission com.android.vending.billing.IBillingAccountService.BIND2 in package com.google.android.gsf.login
W/PackageManager( 1042): Not granting permission android.permission.READ_LOGS to package com.motorola.mesh (protectionLevel=50 flags=0x88be45)
W/PackageManager( 1042): Unknown permission com.motorola.simulplay.logging in package com.motorola.mesh
W/PackageManager( 1042): Not granting permission android.permission.READ_LOGS to package com.nolanlawson.logcat (protectionLevel=50 flags=0x88be44)
W/PackageManager( 1042): Unknown permission android.permission.ACCESS_SUPERUSER in package com.nolanlawson.logcat
W/PackageManager( 1042): Unknown permission com.motorola.messaging.permission.MESSAGE_SETTINGS_PROVIDER in package com.motorola.programmenu
W/PackageManager( 1042): Unknown permission com.motorola.phoneaddons.permission.USE_PHONEADDON in package com.motorola.programmenu
W/PackageManager( 1042): Unknown permission android.permission.ACCESS_USB in package com.motorola.programmenu
W/PackageManager( 1042): Unknown permission com.motorola.permission.ENTITLEMENT in package com.motorola.programmenu
W/PackageManager( 1042): Not granting permission com.motorola.permission.ACCESS_CHECKIN to package com.motorola.targetnotif (protectionLevel=18 flags=0x98be44)
W/PackageManager( 1042): Not granting permission com.motorola.permission.WRITE_SECURE_SETTINGS to package com.motorola.targetnotif (protectionLevel=18 flags=0x98be44)
W/PackageManager( 1042): Unknown permission com.motorola.ccc.plm.permission.READPROVIDER in package com.motorola.targetnotif
W/PackageManager( 1042): Unknown permission android.permission.BODY_SENSORS in package com.motorola.targetnotif
W/PackageManager( 1042): Unknown permission android.permission.INSTALL_DRM in package com.android.mms
W/PackageManager( 1042): Not granting permission android.permission.MANAGE_DOCUMENTS to package com.android.mms (protectionLevel=2 flags=0x4088be65)
W/PackageManager( 1042): Unknown permission android.permission.RECOVERY in package com.google.android.gms
W/PackageManager( 1042): Not granting permission android.permission.READ_DREAM_STATE to package com.google.android.gms (protectionLevel=2 flags=0x40c83ec5)
W/PackageManager( 1042): Unknown permission android.permission.PROVIDE_TRUST_AGENT in package com.google.android.gms
W/PackageManager( 1042): Unknown permission com.google.android.apps.enterprise.dmagent.permission.AutoSyncPermission in package com.google.android.gms
W/PackageManager( 1042): Unknown permission android.permission.MANAGE_VOICE_KEYPHRASES in package com.google.android.gms
W/PackageManager( 1042): Unknown permission android.permission.REAL_GET_TASKS in package com.google.android.gms
W/PackageManager( 1042): Unknown permission android.permission.READ_WIFI_CREDENTIAL in package com.google.android.gms
W/PackageManager( 1042): Unknown permission android.permission.CONTROL_INCALL_EXPERIENCE in package com.google.android.gms
W/PackageManager( 1042): Unknown permission android.permission.USER_ACTIVITY in package com.google.android.gms
W/PackageManager( 1042): Unknown permission com.google.android.wearable.READ_SETTINGS in package com.google.android.gms
W/PackageManager( 1042): Unknown permission android.permission.BODY_SENSORS in package com.google.android.gms
W/PackageManager( 1042): Unknown permission com.android.voicemail.permission.READ_VOICEMAIL in package com.google.android.gms
W/PackageManager( 1042): Not granting permission android.permission.FORCE_STOP_PACKAGES to package com.google.android.gms (protectionLevel=18 flags=0x40c83ec5)
W/PackageManager( 1042): Unknown permission com.google.android.gallery3d.permission.PICASA_STORE in package com.android.dreams.phototable
W/PackageManager( 1042): Unknown permission android.permission.WRITE_INTERNAL_STORAGE in package com.fivehundredpx.viewer
W/PackageManager( 1042): Unknown permission android.permission.READ_OWNER_DATA in package com.google.android.setupwizard
W/PackageManager( 1042): Unknown permission android.permission.WRITE_OWNER_DATA in package com.google.android.setupwizard
W/PackageManager( 1042): Not granting permission android.permission.DEVICE_POWER to package com.motorola.deviceauthenticator (protectionLevel=2 flags=0x40883e45)
W/PackageManager( 1042): Unknown permission com.motorola.fingerprintsensor.permission.FINGERPRINT_SENSOR in package com.android.settings
W/PackageManager( 1042): Unknown permission com.google.android.voicesearch.SHORTCUTS_ACCESS in package com.google.android.googlequicksearchbox
W/PackageManager( 1042): Unknown permission com.google.android.voicesearch.ACCESS_SETTINGS in package com.google.android.googlequicksearchbox
W/PackageManager( 1042): Unknown permission com.android.browser.permission.PRELOAD in package com.google.android.googlequicksearchbox
W/PackageManager( 1042): Unknown permission com.google.android.ears.permission.WRITE in package com.google.android.googlequicksearchbox
W/PackageManager( 1042): Not granting permission android.permission.INTERACT_ACROSS_USERS to package com.google.android.googlequicksearchbox (protectionLevel=50 flags=0x40dbbec5)
W/PackageManager( 1042): Unknown permission android.permission.REAL_GET_TASKS in package com.google.android.googlequicksearchbox
W/PackageManager( 1042): Unknown permission com.google.android.apps.googlevoice.permission.AUTO_SEND in package com.google.android.googlequicksearchbox
W/PackageManager( 1042): Unknown permission android.permission.MANAGE_VOICE_KEYPHRASES in package com.google.android.googlequicksearchbox
W/PackageManager( 1042): Unknown permission com.android.chrome.PRERENDER_URL in package com.google.android.googlequicksearchbox
W/PackageManager( 1042): Unknown permission com.google.android.launcher.permission.CONTENT_REDIRECT in package com.google.android.googlequicksearchbox
W/PackageManager( 1042): Unknown permission com.motorola.permission.ACCESS_WIFI_AUTONOMOUS in package com.motorola.context
W/PackageManager( 1042): Unknown permission com.motorola.slpc.permission.BIND_SERVICE in package com.motorola.context
W/PackageManager( 1042): Unknown permission com.facebook.pages.app.provider.ACCESS in package com.facebook.katana
W/PackageManager( 1042): Not granting permission android.permission.BATTERY_STATS to package com.facebook.katana (protectionLevel=18 flags=0xc83e44)
W/PackageManager( 1042): Unknown permission com.sec.android.provider.badge.permission.READ in package com.facebook.katana
W/PackageManager( 1042): Unknown permission com.sec.android.provider.badge.permission.WRITE in package com.facebook.katana
W/PackageManager( 1042): Unknown permission com.htc.launcher.permission.READ_SETTINGS in package com.facebook.katana
W/PackageManager( 1042): Unknown permission com.htc.launcher.permission.UPDATE_SHORTCUT in package com.facebook.katana
W/PackageManager( 1042): Unknown permission com.sonyericsson.home.permission.BROADCAST_BADGE in package com.facebook.katana
W/PackageManager( 1042): Unknown permission com.facebook.home.permission.WRITE_BADGES in package com.facebook.katana
W/PackageManager( 1042): Unknown permission com.nokia.pushnotifications.permission.RECEIVE in package com.facebook.katana
W/PackageManager( 1042): Unknown permission com.amazon.device.messaging.permission.RECEIVE in package com.facebook.katana
W/PackageManager( 1042): Unknown permission com.intsig.camscanner.Account in package com.intsig.camscanner
W/PackageManager( 1042): Unknown permission com.sonymobile.permission.CAMERA_ADDON in package com.intsig.camscanner
W/PackageManager( 1042): Not granting permission android.permission.READ_LOGS to package org.jtb.alogcat (protectionLevel=50 flags=0x88be44)
W/PackageManager( 1042): Unknown permission com.motorola.audiomonitor.permission.LOCAL in package com.motorola.contextual.smartrules2
W/PackageManager( 1042): Unknown permission android.permission.WRITE_INTERNAL_STORAGE in package com.freecharge.android
W/PackageManager( 1042): Unknown permission com.cequint.ecid.CALLER_ID_LOOKUP in package com.android.dialer
W/PackageManager( 1042): Unknown permission com.motorola.driveactivator.ACCESS_CIDBLOCK in package com.motorola.ccc.ota
W/PackageManager( 1042): Unknown permission android.permission.WRITE_SYNC_STATS in package com.google.android.apps.docs
W/PackageManager( 1042): Not granting permission android.permission.MOUNT_UNMOUNT_FILESYSTEMS to package com.xcs.fbvideos (protectionLevel=18 flags=0x88be44)
W/PackageManager( 1042): Unknown permission com.google.android.apps.now.REMOTE_ACCESS in package com.google.android.wearable.app
W/PackageManager( 1042): Not granting permission com.google.android.gm.permission.AUTO_SEND to package com.google.android.wearable.app (protectionLevel=2 flags=0x883e44)
W/PackageManager( 1042): Unknown permission com.google.android.remotesearch.REMOTE_SEARCH_ACCESS in package com.google.android.wearable.app
W/PackageManager( 1042): Unknown permission com.motorola.permission.ACCESS_ADAM in package com.motorola.bach.modemstats
W/PackageManager( 1042): Unknown permission com.motorola.permission.MODIFY_ADAM in package com.motorola.bach.modemstats
W/PackageManager( 1042): Not granting permission android.permission.BIND_DEVICE_ADMIN to package com.motorola.ccc.devicemanagement (protectionLevel=2 flags=0x4088be45)
W/PackageManager( 1042): Not granting permission android.permission.BIND_APPWIDGET to package com.teslacoilsw.launcher (protectionLevel=18 flags=0xc8be44)
W/PackageManager( 1042): Unknown permission com.htc.launcher.permission.READ_SETTINGS in package com.teslacoilsw.launcher
W/PackageManager( 1042): Unknown permission com.cyanogenmod.trebuchet.permission.READ_SETTINGS in package com.teslacoilsw.launcher
W/PackageManager( 1042): Unknown permission org.adw.launcher.permission.READ_SETTINGS in package com.teslacoilsw.launcher
W/PackageManager( 1042): Unknown permission org.adwfreak.launcher.permission.READ_SETTINGS in package com.teslacoilsw.launcher
W/PackageManager( 1042): Unknown permission com.anddoes.launcher.permission.READ_SETTINGS in package com.teslacoilsw.launcher
W/PackageManager( 1042): Unknown permission com.android.launcher3.permission.READ_SETTINGS in package com.teslacoilsw.launcher
W/PackageManager( 1042): Not granting permission com.google.android.launcher.permission.READ_SETTINGS to package com.teslacoilsw.launcher because it was previously installed without
W/PackageManager( 1042): Unknown permission com.motorola.permission.ACCESS_WIFI_AUTONOMOUS in package com.motorola.motocit
W/PackageManager( 1042): Unknown permission com.motorola.driveactivator.ACCESS_CIDBLOCK in package com.motorola.motocit
W/PackageManager( 1042): Unknown permission android.permission.BODY_SENSORS in package com.motorola.motocit
W/PackageManager( 1042): Unknown permission android.permission.REGISTER_CONNECTION_MANAGER in package com.google.android.talk
W/PackageManager( 1042): Unknown permission com.motorola.permission.SET_NAVBAR_BACKGROUNDCOLOR in package com.motorola.MotGallery2
W/PackageManager( 1042): Unknown permission com.motorola.blast.permission.TRIGGER_BLAST_ACTION in package com.motorola.MotGallery2
W/PackageManager( 1042): Unknown permission android.permission.INSTALL_SHORTCUT in package com.whatsapp
W/PackageManager( 1042): Unknown permission android.permission.STORAGE in package com.whatsapp
W/PackageManager( 1042): Unknown permission com.sec.android.provider.badge.permission.READ in package com.whatsapp
W/PackageManager( 1042): Unknown permission com.sec.android.provider.badge.permission.WRITE in package com.whatsapp
W/PackageManager( 1042): Unknown permission com.motorola.permission.CONNMO_SETTINGS in package com.motorola.android.dm.service
W/PackageManager( 1042): Not granting permission android.permission.CHANGE_CONFIGURATION to package com.surpax.ledflashlight.panel (protectionLevel=50 flags=0x8be44)
W/PackageManager( 1042): Not granting permission android.permission.WRITE_SECURE_SETTINGS to package com.motorola.camera (protectionLevel=50 flags=0x40c8bec5)
W/PackageManager( 1042): Unknown permission com.motorola.audiomonitor.permission.BROADCAST_RECEIVER in package com.motorola.camera
W/PackageManager( 1042): Unknown permission com.motorola.permission.SET_NAVBAR_BACKGROUNDCOLOR in package com.motorola.camera
W/PackageManager( 1042): Unknown permission android.permission.MMS_PUSH in package org.codeaurora.bluetooth
W/PackageManager( 1042): Unknown permission com.motorola.blur.service.email.Permissions.ACTION_SEND in package com.motorola.setup
W/PackageManager( 1042): Unknown permission com.motorola.blur.contacts.permission.SOCIAL_CONTACT_WRITE in package com.motorola.setup
W/PackageManager( 1042): Unknown permission com.motorola.blur.contacts.permission.SOCIAL_CONTACT_READ in package com.motorola.setup
W/PackageManager( 1042): Unknown permission android.permission.READ_OWNER_DATA in package com.motorola.setup
W/PackageManager( 1042): Unknown permission android.permission.WRITE_OWNER_DATA in package com.motorola.setup
W/PackageManager( 1042): Unknown permission com.motorola.blur.service.email.Permissions.INTERACT in package com.motorola.setup
W/PackageManager( 1042): Unknown permission com.motorola.digitalpersonalization.permission.READ_CREDENTIALS in package com.motorola.setup
W/PackageManager( 1042): Unknown permission com.motorola.setupwizard.controller.permission.UPDATE_CONTROLLER in package com.motorola.setup
W/PackageManager( 1042): Unknown permission com.motorola.setup.permission.REPORT_BUA_SYNC_STATUS in package com.motorola.setup
W/PackageManager( 1042): Not granting permission android.permission.BATTERY_STATS to package com.facebook.orca (protectionLevel=18 flags=0x8c3e44)
W/PackageManager( 1042): Unknown permission com.sec.android.provider.badge.permission.READ in package com.facebook.orca
W/PackageManager( 1042): Unknown permission com.sec.android.provider.badge.permission.WRITE in package com.facebook.orca
W/PackageManager( 1042): Unknown permission com.htc.launcher.permission.READ_SETTINGS in package com.facebook.orca
W/PackageManager( 1042): Unknown permission com.htc.launcher.permission.UPDATE_SHORTCUT in package com.facebook.orca
W/PackageManager( 1042): Unknown permission com.sonyericsson.home.permission.BROADCAST_BADGE in package com.facebook.orca
W/PackageManager( 1042): Unknown permission com.facebook.home.permission.WRITE_BADGES in package com.facebook.orca
W/PackageManager( 1042): Unknown permission com.nokia.pushnotifications.permission.RECEIVE in package com.facebook.orca
W/PackageManager( 1042): Unknown permission com.amazon.device.messaging.permission.RECEIVE in package com.facebook.orca
W/PackageManager( 1042): Unknown permission com.swiftkey.swiftkeyconfigurator.READCONFIG in package com.touchtype.swiftkey
W/PackageManager( 1042): Unknown permission com.swiftkey.languageprovider.READLANG in package com.touchtype.swiftkey
W/PackageManager( 1042): Unknown permission com.qualcomm.permission.ACCESS_LOCATION_API in package com.qualcomm.location
W/PackageManager( 1042): Not granting permission com.android.gallery3d.filtershow.permission.READ to package com.google.android.apps.plus (protectionLevel=2 flags=0xd8bec5)
W/PackageManager( 1042): Not granting permission com.android.gallery3d.filtershow.permission.WRITE to package com.google.android.apps.plus (protectionLevel=2 flags=0xd8bec5)
W/PackageManager( 1042): Unknown permission com.google.android.gallery3d.permission.PICASA_STORE in package com.google.android.apps.plus
W/PackageManager( 1042): Unknown permission android.permission.REAL_GET_TASKS in package com.android.vending
W/PackageManager( 1042): Not granting permission android.permission.SEND_DOWNLOAD_COMPLETED_INTENTS to package com.android.vending (protectionLevel=2 flags=0x408abec5)
W/PackageManager( 1042): Unknown permission android.permission.SEND_SMS_NO_CONFIRMATION in package com.android.vending
W/PackageManager( 1042): Not granting permission android.permission.FORCE_STOP_PACKAGES to package com.android.vending (protectionLevel=18 flags=0x408abec5)
W/PackageManager( 1042): Unknown permission com.motorola.digitalpersonalization.permission.READ_CREDENTIALS in package com.motorola.ccc.cce
W/PackageManager( 1042): Unknown permission com.google.android.email.permission.READ_ATTACHMENT in package com.google.android.gm
W/PackageManager( 1042): Unknown permission com.google.android.email.permission.ACCESS_PROVIDER in package com.google.android.gm
W/PackageManager( 1042): Not granting permission android.permission.MANAGE_DOCUMENTS to package com.google.android.youtube (protectionLevel=2 flags=0x983ec5)
W/PackageManager( 1042): Not granting permission android.permission.DEVICE_POWER to package com.android.deskclock (protectionLevel=2 flags=0x40c8be45)
W/PackageManager( 1042): Not granting permission android.permission.READ_DREAM_STATE to package com.google.android.gsf (protectionLevel=2 flags=0x40883e45)
W/PackageManager( 1042): Unknown permission motorola.sprint.permission.READ_OMADM_RUNTIME_DATA in package com.android.keyguard
W/PackageManager( 1042): Unknown permission motorola.sprint.permission.WRITE_OMADM_RUNTIME_DATA in package com.android.keyguard
W/PackageManager( 1042): Unknown permission com.motorola.fingerprintsensor.permission.FINGERPRINT_SENSOR in package com.android.keyguard
W/PackageManager( 1042): Unknown permission com.chrome.permission.DEVICE_EXTRAS in package com.android.chrome
W/PackageManager( 1042): Unknown permission com.sec.enterprise.knox.MDM_CONTENT_PROVIDER in package com.android.chrome
I/ActivityManager( 1042): Force stopping me.sahiljain.locationstat appid=10244 user=0: pkg removed
I/ActivityManager( 1042): Start proc com.android.launcher for broadcast com.android.launcher/com.android.launcher2.PackageChangedReceiver: pid=3142 uid=10028 gids={50028, 1028}
I/PackageManager( 1042): Adding preferred activity ComponentInfo{com.android.mms/com.android.mms.ui.ComposeMessageActivity} for user 0 :
I/PackageManager( 1042): Adding preferred activity ComponentInfo{com.android.mms/com.android.mms.ui.ComposeMessageActivity} for user 0 :
I/PackageManager( 1042): Adding preferred activity ComponentInfo{com.android.mms/com.android.mms.ui.ComposeMessageActivity} for user 0 :
I/PackageManager( 1042): Adding preferred activity ComponentInfo{com.android.mms/com.android.mms.ui.ComposeMessageActivity} for user 0 :
I/PackageManager( 1042): Adding preferred activity ComponentInfo{com.android.mms/com.android.mms.ui.ComposeMessageActivity} for user 0 :
I/PackageManager( 1042): Adding preferred activity ComponentInfo{com.android.mms/com.android.mms.ui.ComposeMessageActivity} for user 0 :
I/PackageManager( 1042): Adding preferred activity ComponentInfo{com.android.mms/com.android.mms.ui.ComposeMessageActivity} for user 0 :
D/BackupManagerService( 1042): Received broadcast Intent { act=android.intent.action.PACKAGE_REMOVED dat=package:me.sahiljain.locationstat flg=0x4000010 (has extras) }
I/PackageManager( 1042): Adding preferred activity ComponentInfo{com.android.mms/com.android.mms.ui.ComposeMessageActivity} for user 0 :
D/BackupManagerService( 1042): Received broadcast Intent { act=android.intent.action.PACKAGE_ADDED dat=package:me.sahiljain.locationstat flg=0x4000010 (has extras) }
V/BackupManagerService( 1042): removePackageParticipantsLocked: uid=10244 #1
V/BackupManagerService( 1042): addPackageParticipantsLocked: #1
I/PackageManager( 1042): Adding preferred activity ComponentInfo{com.android.mms/com.android.mms.ui.ComposeMessageActivity} for user 0 :
I/PackageManager( 1042): Adding preferred activity ComponentInfo{com.android.mms/com.android.mms.ui.ComposeMessageActivity} for user 0 :
I/PackageManager( 1042): Adding preferred activity ComponentInfo{com.android.mms/com.android.mms.ui.ComposeMessageActivity} for user 0 :
I/ActivityManager( 1042): Start proc com.motorola.MotGallery2 for broadcast com.motorola.MotGallery2/com.android.gallery3d.app.PackagesMonitor: pid=3156 uid=10032 gids={50032, 3003, 1028, 1015}
I/PackageManager( 1042): Adding preferred activity ComponentInfo{com.android.mms/com.android.mms.ui.ComposeMessageActivity} for user 0 :
I/PackageManager( 1042): Adding preferred activity ComponentInfo{com.android.mms/com.android.mms.ui.ComposeMessageActivity} for user 0 :
I/PackageManager( 1042): Adding preferred activity ComponentInfo{com.android.mms/com.android.mms.ui.ComposeMessageActivity} for user 0 :
I/PackageManager( 1042): Adding preferred activity ComponentInfo{com.android.mms/com.android.mms.ui.ComposeMessageActivity} for user 0 :
I/PackageManager( 1042): Adding preferred activity ComponentInfo{com.android.mms/com.android.mms.ui.ComposeMessageActivity} for user 0 :
I/ActivityManager( 1042): Start proc com.android.keychain for broadcast com.android.keychain/.KeyChainBroadcastReceiver: pid=3169 uid=1000 gids={41000, 1028, 1015, 3002, 3001, 3003, 1021, 3004, 3005, 1000, 3009, 1023, 1010, 1004, 2002, 3006}
I/PackageManager( 1042): Adding preferred activity ComponentInfo{com.android.mms/com.android.mms.ui.ComposeMessageActivity} for user 0 :
W/ContextImpl( 3169): Calling a method in the system process without a qualified user: android.app.ContextImpl.startService:1608 android.content.ContextWrapper.startService:494 android.content.ContextWrapper.startService:494 com.android.keychain.KeyChainBroadcastReceiver.onReceive:12 android.app.ActivityThread.handleReceiver:2434 
I/PackageManager( 1042): Adding preferred activity ComponentInfo{com.android.mms/com.android.mms.ui.ComposeMessageActivity} for user 0 :
I/PackageManager( 1042): Adding preferred activity ComponentInfo{com.android.mms/com.android.mms.ui.ComposeMessageActivity} for user 0 :
I/ActivityManager( 1042): Start proc com.android.vending for broadcast com.android.vending/com.google.android.finsky.receivers.PackageMonitorReceiver$RegisteredReceiver: pid=3186 uid=10036 gids={50036, 3003, 1028, 1015}
I/PackageManager( 1042): Adding preferred activity ComponentInfo{com.android.mms/com.android.mms.ui.ComposeMessageActivity} for user 0 :
I/PackageManager( 1042): Adding preferred activity ComponentInfo{com.android.mms/com.android.mms.ui.ComposeMessageActivity} for user 0 :
I/PackageManager( 1042): Adding preferred activity ComponentInfo{com.android.mms/com.android.mms.ui.ComposeMessageActivity} for user 0 :
I/PackageManager( 1042): Adding preferred activity ComponentInfo{com.android.mms/com.android.mms.ui.ComposeMessageActivity} for user 0 :
I/PackageManager( 1042): Adding preferred activity ComponentInfo{com.android.mms/com.android.mms.ui.ComposeMessageActivity} for user 0 :
I/SFPerfTracer(  262):      triggers: (rate: 0:5) (1246919 sw vsyncs) (0 skipped) (2:553780 vsyncs) (4:1936014)
I/ActivityManager( 1042): Start proc com.google.android.apps.plus for broadcast com.google.android.apps.plus/.service.PackagesMediaMonitor: pid=3231 uid=10082 gids={50082, 3003, 3002, 1028, 1015}
I/ActivityManager( 1042): Force stopping me.sahiljain.locationstat appid=10244 user=-1: set debug app
I/ActivityManager( 1042): START u0 {act=android.intent.action.MAIN cat=[android.intent.category.LAUNCHER] flg=0x10000000 cmp=me.sahiljain.locationstat/me.sahiljain.tripTracker.main.TabMainActivity} from pid 3200
W/ContextImpl( 1260): Calling a method in the system process without a qualified user: android.app.ContextImpl.sendBroadcast:1252 android.content.ContextWrapper.sendBroadcast:365 com.motorola.motocare.util.TriggerHelper$TriggerBuilder.send:76 com.motorola.motocare.internal.frameworkevents.PauseResumeTrigger.handleFrameworkEvent:53 com.motorola.motocare.internal.frameworkevents.FwEventMonitor$FrameworkListener.processFrameworkEvent:114 
I/ActivityManager( 1042): Start proc me.sahiljain.locationstat for activity me.sahiljain.locationstat/me.sahiljain.tripTracker.main.TabMainActivity: pid=3253 uid=10244 gids={50244, 3003, 1028, 1015}
W/ContextImpl( 1260): Calling a method in the system process without a qualified user: android.app.ContextImpl.sendBroadcast:1252 android.content.ContextWrapper.sendBroadcast:365 com.motorola.motocare.util.TriggerHelper$TriggerBuilder.send:76 com.motorola.motocare.internal.frameworkevents.PauseResumeTrigger.handleFrameworkEvent:53 com.motorola.motocare.internal.frameworkevents.FwEventMonitor$FrameworkListener.processFrameworkEvent:114 
W/ActivityThread( 3253): Application me.sahiljain.locationstat is waiting for the debugger on port 8100...
I/SFPerfTracer(  262):      triggers: (rate: 391:14991) (compose: 0:151) (post: 0:6) (render: 1:650) (0:194786 frames) (1:544627)
D/SFPerfTracer(  262):        layers: (6:12) (DimLayer: 0:73)* (DimLayer: 0:4)* (FocusedStackFrame: 0:7400)* (StatusBar: 1:62858) (NavigationBar: 1:59125) (com.android.systemui.ImageWallpaper: 0:3806) (DimLayer: 0:2355)* (DimLayer: 0:1729)* (me.sahiljain.locationstat/me.sahiljain.tripTracker.addTrip.AddATripSecondWindow: 0:76)* (com.teslacoilsw.launcher/com.android.launcher2.Launcher: 0:64) (Starting me.sahiljain.locationstat: 1:13) (Waiting For Debugger: me.sahiljain.locationstat: 1:7) 
V/AlarmManager( 1042): sending alarm Alarm{4275f0d8 type 3 android}
I/ActivityManager( 1042): Killing 2416:com.android.calendar/u0a6 (adj 15): empty #9
W/ContextImpl( 1260): Calling a method in the system process without a qualified user: android.app.ContextImpl.sendBroadcast:1252 android.content.ContextWrapper.sendBroadcast:365 com.motorola.motocare.util.TriggerHelper$TriggerBuilder.send:76 com.motorola.motocare.internal.frameworkevents.ProcessKillTrigger.sendTrigger:147 com.motorola.motocare.internal.frameworkevents.ProcessKillTrigger.handleFrameworkEvent:164 
I/ActivityManager( 1042): Start proc com.google.android.apps.docs for broadcast com.google.android.apps.docs/.receivers.AppPackageAddRemoveReceiver: pid=3283 uid=10057 gids={50057, 3003, 1028, 1015}
I/ActivityManager( 1042): Process com.facebook.orca (pid 29251) has died.
W/ActivityManager( 1042): Scheduling restart of crashed service com.facebook.orca/com.facebook.push.mqtt.service.MqttPushService in 1000ms
I/SFPerfTracer(  262):      triggers: (rate: 391:14994) (compose: 0:151) (post: 0:6) (render: 1:652) (16:194812 frames) (17:544657)
D/SFPerfTracer(  262):        layers: (5:11) (DimLayer: 0:73)* (DimLayer: 0:4)* (FocusedStackFrame: 0:7401)* (StatusBar: 1:62864) (NavigationBar: 0:59129) (com.android.systemui.ImageWallpaper: 0:3807)* (DimLayer: 0:2361) (DimLayer: 0:1729)* (com.teslacoilsw.launcher/com.android.launcher2.Launcher: 0:64)* (Starting me.sahiljain.locationstat: 0:20) (Waiting For Debugger: me.sahiljain.locationstat: 17:32) 
I/ActivityManager( 1042): Start proc com.facebook.katana:dash for broadcast com.facebook.katana/com.facebook.dash.receivers.DashPackageUninstallReceiver: pid=3319 uid=10121 gids={50121, 1028, 1015, 3003}
I/ActivityManager( 1042): Start proc com.facebook.orca for service com.facebook.orca/com.facebook.push.mqtt.service.MqttPushService: pid=3343 uid=10123 gids={50123, 3003, 1028, 1015}
I/ActivityManager( 1042): Killing 2826:com.motorola.context/u0a10 (adj 15): empty #9
W/ContextImpl( 1260): Calling a method in the system process without a qualified user: android.app.ContextImpl.sendBroadcast:1252 android.content.ContextWrapper.sendBroadcast:365 com.motorola.motocare.util.TriggerHelper$TriggerBuilder.send:76 com.motorola.motocare.internal.frameworkevents.ProcessKillTrigger.sendTrigger:147 com.motorola.motocare.internal.frameworkevents.ProcessKillTrigger.handleFrameworkEvent:164 
D/WifiService( 1042): acquireWifiLockLocked: WifiLock{NlpWifiLock type=2 binder=android.os.BinderProxy@41ffd8e8}
I/ActivityManager( 1042): Killing 2800:com.android.providers.calendar/u0a7 (adj 15): empty #9
W/ContextImpl( 1260): Calling a method in the system process without a qualified user: android.app.ContextImpl.sendBroadcast:1252 android.content.ContextWrapper.sendBroadcast:365 com.motorola.motocare.util.TriggerHelper$TriggerBuilder.send:76 com.motorola.motocare.internal.frameworkevents.ProcessKillTrigger.sendTrigger:147 com.motorola.motocare.internal.frameworkevents.ProcessKillTrigger.handleFrameworkEvent:164 
I/ActivityManager( 1042): Process com.whatsapp (pid 28406) has died.
W/ActivityManager( 1042): Scheduling restart of crashed service com.whatsapp/.messaging.MessageService in 1000ms
I/LaunchCheckinHandler( 1042): Displayed me.sahiljain.locationstat/me.sahiljain.tripTracker.main.TabMainActivity,cp,ca,3750
D/WifiService( 1042): releaseWifiLockLocked: WifiLock{NlpWifiLock type=2 binder=android.os.BinderProxy@41ffd8e8}
I/SFPerfTracer(  262):      triggers: (rate: 0:5) (1246919 sw vsyncs) (0 skipped) (12:553863 vsyncs) (14:1936126)
I/ActivityManager( 1042): Start proc com.whatsapp for service com.whatsapp/.messaging.MessageService: pid=3389 uid=10117 gids={50117, 3002, 3003, 1028, 1015}
I/ActivityManager( 1042): Process com.android.vending (pid 3186) has died.
I/PowerManagerService( 1042): Going to sleep due to screen timeout...
D/WifiService( 1042): New client listening to asynchronous messages
V/AlarmManager( 1042): sending alarm Alarm{4332cbb8 type 3 com.whatsapp}
I/ActivityManager( 1042): Start proc com.google.android.partnersetup for broadcast com.google.android.partnersetup/.RlzPingBroadcastReceiver: pid=3419 uid=10024 gids={50024, 3003}
W/ContextImpl( 1260): Calling a method in the system process without a qualified user: android.app.ContextImpl.sendBroadcast:1252 android.content.ContextWrapper.sendBroadcast:365 com.motorola.motocare.util.TriggerHelper$TriggerBuilder.send:76 com.motorola.motocare.internal.frameworkevents.PauseResumeTrigger.handleFrameworkEvent:53 com.motorola.motocare.internal.frameworkevents.FwEventMonitor$FrameworkListener.processFrameworkEvent:114 
I/ActivityManager( 1042): Start proc com.android.vending for broadcast com.android.vending/com.google.android.finsky.receivers.PackageMonitorReceiver$RegisteredReceiver: pid=3438 uid=10036 gids={50036, 3003, 1028, 1015}
I/ActivityManager( 1042): Killing 3142:com.android.launcher/u0a28 (adj 15): empty #9
W/ContextImpl( 1260): Calling a method in the system process without a qualified user: android.app.ContextImpl.sendBroadcast:1252 android.content.ContextWrapper.sendBroadcast:365 com.motorola.motocare.util.TriggerHelper$TriggerBuilder.send:76 com.motorola.motocare.internal.frameworkevents.ProcessKillTrigger.sendTrigger:147 com.motorola.motocare.internal.frameworkevents.ProcessKillTrigger.handleFrameworkEvent:164 
I/ActivityManager( 1042): Process com.google.android.googlequicksearchbox:search (pid 2346) has died.
D/WifiService( 1042): Client connection lost with reason: 4
V/AlarmManager( 1042): sending alarm Alarm{4251a9d0 type 3 com.whatsapp}
I/ActivityManager( 1042): Start proc com.google.android.googlequicksearchbox:search for broadcast com.google.android.googlequicksearchbox/com.google.android.search.core.icingsync.IcingCorporaChangedReceiver: pid=3501 uid=10043 gids={50043, 3003, 3001, 1028, 3002, 1015}
I/ActivityManager( 1042): Start proc com.android.launcher for broadcast com.android.launcher/com.android.launcher2.PackageChangedReceiver: pid=3527 uid=10028 gids={50028, 1028}
D/WifiService( 1042): Client connection lost with reason: 4
I/ActivityManager( 1042): Process com.facebook.katana:dash (pid 3319) has died.
I/ActivityManager( 1042): Start proc com.google.android.apps.magazines for broadcast com.google.android.apps.magazines/com.google.apps.dots.android.app.receiver.FirstInstallNotificationReceiver: pid=3559 uid=10071 gids={50071, 3003, 1028, 1015}
W/ActivityThread( 2479): ClassLoader.loadClass: The class loader returned by Thread.getContextClassLoader() may fail for processes that host multiple applications. You should explicitly specify a context class loader. For example: Thread.setContextClassLoader(getClass().getClassLoader());
I/ActivityManager( 1042): Process com.android.keychain (pid 3169) has died.
I/ActivityManager( 1042): Process com.google.android.partnersetup (pid 3419) has died.
I/ActivityManager( 1042): Start proc com.motorola.context for broadcast com.motorola.context/.engine.mediator.MediatorReceiver: pid=3627 uid=10010 gids={50010, 3001, 3002, 3003}
I/ActivityManager( 1042): Start proc com.google.android.apps.cloudprint for broadcast com.google.android.apps.cloudprint/.printdialog.receivers.UpgradeBroadcastReceiver: pid=3643 uid=10055 gids={50055, 3003, 1028}
I/ActivityManager( 1042): Start proc com.cleartrip.android for broadcast com.cleartrip.android/.receiver.ClearDataReceiver: pid=3657 uid=10135 gids={50135, 3003, 1028, 1015}
W/ContextImpl( 1260): Calling a method in the system process without a qualified user: android.app.ContextImpl.startService:1608 android.content.ContextWrapper.startService:494 android.content.ContextWrapper.startService:494 com.motorola.motocare.internal.batterystats.BatteryStatsAction.onReceive:33 android.app.ActivityThread.handleReceiver:2434 
I/ActivityManager( 1042): Process com.google.android.apps.docs (pid 3283) has died.
I/ActivityManager( 1042): Process com.google.android.apps.magazines (pid 3559) has died.
V/AlarmManager( 1042): sending alarm Alarm{42977410 type 2 com.google.android.talk}
V/AlarmManager( 1042): sending alarm Alarm{42974c60 type 2 com.google.android.talk}
V/AlarmManager( 1042): sending alarm Alarm{42973838 type 2 com.google.android.talk}
V/AlarmManager( 1042): sending alarm Alarm{429b88f8 type 2 com.facebook.orca}
V/AlarmManager( 1042): sending alarm Alarm{42973670 type 2 com.android.keyguard}
V/AlarmManager( 1042): sending alarm Alarm{42970268 type 0 com.facebook.katana}
W/BroadcastQueue( 1042): Permission Denial: broadcasting Intent { act=android.net.conn.INET_CONDITION_ACTION flg=0x4000010 (has extras) } from null (pid=-1, uid=-1) requires com.facebook.permission.prod.FB_APP_COMMUNICATION due to registered receiver BroadcastFilter{41f04360 u0 ReceiverList{41b7c260 3343 com.facebook.orca/10123/u0 remote:41b91490}}
W/BroadcastQueue( 1042): Permission Denial: broadcasting Intent { act=android.net.conn.CONNECTIVITY_CHANGE flg=0x4000010 (has extras) } from null (pid=-1, uid=-1) requires com.facebook.permission.prod.FB_APP_COMMUNICATION due to registered receiver BroadcastFilter{41f04360 u0 ReceiverList{41b7c260 3343 com.facebook.orca/10123/u0 remote:41b91490}}
I/ActivityManager( 1042): Process com.google.android.apps.plus (pid 3231) has died.
W/BroadcastQueue( 1042): Permission Denial: broadcasting Intent { act=android.net.conn.CONNECTIVITY_CHANGE flg=0x4000010 (has extras) } from null (pid=-1, uid=-1) requires com.facebook.permission.prod.FB_APP_COMMUNICATION due to registered receiver BroadcastFilter{423b41c8 u0 ReceiverList{423b5dc0 3343 com.facebook.orca/10123/u0 remote:423f8018}}
V/AlarmManager( 1042): sending alarm Alarm{41c063f8 type 2 com.facebook.orca}
V/AlarmManager( 1042): sending alarm Alarm{41bd2ba8 type 2 com.facebook.katana}
V/AlarmManager( 1042): sending alarm Alarm{41bd29c0 type 0 com.android.vending}
I/ActivityManager( 1042): Process com.android.launcher (pid 3527) has died.
V/AlarmManager( 1042): sending alarm Alarm{41970688 type 2 com.google.android.gms}
V/AlarmManager( 1042): sending alarm Alarm{41959868 type 2 com.whatsapp}
D/WifiService( 1042): acquireWifiLockLocked: WifiLock{NlpWifiLock type=2 binder=android.os.BinderProxy@421ed9c0}
D/WifiService( 1042): releaseWifiLockLocked: WifiLock{NlpWifiLock type=2 binder=android.os.BinderProxy@421ed9c0}
V/AlarmManager( 1042): sending alarm Alarm{428a8a18 type 2 com.google.android.gms}
V/AlarmManager( 1042): sending alarm Alarm{428970d0 type 2 com.google.android.talk}
V/AlarmManager( 1042): sending alarm Alarm{428b6c40 type 2 com.google.android.gms}
D/WifiService( 1042): acquireWifiLockLocked: WifiLock{NlpWifiLock type=2 binder=android.os.BinderProxy@421ed9c0}
D/WifiService( 1042): releaseWifiLockLocked: WifiLock{NlpWifiLock type=2 binder=android.os.BinderProxy@421ed9c0}
D/WifiService( 1042): New client listening to asynchronous messages
V/AlarmManager( 1042): sending alarm Alarm{42fef018 type 3 com.google.android.googlequicksearchbox}
V/AlarmManager( 1042): sending alarm Alarm{42fcdca8 type 2 com.google.android.wearable.app}
I/ActivityManager( 1042): Process com.motorola.context (pid 3627) has died.
V/AlarmManager( 1042): sending alarm Alarm{42832410 type 2 com.google.android.talk}
V/AlarmManager( 1042): sending alarm Alarm{42896c48 type 2 com.google.android.talk}
V/AlarmManager( 1042): sending alarm Alarm{42896c98 type 2 com.whatsapp}
V/AlarmManager( 1042): sending alarm Alarm{42785cb8 type 3 android}
