D/MDMCTBK (  364): reply_len: 40 reply is = IFNAME=wlan0 <3>CTRL-EVENT-SCAN-STARTED 
D/MDMCTBK (  364): Event received = CTRL-EVENT-SCAN-STARTED 
D/WifiStateMachine( 1042): handleMessage: X
D/MDMCTBK (  364): reply_len: 40 reply is = IFNAME=wlan0 <3>CTRL-EVENT-SCAN-RESULTS 
D/MDMCTBK (  364): Event received = CTRL-EVENT-SCAN-RESULTS 
D/WifiStateMachine( 1042): handleMessage: E msg.what=147461
D/WifiStateMachine( 1042): processMsg: ConnectedState
D/WifiStateMachine( 1042): processMsg: L2ConnectedState
D/WifiStateMachine( 1042): processMsg: ConnectModeState
D/WifiStateMachine( 1042): processMsg: DriverStartedState
D/WifiStateMachine( 1042): processMsg: SupplicantStartedState
D/TCMD    (  602): NL - Read 56 bytes from update socket.
D/TCMD    (  602): NL - message type is RTM_NEWLINK
D/TCMD    (  602): Listening for incoming client connection request
D/WifiStateMachine( 1042): handleMessage: X
D/LocationFilter(11534): Forcing stable location. Original location:Location[fused 19.134833,72.868453 acc=38 et=+6d5h2m43s890ms] because connected WiFi network is the same, bssid=ec:22:80:55:dc:d8
D/WifiService( 1042): releaseWifiLockLocked: WifiLock{NlpWifiLock type=2 binder=android.os.BinderProxy@41e8c7d0}
V/AlarmManager( 1042): sending alarm Alarm{4279e198 type 3 android}
V/AlarmManager( 1042): sending alarm Alarm{427990d8 type 2 com.google.android.gms}
V/AlarmManager( 1042): sending alarm Alarm{427a3478 type 2 com.google.android.gms}
I/AonLTInterfaceService( 1260): AodLT package version: 1000000
I/PowerManagerService( 1042): Waking up from sleep...
D/WifiService( 1042): acquireWifiLockLocked: WifiLock{NlpWifiLock type=2 binder=android.os.BinderProxy@41e8c7d0}
D/WifiStateMachine( 1042): handleMessage: E msg.what=131143
D/WifiStateMachine( 1042): processMsg: ConnectedState
D/WifiStateMachine( 1042): processMsg: L2ConnectedState
I/wpa_supplicant(10830): wlan0: CTRL-EVENT-SCAN-STARTED 
D/MDMCTBK (  364): reply_len: 40 reply is = IFNAME=wlan0 <3>CTRL-EVENT-SCAN-STARTED 
D/MDMCTBK (  364): Event received = CTRL-EVENT-SCAN-STARTED 
D/WifiStateMachine( 1042): handleMessage: X
I/AonLTInterfaceService( 1260): AodLT package version: 1000000
V/KeyguardServiceDelegate( 1042): onScreenTurnedOn(showListener = com.android.internal.policy.impl.PhoneWindowManager$20@42404a00)
D/KeyguardHostView( 1120): showSecurityScreen(None)
D/KeyguardHostView( 1120): getSecurityView(None)
E/Sensors ( 1042): CT406 set ALS poll interval: 1000
I/AonLTInterfaceService( 1260): AodLT package version: 1000000
D/WifiStateMachine( 1042): handleScreenStateChanged: true
D/WifiStateMachine( 1042): handleMessage: E msg.what=131154
D/WifiStateMachine( 1042): processMsg: ConnectedState
D/WifiStateMachine( 1042): processMsg: L2ConnectedState
V/KeyguardServiceDelegate( 1042): **** SHOWN CALLED ****
I/WindowManager( 1042): Lock screen displayed!
D/DisplayPowerController( 1042): Unblocked screen on after 536584776 ms
D/PowerManagerService-JNI( 1042): Excessive delay in setInteractive(true) while turning screen on: 117ms
D/audio_hw_primary(  268): adev_set_parameters: enter: screen_state=on
V/msm8974_platform(  268): platform_set_parameters: enter: screen_state=on
V/msm8974_platform(  268): platform_set_parameters: exit with code(-2)
E/audio_a2dp_hw(  268): adev_set_parameters: ERROR: set param called even when stream out is null
D/SurfaceFlinger(  262): Screen acquired, type=0 flinger=0xb7afd450
D/qdhwcomposer(  262): hwc_blank: Unblanking display: 0
D/SBar.MSimNetwCntrl( 1120): updateTelephonySignalStrength[0]: iconList[iconLevel]=7f020299/zz_moto_stat_sys_signal_4_fully_wide iconLevel=4 mMSimMobileInetCondition=1 mMSimMobileInetConditionSB=1
D/SBar.MSimNetwCntrl( 1120): updateDataIcon[0]: subscription=0
D/SBar.MSimNetwCntrl( 1120): updateDataIcon[0]: dataSub=0
D/SBar.MSimNetwCntrl( 1120): updateDataIcon[0]: SimState=READY
I/SBar.MSimNetwCntrl( 1120): notifySignalsChangedCallbacks[0]: isEmergencyOnly(0)=false enabled=true sim=(none)="(empty)" signal=zz_moto_stat_sys_signal_4_fully_wide="Phone signal full." roaming=(none)="Not roaming."
I/SBar.MSimNetwCntrl( 1120):  type=(none)="3.5G" activity=(none)="(empty)"
I/SBar.MSimNetwCntrl( 1120):  slot=1="1" network="Vodafone IN"
I/SBar.MSimNetwCntrl( 1120): refreshSignalCluster[0]: wifi: mWifiConnected=true Wifi=zz_moto_stat_sys_wifi_signal_4_fully_wide Activity=zz_moto_stat_sys_wifi_inout_wide in=false out=false Accessibility="Wifi signal full."
I/SBar.MSimNetwCntrl( 1120): refreshSignalCluster[0]: mobile: Signal=zz_moto_stat_sys_signal_4_fully_wide Roaming=(none) mMSimSimIconId[0]=(none) Accessibility="Phone signal full.","Not roaming.",""
I/SBar.MSimNetwCntrl( 1120): refreshSignalCluster[0]: mobile: mMSimHasMobileDataFeature[0]=true DataTypeShown=(none) Activity=(none) in=false out=false Accessibility="3.5G"
D/qdhwcomposer(  262): hwc_blank: Done unblanking display: 0
D/SurfaceControl( 1042): Excessive delay in unblankDisplay() while turning screen on: 167ms
I/SFPerfTracer(  262):      triggers: (rate: 0:5) (1247211 sw vsyncs) (0 skipped) (0:555147 vsyncs) (145:1938016)
D/Ulp_jni ( 1042): JNI:system_update. Event-0
D/TCMD    (  602): NL - Read 56 bytes from update socket.
D/TCMD    (  602): NL - message type is RTM_NEWLINK
D/TCMD    (  602): Listening for incoming client connection request
D/MDMCTBK (  364): reply_len: 40 reply is = IFNAME=wlan0 <3>CTRL-EVENT-BSS-ADDED 228
D/MDMCTBK (  364): Event received = CTRL-EVENT-BSS-ADDED 228
D/MDMCTBK (  364): reply_len: 40 reply is = IFNAME=wlan0 <3>CTRL-EVENT-SCAN-RESULTS 
D/MDMCTBK (  364): Event received = CTRL-EVENT-SCAN-RESULTS 
D/WifiStateMachine( 1042): handleMessage: X
D/WifiStateMachine( 1042): handleMessage: E msg.what=131163
D/WifiStateMachine( 1042): processMsg: ConnectedState
D/WifiStateMachine( 1042): processMsg: L2ConnectedState
D/WifiStateMachine( 1042): processMsg: ConnectModeState
D/WifiStateMachine( 1042): processMsg: DriverStartedState
D/WifiStateMachine( 1042): processMsg: SupplicantStartedState
D/WifiStateMachine( 1042): processMsg: DefaultState
D/WifiStateMachine( 1042): handleMessage: X
D/WifiStateMachine( 1042): handleMessage: E msg.what=131127
D/WifiStateMachine( 1042): processMsg: ConnectedState
D/WifiStateMachine( 1042): processMsg: L2ConnectedState
D/WifiStateMachine( 1042): processMsg: ConnectModeState
D/WifiStateMachine( 1042): handleMessage: X
D/WifiStateMachine( 1042): handleMessage: E msg.what=131158
D/WifiStateMachine( 1042): processMsg: ConnectedState
D/WifiStateMachine( 1042): processMsg: L2ConnectedState
D/WifiStateMachine( 1042): processMsg: ConnectModeState
D/WifiStateMachine( 1042): processMsg: DriverStartedState
D/WifiStateMachine( 1042): setSuspendOptimizationsNative: 4 false
D/WifiStateMachine( 1042): handleMessage: X
D/WifiStateMachine( 1042): handleMessage: E msg.what=151572
D/WifiStateMachine( 1042): processMsg: ConnectedState
D/WifiStateMachine( 1042): processMsg: L2ConnectedState
I/SBar.MSimNetwCntrl( 1120): onSignalStrengthsChanged[1]:SignalStrength: 28 0 -120 -160 -120 -1 -1 99 2147483647 2147483647 2147483647 2147483647 2147483647 gsm|lte 0 -108 -1 false 4 4 0 0 0 99 99 99 4 level=4
D/SBar.MSimNetwCntrl( 1120): updateDataNetType[1]: subscription1 is not DDS(=subscription0)!
D/SBar.MSimNetwCntrl( 1120): updateDataIcon[1]: subscription=1
D/SBar.MSimNetwCntrl( 1120): updateDataIcon[1]: dataSub=0
D/SBar.MSimNetwCntrl( 1120): updateDataIcon[1]: subscription=1 is not DDS.  Clear the mMSimDataConnected Flag and return
I/SBar.MSimNetwCntrl( 1120): notifySignalsChangedCallbacks[1]: isEmergencyOnly(1)=true mobileEnabled=false sim=(none)="(empty)" signal=zz_moto_stat_sys_signal_emergency_only_wide="Emergency calls only." roaming=(none)=""
I/SBar.MSimNetwCntrl( 1120):  type=(none)="" activity=(none)="(empty)"
I/SBar.MSimNetwCntrl( 1120):  slot=2="2" network="Emergency calls only"
I/SBar.MSimNetwCntrl( 1120): refreshSignalCluster[1]: wifi: mWifiConnected=true Wifi=zz_moto_stat_sys_wifi_signal_4_fully_wide Activity=zz_moto_stat_sys_wifi_inout_wide in=false out=false Accessibility="Wifi signal full."
I/SBar.MSimNetwCntrl( 1120): refreshSignalCluster[1]: mobile: Signal=zz_moto_stat_sys_signal_emergency_only_wide Roaming=(none) mMSimSimIconId[1]=(none) Accessibility="Emergency calls only.","",""
I/SBar.MSimNetwCntrl( 1120): refreshSignalCluster[1]: mobile: mMSimHasMobileDataFeature[1]=true DataTypeShown=(none) Activity=(none) in=false out=false Accessibility=""
D/WifiStateMachine( 1042): handleMessage: X
D/WifiStateMachine( 1042): handleMessage: E msg.what=147461
D/WifiStateMachine( 1042): processMsg: ConnectedState
D/WifiStateMachine( 1042): processMsg: L2ConnectedState
D/WifiStateMachine( 1042): processMsg: ConnectModeState
D/WifiStateMachine( 1042): processMsg: DriverStartedState
D/WifiStateMachine( 1042): processMsg: SupplicantStartedState
D/WifiStateMachine( 1042): handleMessage: X
D/LocationFilter(11534): Forcing stable location. Original location:Location[fused 19.134852,72.868418 acc=36 et=+6d5h3m5s187ms] because connected WiFi network is the same, bssid=ec:22:80:55:dc:d8
D/WifiService( 1042): releaseWifiLockLocked: WifiLock{NlpWifiLock type=2 binder=android.os.BinderProxy@41e8c7d0}
D/dalvikvm( 1042): GC_EXPLICIT freed 787K, 29% free 24817K/34512K, paused 6ms+21ms, total 212ms
D/WifiStateMachine( 1042): handleMessage: E msg.what=131131
D/WifiStateMachine( 1042): processMsg: ConnectedState
D/WifiStateMachine( 1042): processMsg: L2ConnectedState
D/WifiStateMachine( 1042): processMsg: ConnectModeState
D/WifiStateMachine( 1042): handleMessage: X
D/WifiStateMachine( 1042): handleMessage: E msg.what=131131
D/WifiStateMachine( 1042): processMsg: ConnectedState
D/WifiStateMachine( 1042): processMsg: L2ConnectedState
D/WifiStateMachine( 1042): processMsg: ConnectModeState
D/WifiStateMachine( 1042): handleMessage: X
I/GCoreUlr(11534): Successfully inserted location
I/GCoreUlr(11534): Not calling LocationReporter, hasMoved: false, elapsed millis: 182707, request: Stationary(3600000)
D/WifiStateMachine( 1042): handleMessage: E msg.what=151572
D/WifiStateMachine( 1042): processMsg: ConnectedState
D/WifiStateMachine( 1042): processMsg: L2ConnectedState
D/WifiStateMachine( 1042): handleMessage: X
D/audio_hw_primary(  268): out_set_parameters: enter: usecase(1: low-latency-playback) kvpairs: routing=2
W/ContextImpl( 1260): Calling a method in the system process without a qualified user: android.app.ContextImpl.sendBroadcast:1252 android.content.ContextWrapper.sendBroadcast:365 com.motorola.motocare.util.TriggerHelper$TriggerBuilder.send:76 com.motorola.motocare.internal.frameworkevents.PauseResumeTrigger.handleFrameworkEvent:53 com.motorola.motocare.internal.frameworkevents.FwEventMonitor$FrameworkListener.processFrameworkEvent:114 
V/msm8974_platform(  268): platform_get_output_snd_device: enter: output devices(0x2)
V/msm8974_platform(  268): platform_get_output_snd_device: exit: snd_device(speaker)
D/audio_hw_primary(  268): select_devices: out_snd_device(2: speaker) in_snd_device(0: )
D/hardware_info(  268): hw_info_append_hw_type : device_name = speaker
V/msm8974_platform(  268): platform_send_audio_calibration: sending audio calibration for snd_device(2) acdb_id(14)
D/3CDM.DeviceAdminPushReceiver( 2433): Received an Intent - Action: android.intent.action.USER_PRESENT
D/3CDM.DeviceAdminPushReceiver( 2433): Type: null
D/3CDM.DeviceAdminPushReceiver( 2433): Data: null
D/UsbDeviceManager( 1042): MSG_USER_PRESENT
D/3CDM.Service( 2433): android.intent.action.USER_PRESENT
D/3CDM.Service( 2433): Phone was locked and now it is unlocked now.
D/PhoneStatusBar( 1120): disable: < expand icons alerts ticker system_info back* home* recent* clock* search >
I/SFPerfTracer(  262):       trigger: frame rate (-36.206%)	(38.277 fps)	(26.126 ms) 	(7 drops)	(29 frames)
I/SFPerfTracer(  262):      triggers: (rate: 393:15018) (compose: 0:151) (post: 0:6) (render: 1:652) (29:195229 frames) (30:545526)
D/SFPerfTracer(  262):        layers: (4:11) (DimLayer: 0:73)* (DimLayer: 0:4)* (FocusedStackFrame: 0:7433)* (StatusBar: 2:62974) (NavigationBar: 0:59247) (com.android.systemui.ImageWallpaper: 0:3813) (DimLayer: 0:2400)* (DimLayer: 0:1741)* (me.sahiljain.locationstat/me.sahiljain.tripTracker.main.TabMainActivity: 0:49)* (ElectronBeam: 0:27)* (Keyguard: 29:35) 
V/GmsNetworkLocationProvi(11534): onSetRequest: ProviderRequestUnbundled, reportLocation is true and interval is 1
V/GmsNetworkLocationProvi(11534): SET-REQUEST
V/GmsNetworkLocationProvi(11534): in Handler: ProviderRequestUnbundled, reportLocation is true and interval is 20000
W/InputMethodManagerService( 1042): Window already focused, ignoring focus gain of: com.android.internal.view.IInputMethodClient$Stub$Proxy@4250c590 attribute=android.view.inputmethod.EditorInfo@42452820, token = android.os.BinderProxy@4228f950
D/WifiStateMachine( 1042): handleMessage: E msg.what=151572
D/WifiStateMachine( 1042): processMsg: ConnectedState
D/WifiStateMachine( 1042): processMsg: L2ConnectedState
D/WifiStateMachine( 1042): handleMessage: X
D/BackupManagerService( 1042): Now staging backup of android
I/SFPerfTracer(  262):      triggers: (rate: 0:5) (1247211 sw vsyncs) (0 skipped) (67:555219 vsyncs) (69:1938118)
D/audio_hw_primary(  268): out_set_parameters: enter: usecase(1: low-latency-playback) kvpairs: routing=2
V/msm8974_platform(  268): platform_get_output_snd_device: enter: output devices(0x2)
V/msm8974_platform(  268): platform_get_output_snd_device: exit: snd_device(speaker)
I/ActivityManager( 1042): START u0 {act=android.intent.action.MAIN cat=[android.intent.category.HOME] flg=0x10200000 cmp=com.teslacoilsw.launcher/com.android.launcher2.Launcher} from pid 1042
W/ContextImpl( 1260): Calling a method in the system process without a qualified user: android.app.ContextImpl.sendBroadcast:1252 android.content.ContextWrapper.sendBroadcast:365 com.motorola.motocare.util.TriggerHelper$TriggerBuilder.send:76 com.motorola.motocare.internal.frameworkevents.PauseResumeTrigger.handleFrameworkEvent:53 com.motorola.motocare.internal.frameworkevents.FwEventMonitor$FrameworkListener.processFrameworkEvent:114 
W/ContextImpl( 1260): Calling a method in the system process without a qualified user: android.app.ContextImpl.sendBroadcast:1252 android.content.ContextWrapper.sendBroadcast:365 com.motorola.motocare.util.TriggerHelper$TriggerBuilder.send:76 com.motorola.motocare.internal.frameworkevents.PauseResumeTrigger.handleFrameworkEvent:53 com.motorola.motocare.internal.frameworkevents.FwEventMonitor$FrameworkListener.processFrameworkEvent:114 
I/Adreno-EGL( 3236): <qeglDrvAPI_eglInitialize:410>: EGL 1.4 QUALCOMM build: AU_LINUX_ANDROID_LNX.LA.3.5.1_RB1.04.04.02.048.018_msm8610_LNX.LA.3.5.1_RB1__release_AU ()
I/Adreno-EGL( 3236): OpenGL ES Shader Compiler Version: E031.24.00.08
I/Adreno-EGL( 3236): Build Date: 03/07/14 Fri
I/Adreno-EGL( 3236): Local Branch: 
I/Adreno-EGL( 3236): Remote Branch: quic/LNX.LA.3.5.1_RB1.1
I/Adreno-EGL( 3236): Local Patches: NONE
I/Adreno-EGL( 3236): Reconstruct Branch: AU_LINUX_ANDROID_LNX.LA.3.5.1_RB1.04.04.02.048.018 + f2fd134 +  NOTHING
D/dalvikvm( 1120): GC_FOR_ALLOC freed 1343K, 51% free 11667K/23600K, paused 73ms, total 82ms
W/ContextImpl( 1260): Calling a method in the system process without a qualified user: android.app.ContextImpl.startService:1608 android.content.ContextWrapper.startService:494 android.content.ContextWrapper.startService:494 com.motorola.motocare.internal.batterystats.BatteryStatsAction.onReceive:33 android.app.ActivityThread.handleReceiver:2434 
V/RenderScript( 3236): Application requested CPU execution
V/RenderScript( 3236): 0x55921850 Launching thread(s), CPUs 2
I/LaunchCheckinHandler( 1042): Displayed com.teslacoilsw.launcher/com.android.launcher2.Launcher,wp,wa,580
D/WifiStateMachine( 1042): handleMessage: E msg.what=151572
D/WifiStateMachine( 1042): processMsg: ConnectedState
D/WifiStateMachine( 1042): processMsg: L2ConnectedState
D/WifiStateMachine( 1042): handleMessage: X
D/SBar.MSimNetwCntrl( 1120): updateTelephonySignalStrength[0]: iconList[iconLevel]=7f020299/zz_moto_stat_sys_signal_4_fully_wide iconLevel=4 mMSimMobileInetCondition=1 mMSimMobileInetConditionSB=1
D/SBar.MSimNetwCntrl( 1120): updateDataIcon[0]: subscription=0
D/SBar.MSimNetwCntrl( 1120): updateDataIcon[0]: dataSub=0
D/SBar.MSimNetwCntrl( 1120): updateDataIcon[0]: SimState=READY
I/SBar.MSimNetwCntrl( 1120): notifySignalsChangedCallbacks[0]: isEmergencyOnly(0)=false enabled=true sim=(none)="(empty)" signal=zz_moto_stat_sys_signal_4_fully_wide="Phone signal full." roaming=(none)="Not roaming."
I/SBar.MSimNetwCntrl( 1120):  type=(none)="3.5G" activity=(none)="(empty)"
I/SBar.MSimNetwCntrl( 1120):  slot=1="1" network="Vodafone IN"
D/dalvikvm( 1260): GC_CONCURRENT freed 1645K, 68% free 3567K/11076K, paused 1ms+6ms, total 76ms
D/WifiStateMachine( 1042): handleMessage: E msg.what=131155
D/WifiStateMachine( 1042): processMsg: ConnectedState
D/WifiStateMachine( 1042): processMsg: L2ConnectedState
D/WifiStateMachine( 1042): handleMessage: X
D/dalvikvm(11534): GC_CONCURRENT freed 1906K, 54% free 5128K/11076K, paused 8ms+4ms, total 49ms
I/SFPerfTracer(  262):      triggers: (rate: 393:15019) (compose: 0:151) (post: 0:6) (render: 1:652) (9:195315 frames) (10:545626)
D/SFPerfTracer(  262):        layers: (4:11) (DimLayer: 0:73)* (DimLayer: 0:4)* (FocusedStackFrame: 0:7436)* (StatusBar: 4:62999) (NavigationBar: 5:59305) (com.android.systemui.ImageWallpaper: 0:3816) (DimLayer: 0:2400)* (DimLayer: 0:1745)* (me.sahiljain.locationstat/me.sahiljain.tripTracker.main.TabMainActivity: 10:101)* (Keyguard: 0:48)* (com.teslacoilsw.launcher/com.android.launcher2.Launcher: 0:23) 
I/ActivityManager( 1042): Process com.google.android.googlequicksearchbox:search (pid 3501) has died.
D/WifiService( 1042): Client connection lost with reason: 4
D/SizeAdaptiveLayout( 1120): com.android.internal.widget.SizeAdaptiveLayout{41f53cc0 V.E..... ......I. 0,0-0,0 #7f070075 app:id/adaptive}child view android.widget.LinearLayout{41de34d0 G.E..... ......I. 0,0-0,0} measured out of bounds at 87px clamped to 96px
D/SizeAdaptiveLayout( 1120): com.android.internal.widget.SizeAdaptiveLayout{41db2978 V.E..... ......I. 0,0-0,0 #7f070075 app:id/adaptive}child view android.widget.FrameLayout{41b39b20 G.E..... ......ID 0,0-0,0 #10202d7 android:id/status_bar_latest_event_content} measured out of bounds at 95px clamped to 96px
D/SizeAdaptiveLayout( 1120): com.android.internal.widget.SizeAdaptiveLayout{41f32fd8 V.E..... ......I. 0,0-0,0 #7f070075 app:id/adaptive}child view android.widget.FrameLayout{420e5c98 G.E..... ......ID 0,0-0,0 #10202d7 android:id/status_bar_latest_event_content} measured out of bounds at 95px clamped to 96px
D/SizeAdaptiveLayout( 1120): com.android.internal.widget.SizeAdaptiveLayout{41f53cc0 V.E..... ......I. 0,0-0,0 #7f070075 app:id/adaptive}child view android.widget.LinearLayout{41de34d0 G.E..... ......I. 0,0-0,0} measured out of bounds at 87px clamped to 96px
D/SizeAdaptiveLayout( 1120): com.android.internal.widget.SizeAdaptiveLayout{41db2978 V.E..... ......I. 0,0-0,0 #7f070075 app:id/adaptive}child view android.widget.FrameLayout{41b39b20 G.E..... ......ID 0,0-0,0 #10202d7 android:id/status_bar_latest_event_content} measured out of bounds at 95px clamped to 96px
D/SizeAdaptiveLayout( 1120): com.android.internal.widget.SizeAdaptiveLayout{41f32fd8 V.E..... ......I. 0,0-0,0 #7f070075 app:id/adaptive}child view android.widget.FrameLayout{420e5c98 G.E..... ......ID 0,0-0,0 #10202d7 android:id/status_bar_latest_event_content} measured out of bounds at 95px clamped to 96px
D/SizeAdaptiveLayout( 1120): com.android.internal.widget.SizeAdaptiveLayout{41f53cc0 V.E..... ......I. 0,0-0,0 #7f070075 app:id/adaptive}child view android.widget.LinearLayout{41de34d0 G.E..... ......I. 0,0-0,0} measured out of bounds at 87px clamped to 96px
D/SizeAdaptiveLayout( 1120): com.android.internal.widget.SizeAdaptiveLayout{41db2978 V.E..... ......I. 0,0-0,0 #7f070075 app:id/adaptive}child view android.widget.FrameLayout{41b39b20 G.E..... ......ID 0,0-0,0 #10202d7 android:id/status_bar_latest_event_content} measured out of bounds at 95px clamped to 96px
D/SizeAdaptiveLayout( 1120): com.android.internal.widget.SizeAdaptiveLayout{41f32fd8 V.E..... ......I. 0,0-0,0 #7f070075 app:id/adaptive}child view android.widget.FrameLayout{420e5c98 G.E..... ......ID 0,0-0,0 #10202d7 android:id/status_bar_latest_event_content} measured out of bounds at 95px clamped to 96px
D/SizeAdaptiveLayout( 1120): com.android.internal.widget.SizeAdaptiveLayout{41f53cc0 V.E..... ......I. 0,0-0,0 #7f070075 app:id/adaptive}child view android.widget.LinearLayout{41de34d0 G.E..... ......I. 0,0-0,0} measured out of bounds at 87px clamped to 96px
D/SizeAdaptiveLayout( 1120): com.android.internal.widget.SizeAdaptiveLayout{41db2978 V.E..... ......I. 0,0-0,0 #7f070075 app:id/adaptive}child view android.widget.FrameLayout{41b39b20 G.E..... ......ID 0,0-0,0 #10202d7 android:id/status_bar_latest_event_content} measured out of bounds at 95px clamped to 96px
D/SizeAdaptiveLayout( 1120): com.android.internal.widget.SizeAdaptiveLayout{41f32fd8 V.E..... ......I. 0,0-0,0 #7f070075 app:id/adaptive}child view android.widget.FrameLayout{420e5c98 G.E..... ......ID 0,0-0,0 #10202d7 android:id/status_bar_latest_event_content} measured out of bounds at 95px clamped to 96px
D/WifiStateMachine( 1042): handleMessage: E msg.what=151572
D/WifiStateMachine( 1042): processMsg: ConnectedState
D/WifiStateMachine( 1042): processMsg: L2ConnectedState
D/WifiStateMachine( 1042): handleMessage: X
V/PanelView( 1120): animationTick called with dtms=0; nothing to do (h=640.333 v=747.9936)
V/PanelView( 1120): animationTick called with dtms=-1; nothing to do (h=640.333 v=747.9936)
I/ActivityManager( 1042): START u0 {flg=0x14000000 cmp=com.whatsapp/.Conversation bnds=[0,182][540,277] (has extras)} from pid -1
D/audio_hw_primary(  268): out_set_parameters: enter: usecase(1: low-latency-playback) kvpairs: routing=2
V/msm8974_platform(  268): platform_get_output_snd_device: enter: output devices(0x2)
V/msm8974_platform(  268): platform_get_output_snd_device: exit: snd_device(speaker)
W/ContextImpl( 1260): Calling a method in the system process without a qualified user: android.app.ContextImpl.sendBroadcast:1252 android.content.ContextWrapper.sendBroadcast:365 com.motorola.motocare.util.TriggerHelper$TriggerBuilder.send:76 com.motorola.motocare.internal.frameworkevents.PauseResumeTrigger.handleFrameworkEvent:53 com.motorola.motocare.internal.frameworkevents.FwEventMonitor$FrameworkListener.processFrameworkEvent:114 
W/ContextImpl( 1260): Calling a method in the system process without a qualified user: android.app.ContextImpl.sendBroadcast:1252 android.content.ContextWrapper.sendBroadcast:365 com.motorola.motocare.util.TriggerHelper$TriggerBuilder.send:76 com.motorola.motocare.internal.frameworkevents.PauseResumeTrigger.handleFrameworkEvent:53 com.motorola.motocare.internal.frameworkevents.FwEventMonitor$FrameworkListener.processFrameworkEvent:114 
I/SFPerfTracer(  262):      triggers: (rate: 0:5) (1247211 sw vsyncs) (0 skipped) (39:555349 vsyncs) (41:1938259)
V/PanelView( 1120): animationTick called with dtms=0; nothing to do (h=888.0 v=-3000.0)
D/WifiStateMachine( 1042): handleMessage: E msg.what=151572
D/WifiStateMachine( 1042): processMsg: ConnectedState
D/WifiStateMachine( 1042): processMsg: L2ConnectedState
D/WifiStateMachine( 1042): handleMessage: X
I/dalvikvm( 3389): Could not find method android.widget.RelativeLayout.<init>, referenced from method com.whatsapp.ConversationContentLayout.<init>
W/dalvikvm( 3389): VFY: unable to resolve direct method 5533: Landroid/widget/RelativeLayout;.<init> (Landroid/content/Context;Landroid/util/AttributeSet;II)V
D/dalvikvm( 3389): VFY: replacing opcode 0x70 at 0x0000
D/AwesomePlayer(  268): Before reset_l
I/AwesomePlayer(  268): setDataSource(FD URL suppressed)
D/dalvikvm( 3389): GC_FOR_ALLOC freed 360K, 48% free 5824K/11076K, paused 35ms, total 35ms
I/dalvikvm-heap( 3389): Grow heap (frag case) to 11.315MB for 3686416-byte allocation
D/QCUtils (  268): extended extractor not needed, return default
D/dalvikvm( 3389): GC_CONCURRENT freed 10K, 36% free 9414K/14680K, paused 3ms+3ms, total 28ms
D/AwesomePlayer(  268): Before reset_l
I/AwesomePlayer(  268): setDataSource(FD URL suppressed)
D/QCUtils (  268): extended extractor not needed, return default
D/AwesomePlayer(  268): Before reset_l
I/AwesomePlayer(  268): setDataSource(FD URL suppressed)
D/QCUtils (  268): extended extractor not needed, return default
I/ActivityManager( 1042): Process com.google.android.googlequicksearchbox (pid 4874) has died.
I/Adreno-EGL( 3389): <qeglDrvAPI_eglInitialize:410>: EGL 1.4 QUALCOMM build: AU_LINUX_ANDROID_LNX.LA.3.5.1_RB1.04.04.02.048.018_msm8610_LNX.LA.3.5.1_RB1__release_AU ()
I/Adreno-EGL( 3389): OpenGL ES Shader Compiler Version: E031.24.00.08
I/Adreno-EGL( 3389): Build Date: 03/07/14 Fri
I/Adreno-EGL( 3389): Local Branch: 
I/Adreno-EGL( 3389): Remote Branch: quic/LNX.LA.3.5.1_RB1.1
I/Adreno-EGL( 3389): Local Patches: NONE
I/Adreno-EGL( 3389): Reconstruct Branch: AU_LINUX_ANDROID_LNX.LA.3.5.1_RB1.04.04.02.048.018 + f2fd134 +  NOTHING
D/OpenGLRenderer( 3389): Enabling debug mode 0
V/WebViewChromiumFactoryProvider( 3389): Binding Chromium to main looper Looper (main, tid 1) {4190f090}
I/ActivityManager( 1042): Process com.aiteam.wifitogglewidget (pid 28645) has died.
W/ActivityManager( 1042): Scheduling restart of crashed service com.aiteam.wifitogglewidget/.WifiToggleService in 1000ms
D/WifiService( 1042): Client connection lost with reason: 4
I/LibraryLoader( 3389): Expected native library version number "",actual native library version number ""
I/chromium( 3389): [INFO:library_loader_hooks.cc(116)] Chromium logging enabled: level = 0, default verbosity = 0
I/BrowserStartupController( 3389): Initializing chromium process, renderers=0
D/BluetoothManagerService( 1042): Message: 20
D/BluetoothAdapter( 3389): 1100842224: getState() :  mService = null. Returning STATE_OFF
D/BluetoothManagerService( 1042): Added callback: android.bluetooth.IBluetoothManagerCallback$Stub$Proxy@425b7078:true
D/WifiStateMachine( 1042): handleMessage: E msg.what=151572
D/WifiStateMachine( 1042): processMsg: ConnectedState
D/WifiStateMachine( 1042): processMsg: L2ConnectedState
D/WifiStateMachine( 1042): handleMessage: X
D/dalvikvm( 3389): GC_CONCURRENT freed 573K, 26% free 10957K/14680K, paused 5ms+4ms, total 43ms
D/WifiStateMachine( 1042): handleMessage: E msg.what=131155
D/WifiStateMachine( 1042): processMsg: ConnectedState
D/WifiStateMachine( 1042): processMsg: L2ConnectedState
D/WifiStateMachine( 1042): handleMessage: X
I/LaunchCheckinHandler( 1042): Displayed com.whatsapp/.Conversation,wp,ca,1502
I/ActivityManager( 1042): Displayed com.whatsapp/.Conversation: +1s503ms
E/SpannableStringBuilder( 3389): SPAN_EXCLUSIVE_EXCLUSIVE spans cannot have a zero length
E/SpannableStringBuilder( 3389): SPAN_EXCLUSIVE_EXCLUSIVE spans cannot have a zero length
E/SpannableStringBuilder( 3389): SPAN_EXCLUSIVE_EXCLUSIVE spans cannot have a zero length
E/SpannableStringBuilder( 3389): SPAN_EXCLUSIVE_EXCLUSIVE spans cannot have a zero length
E/rsC++   ( 3236): RS Message thread exiting.
I/SFPerfTracer(  262):      triggers: (rate: 393:15019) (compose: 0:151) (post: 0:6) (render: 1:652) (7:195388 frames) (8:545727)
D/SFPerfTracer(  262):        layers: (4:11) (DimLayer: 0:73)* (DimLayer: 0:4)* (FocusedStackFrame: 0:7441)* (StatusBar: 0:63043) (NavigationBar: 0:59315) (com.android.systemui.ImageWallpaper: 0:3817)* (DimLayer: 0:2400)* (DimLayer: 0:1745)* (com.teslacoilsw.launcher/com.android.launcher2.Launcher: 0:64)* (Starting com.whatsapp: 8:33) (com.whatsapp/com.whatsapp.Conversation: 2:6) 
I/MDMCTBK (  364): NetlinkHandler, power_supply subsys
I/MDMCTBK (  364): NetlinkHandler, usbChargerStateChanged
I/MDMCTBK (  364): checkDefaultInst, current pid is = 364
I/MDMCTBK (  364): checkDefaultInst, pid match
I/MDMCTBK (  364): MdmCutbackHndler,readFromFile = /sys/class/power_supply/usb/online
I/MDMCTBK (  389): NetlinkHandler, power_supply subsys
I/MDMCTBK (  389): NetlinkHandler, usbChargerStateChanged
I/MDMCTBK (  389): checkDefaultInst, current pid is = 389
I/MDMCTBK (  389): checkDefaultInst, no pid match
I/MDMCTBK (  364): MdmCutbackHndler,readFromFile = 
E/MDMCTBK (  364): MdmCutbackHndler,Could not open ''
I/ActivityManager( 1042): Start proc com.aiteam.wifitogglewidget for service com.aiteam.wifitogglewidget/.WifiToggleService: pid=5046 uid=10100 gids={50100, 1028, 1015}
I/dalvikvm( 5046): Enabling JNI app bug workarounds for target SDK version 3...
I/MDMCTBK (  364): NetlinkHandler, power_supply subsys
I/MDMCTBK (  364): NetlinkHandler, usbChargerStateChanged
I/MDMCTBK (  364): checkDefaultInst, current pid is = 364
I/MDMCTBK (  364): checkDefaultInst, pid match
I/MDMCTBK (  364): MdmCutbackHndler,readFromFile = /sys/class/power_supply/usb/online
I/MDMCTBK (  389): NetlinkHandler, power_supply subsys
I/MDMCTBK (  389): NetlinkHandler, usbChargerStateChanged
I/MDMCTBK (  389): checkDefaultInst, current pid is = 389
I/MDMCTBK (  389): checkDefaultInst, no pid match
I/MDMCTBK (  364): MdmCutbackHndler,readFromFile = 
E/MDMCTBK (  364): MdmCutbackHndler,Could not open ''
D/WifiService( 1042): New client listening to asynchronous messages
D/SBar.MSimNetwCntrl( 1120): updateTelephonySignalStrength[0]: iconList[iconLevel]=7f020299/zz_moto_stat_sys_signal_4_fully_wide iconLevel=4 mMSimMobileInetCondition=1 mMSimMobileInetConditionSB=1
D/WifiStateMachine( 1042): handleMessage: E msg.what=151572
D/WifiStateMachine( 1042): processMsg: ConnectedState
D/WifiStateMachine( 1042): processMsg: L2ConnectedState
D/SBar.MSimNetwCntrl( 1120): updateDataIcon[0]: subscription=0
D/SBar.MSimNetwCntrl( 1120): updateDataIcon[0]: dataSub=0
D/SBar.MSimNetwCntrl( 1120): updateDataIcon[0]: SimState=READY
I/SBar.MSimNetwCntrl( 1120): notifySignalsChangedCallbacks[0]: isEmergencyOnly(0)=false enabled=true sim=(none)="(empty)" signal=zz_moto_stat_sys_signal_4_fully_wide="Phone signal full." roaming=(none)="Not roaming."
I/SBar.MSimNetwCntrl( 1120):  type=(none)="3.5G" activity=(none)="(empty)"
I/SBar.MSimNetwCntrl( 1120):  slot=1="1" network="Vodafone IN"
D/WifiStateMachine( 1042): handleMessage: X
I/SBar.MSimNetwCntrl( 1120): onSignalStrengthsChanged[0]:SignalStrength: 18 0 -120 -160 -120 -1 -1 99 2147483647 2147483647 2147483647 2147483647 2147483647 gsm|lte 0 -108 -1 false 4 4 0 0 0 99 99 99 4 level=4
D/SBar.MSimNetwCntrl( 1120): updateTelephonySignalStrength[0]: iconList[iconLevel]=7f020299/zz_moto_stat_sys_signal_4_fully_wide iconLevel=4 mMSimMobileInetCondition=1 mMSimMobileInetConditionSB=1
D/SBar.MSimNetwCntrl( 1120): updateDataIcon[0]: subscription=0
D/SBar.MSimNetwCntrl( 1120): updateDataIcon[0]: dataSub=0
D/SBar.MSimNetwCntrl( 1120): updateDataIcon[0]: SimState=READY
I/SBar.MSimNetwCntrl( 1120): notifySignalsChangedCallbacks[0]: isEmergencyOnly(0)=false enabled=true sim=(none)="(empty)" signal=zz_moto_stat_sys_signal_4_fully_wide="Phone signal full." roaming=(none)="Not roaming."
I/SBar.MSimNetwCntrl( 1120):  type=(none)="3.5G" activity=(none)="(empty)"
I/SBar.MSimNetwCntrl( 1120):  slot=1="1" network="Vodafone IN"
W/ContextImpl( 1260): Calling a method in the system process without a qualified user: android.app.ContextImpl.sendBroadcast:1252 android.content.ContextWrapper.sendBroadcast:365 com.motorola.motocare.util.TriggerHelper$TriggerBuilder.send:76 com.motorola.motocare.internal.frameworkevents.ProcessKillTrigger.sendTrigger:147 com.motorola.motocare.internal.frameworkevents.ProcessKillTrigger.handleLmkKill:337 
W/ContextImpl( 1260): Calling a method in the system process without a qualified user: android.app.ContextImpl.sendBroadcast:1252 android.content.ContextWrapper.sendBroadcast:365 com.motorola.motocare.util.TriggerHelper$TriggerBuilder.send:76 com.motorola.motocare.internal.frameworkevents.ProcessKillTrigger.sendTrigger:147 com.motorola.motocare.internal.frameworkevents.ProcessKillTrigger.handleLmkKill:337 
W/ContextImpl( 1260): Calling a method in the system process without a qualified user: android.app.ContextImpl.sendBroadcast:1252 android.content.ContextWrapper.sendBroadcast:365 com.motorola.motocare.util.TriggerHelper$TriggerBuilder.send:76 com.motorola.motocare.internal.frameworkevents.ProcessKillTrigger.sendTrigger:147 com.motorola.motocare.internal.frameworkevents.ProcessKillTrigger.handleLmkKill:337 
W/ContextImpl( 1260): Calling a method in the system process without a qualified user: android.app.ContextImpl.sendBroadcast:1252 android.content.ContextWrapper.sendBroadcast:365 com.motorola.motocare.util.TriggerHelper$TriggerBuilder.send:76 com.motorola.motocare.internal.frameworkevents.ProcessKillTrigger.sendTrigger:147 com.motorola.motocare.internal.frameworkevents.ProcessKillTrigger.handleLmkKill:337 
W/ContextImpl( 1260): Calling a method in the system process without a qualified user: android.app.ContextImpl.sendBroadcast:1252 android.content.ContextWrapper.sendBroadcast:365 com.motorola.motocare.util.TriggerHelper$TriggerBuilder.send:76 com.motorola.motocare.internal.frameworkevents.ProcessKillTrigger.sendTrigger:147 com.motorola.motocare.internal.frameworkevents.ProcessKillTrigger.handleLmkKill:337 
D/dalvikvm( 1260): GC_EXPLICIT freed 1712K, 72% free 3125K/11076K, paused 2ms+3ms, total 27ms
D/hardware_info(  268): hw_info_append_hw_type : device_name = speaker
D/WifiStateMachine( 1042): handleMessage: E msg.what=151572
D/WifiStateMachine( 1042): processMsg: ConnectedState
D/WifiStateMachine( 1042): processMsg: L2ConnectedState
D/SBar.MSimNetwCntrl( 1120): updateTelephonySignalStrength[0]: iconList[iconLevel]=7f020299/zz_moto_stat_sys_signal_4_fully_wide iconLevel=4 mMSimMobileInetCondition=1 mMSimMobileInetConditionSB=1
D/SBar.MSimNetwCntrl( 1120): updateDataIcon[0]: subscription=0
D/SBar.MSimNetwCntrl( 1120): updateDataIcon[0]: dataSub=0
D/SBar.MSimNetwCntrl( 1120): updateDataIcon[0]: SimState=READY
I/SBar.MSimNetwCntrl( 1120): notifySignalsChangedCallbacks[0]: isEmergencyOnly(0)=false enabled=true sim=(none)="(empty)" signal=zz_moto_stat_sys_signal_4_fully_wide="Phone signal full." roaming=(none)="Not roaming."
I/SBar.MSimNetwCntrl( 1120):  type=(none)="3.5G" activity=(none)="(empty)"
I/SBar.MSimNetwCntrl( 1120):  slot=1="1" network="Vodafone IN"
D/WifiStateMachine( 1042): handleMessage: X
V/AlarmManager( 1042): sending alarm Alarm{4240a870 type 2 com.google.android.gms}
D/audio_hw_primary(  268): out_set_parameters: enter: usecase(1: low-latency-playback) kvpairs: routing=2
V/msm8974_platform(  268): platform_get_output_snd_device: enter: output devices(0x2)
V/msm8974_platform(  268): platform_get_output_snd_device: exit: snd_device(speaker)
D/audio_hw_primary(  268): select_devices: out_snd_device(2: speaker) in_snd_device(0: )
D/hardware_info(  268): hw_info_append_hw_type : device_name = speaker
V/msm8974_platform(  268): platform_send_audio_calibration: sending audio calibration for snd_device(2) acdb_id(14)
E/SpannableStringBuilder( 3389): SPAN_EXCLUSIVE_EXCLUSIVE spans cannot have a zero length
E/SpannableStringBuilder( 3389): SPAN_EXCLUSIVE_EXCLUSIVE spans cannot have a zero length
D/WifiStateMachine( 1042): handleMessage: E msg.what=151572
D/WifiStateMachine( 1042): processMsg: ConnectedState
D/WifiStateMachine( 1042): processMsg: L2ConnectedState
D/WifiStateMachine( 1042): handleMessage: X
I/Adreno-EGL( 1225): <qeglDrvAPI_eglInitialize:410>: EGL 1.4 QUALCOMM build: AU_LINUX_ANDROID_LNX.LA.3.5.1_RB1.04.04.02.048.018_msm8610_LNX.LA.3.5.1_RB1__release_AU ()
I/Adreno-EGL( 1225): OpenGL ES Shader Compiler Version: E031.24.00.08
I/Adreno-EGL( 1225): Build Date: 03/07/14 Fri
I/Adreno-EGL( 1225): Local Branch: 
I/Adreno-EGL( 1225): Remote Branch: quic/LNX.LA.3.5.1_RB1.1
I/Adreno-EGL( 1225): Local Patches: NONE
I/Adreno-EGL( 1225): Reconstruct Branch: AU_LINUX_ANDROID_LNX.LA.3.5.1_RB1.04.04.02.048.018 + f2fd134 +  NOTHING
D/dalvikvm( 1225): GC_CONCURRENT freed 2663K, 44% free 6622K/11760K, paused 36ms+7ms, total 180ms
I/SFPerfTracer(  262):      triggers: (rate: 0:5) (1247211 sw vsyncs) (0 skipped) (0:555420 vsyncs) (2:1938361)
D/dalvikvm( 1120): GC_CONCURRENT freed 4612K, 58% free 10042K/23600K, paused 2ms+11ms, total 97ms
D/dalvikvm( 1120): WAIT_FOR_CONCURRENT_GC blocked 62ms
D/SBar.MSimNetwCntrl( 1120): updateTelephonySignalStrength[0]: iconList[iconLevel]=7f020299/zz_moto_stat_sys_signal_4_fully_wide iconLevel=4 mMSimMobileInetCondition=1 mMSimMobileInetConditionSB=1
D/SBar.MSimNetwCntrl( 1120): updateDataIcon[0]: subscription=0
D/SBar.MSimNetwCntrl( 1120): updateDataIcon[0]: dataSub=0
D/SBar.MSimNetwCntrl( 1120): updateDataIcon[0]: SimState=READY
I/SBar.MSimNetwCntrl( 1120): notifySignalsChangedCallbacks[0]: isEmergencyOnly(0)=false enabled=true sim=(none)="(empty)" signal=zz_moto_stat_sys_signal_4_fully_wide="Phone signal full." roaming=(none)="Not roaming."
I/SBar.MSimNetwCntrl( 1120):  type=(none)="3.5G" activity=(none)="(empty)"
I/SBar.MSimNetwCntrl( 1120):  slot=1="1" network="Vodafone IN"
D/WifiStateMachine( 1042): handleMessage: E msg.what=131155
D/WifiStateMachine( 1042): processMsg: ConnectedState
D/WifiStateMachine( 1042): processMsg: L2ConnectedState
D/WifiStateMachine( 1042): handleMessage: X
D/audio_hw_primary(  268): out_set_parameters: enter: usecase(1: low-latency-playback) kvpairs: routing=2
D/WifiStateMachine( 1042): handleMessage: E msg.what=151572
V/msm8974_platform(  268): platform_get_output_snd_device: enter: output devices(0x2)
V/msm8974_platform(  268): platform_get_output_snd_device: exit: snd_device(speaker)
D/WifiStateMachine( 1042): processMsg: ConnectedState
D/WifiStateMachine( 1042): processMsg: L2ConnectedState
D/WifiStateMachine( 1042): handleMessage: X
D/SBar.MSimNetwCntrl( 1120): updateTelephonySignalStrength[0]: iconList[iconLevel]=7f020299/zz_moto_stat_sys_signal_4_fully_wide iconLevel=4 mMSimMobileInetCondition=1 mMSimMobileInetConditionSB=1
D/SBar.MSimNetwCntrl( 1120): updateDataIcon[0]: subscription=0
D/SBar.MSimNetwCntrl( 1120): updateDataIcon[0]: dataSub=0
D/SBar.MSimNetwCntrl( 1120): updateDataIcon[0]: SimState=READY
I/SBar.MSimNetwCntrl( 1120): notifySignalsChangedCallbacks[0]: isEmergencyOnly(0)=false enabled=true sim=(none)="(empty)" signal=zz_moto_stat_sys_signal_4_fully_wide="Phone signal full." roaming=(none)="Not roaming."
I/SBar.MSimNetwCntrl( 1120):  type=(none)="3.5G" activity=(none)="(empty)"
I/SBar.MSimNetwCntrl( 1120):  slot=1="1" network="Vodafone IN"
D/dalvikvm( 3389): GC_FOR_ALLOC freed 299K, 22% free 11509K/14680K, paused 32ms, total 33ms
I/dalvikvm-heap( 3389): Grow heap (frag case) to 13.984MB for 663136-byte allocation
D/WifiStateMachine( 1042): handleMessage: E msg.what=151572
D/WifiStateMachine( 1042): processMsg: ConnectedState
D/WifiStateMachine( 1042): processMsg: L2ConnectedState
D/SBar.MSimNetwCntrl( 1120): updateTelephonySignalStrength[0]: iconList[iconLevel]=7f020299/zz_moto_stat_sys_signal_4_fully_wide iconLevel=4 mMSimMobileInetCondition=1 mMSimMobileInetConditionSB=1
D/SBar.MSimNetwCntrl( 1120): updateDataIcon[0]: subscription=0
D/SBar.MSimNetwCntrl( 1120): updateDataIcon[0]: dataSub=0
D/SBar.MSimNetwCntrl( 1120): updateDataIcon[0]: SimState=READY
I/SBar.MSimNetwCntrl( 1120): notifySignalsChangedCallbacks[0]: isEmergencyOnly(0)=false enabled=true sim=(none)="(empty)" signal=zz_moto_stat_sys_signal_4_fully_wide="Phone signal full." roaming=(none)="Not roaming."
I/SBar.MSimNetwCntrl( 1120):  type=(none)="3.5G" activity=(none)="(empty)"
I/SBar.MSimNetwCntrl( 1120):  slot=1="1" network="Vodafone IN"
D/WifiStateMachine( 1042): handleMessage: X
D/audio_hw_primary(  268): out_set_parameters: enter: usecase(1: low-latency-playback) kvpairs: routing=2
V/msm8974_platform(  268): platform_get_output_snd_device: enter: output devices(0x2)
V/msm8974_platform(  268): platform_get_output_snd_device: exit: snd_device(speaker)
I/ActivityManager( 1042): Start proc com.google.android.inputmethod.latin for service com.google.android.inputmethod.latin/com.android.inputmethod.latin.spellcheck.AndroidSpellCheckerService: pid=5120 uid=10069 gids={50069, 3003, 1028, 1015}
E/SpannableStringBuilder( 3389): SPAN_EXCLUSIVE_EXCLUSIVE spans cannot have a zero length
E/SpannableStringBuilder( 3389): SPAN_EXCLUSIVE_EXCLUSIVE spans cannot have a zero length
I/SFPerfTracer(  262):      triggers: (rate: 393:15022) (compose: 0:151) (post: 0:6) (render: 1:652) (0:195422 frames) (1:545827)
D/SFPerfTracer(  262):        layers: (4:13) (DimLayer: 0:73)* (DimLayer: 0:4)* (FocusedStackFrame: 0:7441)* (StatusBar: 0:63051) (NavigationBar: 0:59317) (com.android.systemui.ImageWallpaper: 0:3817)* (DimLayer: 0:2400)* (DimLayer: 0:1745)* (Starting com.whatsapp: 0:35)* (com.whatsapp/com.whatsapp.Conversation: 1:61) (SurfaceView: 0:18)* (InputMethod: 0:33)* (PopupWindow:41fcf9c8: 1:10) 
E/SpannableStringBuilder( 3389): SPAN_EXCLUSIVE_EXCLUSIVE spans cannot have a zero length
E/SpannableStringBuilder( 3389): SPAN_EXCLUSIVE_EXCLUSIVE spans cannot have a zero length
D/WifiStateMachine( 1042): handleMessage: E msg.what=151572
D/WifiStateMachine( 1042): processMsg: ConnectedState
D/WifiStateMachine( 1042): processMsg: L2ConnectedState
D/WifiStateMachine( 1042): handleMessage: X
I/ActivityManager( 1042): Start proc com.google.android.googlequicksearchbox:search for broadcast com.google.android.googlequicksearchbox/com.google.android.velvet.location.ActivityDetectionReceiver: pid=5137 uid=10043 gids={50043, 3003, 3001, 1028, 3002, 1015}
D/SBar.MSimNetwCntrl( 1120): updateTelephonySignalStrength[0]: iconList[iconLevel]=7f020299/zz_moto_stat_sys_signal_4_fully_wide iconLevel=4 mMSimMobileInetCondition=1 mMSimMobileInetConditionSB=1
D/SBar.MSimNetwCntrl( 1120): updateDataIcon[0]: subscription=0
D/SBar.MSimNetwCntrl( 1120): updateDataIcon[0]: dataSub=0
D/SBar.MSimNetwCntrl( 1120): updateDataIcon[0]: SimState=READY
I/SBar.MSimNetwCntrl( 1120): notifySignalsChangedCallbacks[0]: isEmergencyOnly(0)=false enabled=true sim=(none)="(empty)" signal=zz_moto_stat_sys_signal_4_fully_wide="Phone signal full." roaming=(none)="Not roaming."
I/SBar.MSimNetwCntrl( 1120):  type=(none)="3.5G" activity=(none)="(empty)"
I/SBar.MSimNetwCntrl( 1120):  slot=1="1" network="Vodafone IN"
I/ActivityManager( 1042): Start proc com.google.android.partnersetup for content provider com.google.android.partnersetup/.RlzAppProvider: pid=5154 uid=10024 gids={50024, 3003}
I/dalvikvm( 5137): Could not find method android.content.pm.PackageManager.getPackageInstaller, referenced from method com.google.android.gms.common.e.p
W/dalvikvm( 5137): VFY: unable to resolve virtual method 901: Landroid/content/pm/PackageManager;.getPackageInstaller ()Landroid/content/pm/PackageInstaller;
D/dalvikvm( 5137): VFY: replacing opcode 0x6e at 0x000b
D/WifiStateMachine( 1042): handleMessage: E msg.what=131155
D/WifiStateMachine( 1042): processMsg: ConnectedState
D/WifiStateMachine( 1042): processMsg: L2ConnectedState
D/WifiStateMachine( 1042): handleMessage: X
I/ActivityManager( 1042): Process com.android.providers.calendar (pid 4854) has died.
D/WifiService( 1042): New client listening to asynchronous messages
D/audio_hw_primary(  268): out_set_parameters: enter: usecase(1: low-latency-playback) kvpairs: routing=2
V/msm8974_platform(  268): platform_get_output_snd_device: enter: output devices(0x2)
V/msm8974_platform(  268): platform_get_output_snd_device: exit: snd_device(speaker)
I/ActivityManager( 1042): Process com.facebook.katana (pid 32236) has died.
D/WifiService( 1042): Client connection lost with reason: 4
W/ActivityManager( 1042): Scheduling restart of crashed service com.facebook.katana/com.facebook.push.mqtt.service.MqttPushService in 1000ms
E/SpannableStringBuilder( 3389): SPAN_EXCLUSIVE_EXCLUSIVE spans cannot have a zero length
E/SpannableStringBuilder( 3389): SPAN_EXCLUSIVE_EXCLUSIVE spans cannot have a zero length
E/SpannableStringBuilder( 3389): SPAN_EXCLUSIVE_EXCLUSIVE spans cannot have a zero length
E/SpannableStringBuilder( 3389): SPAN_EXCLUSIVE_EXCLUSIVE spans cannot have a zero length
E/SpannableStringBuilder( 3389): SPAN_EXCLUSIVE_EXCLUSIVE spans cannot have a zero length
E/SpannableStringBuilder( 3389): SPAN_EXCLUSIVE_EXCLUSIVE spans cannot have a zero length
W/GAV2    ( 5137): Thread[main,5,main]: Need to call initialize() and be in fallback mode to start dispatch.
I/SFPerfTracer(  262):      triggers: (rate: 0:5) (1247211 sw vsyncs) (0 skipped) (4:555491 vsyncs) (6:1938463)
I/Adreno-EGL( 1225): <qeglDrvAPI_eglInitialize:410>: EGL 1.4 QUALCOMM build: AU_LINUX_ANDROID_LNX.LA.3.5.1_RB1.04.04.02.048.018_msm8610_LNX.LA.3.5.1_RB1__release_AU ()
I/Adreno-EGL( 1225): OpenGL ES Shader Compiler Version: E031.24.00.08
I/Adreno-EGL( 1225): Build Date: 03/07/14 Fri
I/Adreno-EGL( 1225): Local Branch: 
I/Adreno-EGL( 1225): Remote Branch: quic/LNX.LA.3.5.1_RB1.1
I/Adreno-EGL( 1225): Local Patches: NONE
I/Adreno-EGL( 1225): Reconstruct Branch: AU_LINUX_ANDROID_LNX.LA.3.5.1_RB1.04.04.02.048.018 + f2fd134 +  NOTHING
D/WifiStateMachine( 1042): handleMessage: E msg.what=151572
D/WifiStateMachine( 1042): processMsg: ConnectedState
D/WifiStateMachine( 1042): processMsg: L2ConnectedState
D/WifiStateMachine( 1042): handleMessage: X
D/SBar.MSimNetwCntrl( 1120): updateTelephonySignalStrength[0]: iconList[iconLevel]=7f020299/zz_moto_stat_sys_signal_4_fully_wide iconLevel=4 mMSimMobileInetCondition=1 mMSimMobileInetConditionSB=1
D/SBar.MSimNetwCntrl( 1120): updateDataIcon[0]: subscription=0
D/SBar.MSimNetwCntrl( 1120): updateDataIcon[0]: dataSub=0
D/SBar.MSimNetwCntrl( 1120): updateDataIcon[0]: SimState=READY
I/SBar.MSimNetwCntrl( 1120): notifySignalsChangedCallbacks[0]: isEmergencyOnly(0)=false enabled=true sim=(none)="(empty)" signal=zz_moto_stat_sys_signal_4_fully_wide="Phone signal full." roaming=(none)="Not roaming."
I/SBar.MSimNetwCntrl( 1120):  type=(none)="3.5G" activity=(none)="(empty)"
I/SBar.MSimNetwCntrl( 1120):  slot=1="1" network="Vodafone IN"
D/dalvikvm( 1225): GC_FOR_ALLOC freed 1573K, 45% free 6577K/11760K, paused 66ms, total 68ms
I/ActivityManager( 1042): Start proc com.facebook.katana for service com.facebook.katana/com.facebook.push.mqtt.service.MqttPushService: pid=5188 uid=10121 gids={50121, 1028, 1015, 3003}
E/SpannableStringBuilder( 3389): SPAN_EXCLUSIVE_EXCLUSIVE spans cannot have a zero length
E/SpannableStringBuilder( 3389): SPAN_EXCLUSIVE_EXCLUSIVE spans cannot have a zero length
D/audio_hw_primary(  268): out_set_parameters: enter: usecase(1: low-latency-playback) kvpairs: routing=2
V/msm8974_platform(  268): platform_get_output_snd_device: enter: output devices(0x2)
V/msm8974_platform(  268): platform_get_output_snd_device: exit: snd_device(speaker)
V/AlarmManager( 1042): sending alarm Alarm{42c075e0 type 2 com.google.android.wearable.app}
V/AlarmManager( 1042): sending alarm Alarm{42586b38 type 2 com.facebook.orca}
V/AlarmManager( 1042): sending alarm Alarm{42586b88 type 2 com.facebook.katana}
V/AlarmManager( 1042): sending alarm Alarm{424eca68 type 3 com.google.android.googlequicksearchbox}
D/AwesomePlayer(  268): Before reset_l
I/AwesomePlayer(  268): setDataSource(FD URL suppressed)
I/SFPerfTracer(  262):      triggers: (rate: 393:15025) (compose: 0:151) (post: 0:6) (render: 1:653) (12:195463 frames) (13:545897)
D/SFPerfTracer(  262):        layers: (4:12) (DimLayer: 0:73)* (DimLayer: 0:4)* (FocusedStackFrame: 0:7441)* (StatusBar: 1:63055) (NavigationBar: 9:59333) (com.android.systemui.ImageWallpaper: 0:3817)* (DimLayer: 0:2400)* (DimLayer: 0:1745)* (com.whatsapp/com.whatsapp.Conversation: 2:86) (PopupWindow:41fcf9c8: 0:10)* (SurfaceView: 0:17)* (InputMethod: 12:33) 
D/QCUtils (  268): extended extractor not needed, return default
D/MediaPlayerService(  268): sendMsgToAudioEffects, Success! isApply = true, audioSessionId = 4681, streamType = 0x5
D/MediaPlayerService(  268): sendMsgToAudioEffects effect ready
I/dalvikvm( 5137): Total arena pages for JIT: 11
I/dalvikvm( 5137): Total arena pages for JIT: 12
I/dalvikvm( 5137): Total arena pages for JIT: 13
I/dalvikvm( 5137): Total arena pages for JIT: 14
I/dalvikvm( 5137): Total arena pages for JIT: 15
I/dalvikvm( 5137): Total arena pages for JIT: 16
I/dalvikvm( 5137): Total arena pages for JIT: 17
I/dalvikvm( 5137): Total arena pages for JIT: 18
I/dalvikvm( 5137): Total arena pages for JIT: 19
I/dalvikvm( 5137): Total arena pages for JIT: 20
I/dalvikvm( 5137): Total arena pages for JIT: 21
I/dalvikvm( 5137): Total arena pages for JIT: 22
I/dalvikvm( 5137): Total arena pages for JIT: 23
E/MediaPlayer( 3389): Should have subtitle controller already set
I/SoftAAC2(  268): Reconfiguring decoder: 0->44100 Hz, 0->1 channels
I/OMXNodeInstance(  268): OMX_FreeBuffer for buffer header 0xb83c55e8 successful
I/OMXNodeInstance(  268): OMX_FreeBuffer for buffer header 0xb83c57f8 successful
I/OMXNodeInstance(  268): OMX_FreeBuffer for buffer header 0xb83c5938 successful
I/OMXNodeInstance(  268): OMX_FreeBuffer for buffer header 0xb83c5a60 successful
D/WifiStateMachine( 1042): handleMessage: E msg.what=151572
D/WifiStateMachine( 1042): processMsg: ConnectedState
D/WifiStateMachine( 1042): processMsg: L2ConnectedState
D/WifiStateMachine( 1042): handleMessage: X
D/dalvikvm( 1042): GC_EXPLICIT freed 3323K, 33% free 23214K/34512K, paused 10ms+18ms, total 180ms
D/audio_hw_primary(  268): out_set_parameters: enter: usecase(0: deep-buffer-playback) kvpairs: routing=2
D/audio_hw_extn(  268): audio_extn_set_anc_parameters: anc_enabled:0
V/msm8974_platform(  268): platform_get_output_snd_device: enter: output devices(0x2)
V/msm8974_platform(  268): platform_get_output_snd_device: exit: snd_device(speaker)
D/audio_hw_primary(  268): select_devices: out_snd_device(2: speaker) in_snd_device(0: )
D/hardware_info(  268): hw_info_append_hw_type : device_name = speaker
I/dalvikvm( 5137): Total arena pages for JIT: 24
I/dalvikvm( 5137): Total arena pages for JIT: 25
I/dalvikvm( 5137): Total arena pages for JIT: 26
I/dalvikvm( 5137): Total arena pages for JIT: 27
